******************************************************************************
                  TI ARM Linker PC v16.9.4                     
******************************************************************************
>> Linked Tue Apr 17 20:47:57 2018

OUTPUT FILE NAME:   <FinalProj1.out>
ENTRY POINT SYMBOL: "_c_int00"  address: 000063cd


MEMORY CONFIGURATION

         name            origin    length      used     unused   attr    fill
----------------------  --------  ---------  --------  --------  ----  --------
  FLASH                 00000000   00040000  00006b85  0003947b  R  X
  SRAM                  20000000   00008000  00001b4c  000064b4  RW X


SEGMENT ALLOCATION MAP

run origin  load origin   length   init length attrs members
----------  ----------- ---------- ----------- ----- -------
00000000    00000000    00006b90   00006b90    r-x
  00000000    00000000    0000026c   0000026c    r-- .intvecs
  0000026c    0000026c    00006526   00006526    r-x .text
  00006798    00006798    000003a3   000003a3    r-- .const
  00006b40    00006b40    00000050   00000050    r-- .cinit
20000000    20000000    00001b50   00000000    rw-
  20000000    20000000    0000026c   00000000    rw- .vtable
  2000026c    2000026c    00001000   00000000    rw- .stack
  20001270    20001270    00000800   00000000    rw- .sysmem
  20001a70    20001a70    000000a0   00000000    rw- .bss
  20001b10    20001b10    00000040   00000000    rw- .data


SECTION ALLOCATION MAP

 output                                  attributes/
section   page    origin      length       input sections
--------  ----  ----------  ----------   ----------------
.intvecs   0    00000000    0000026c     
                  00000000    0000026c     tm4c123gh6pm_startup_ccs.obj (.intvecs)

.text      0    0000026c    00006526     
                  0000026c    0000113e     rtsv7M4_T_le_v4SPD16_eabi.lib : _printfi.obj (.text)
                  000013aa    00000002                                   : mpu_init.obj (.text)
                  000013ac    00000e18     main.obj (.text)
                  000021c4    00000a84     open_interface.obj (.text)
                  00002c48    000009ac     rtsv7M4_T_le_v4SPD16_eabi.lib : e_pow.obj (.text)
                  000035f4    00000738                                   : k_rem_pio2.obj (.text)
                  00003d2c    00000508                                   : s_tan.obj (.text)
                  00004234    000003d0                                   : memory.obj (.text)
                  00004604    00000320                                   : k_tan.obj (.text)
                  00004924    000002ec     lcd.obj (.text)
                  00004c10    0000024c     uart.obj (.text)
                  00004e5c    00000214     movement.obj (.text)
                  00005070    000001f4     rtsv7M4_T_le_v4SPD16_eabi.lib : ull_div_t2.obj (.text)
                  00005264    000001cc     servo.obj (.text)
                  00005430    000001b6     rtsv7M4_T_le_v4SPD16_eabi.lib : fd_add_t2.obj (.text)
                  000055e6    00000002                                   : startup.obj (.text)
                  000055e8    000001b0     sonar.obj (.text)
                  00005798    00000170     rtsv7M4_T_le_v4SPD16_eabi.lib : e_sqrt.obj (.text)
                  00005908    00000158     timer.obj (.text)
                  00005a60    00000136     rtsv7M4_T_le_v4SPD16_eabi.lib : fd_div_t2.obj (.text)
                  00005b96    00000002     --HOLE-- [fill = 0]
                  00005b98    000000fc     ir.obj (.text)
                  00005c94    000000fc     rtsv7M4_T_le_v4SPD16_eabi.lib : fd_mul_t2.obj (.text)
                  00005d90    000000fc                                   : s_scalbn.obj (.text)
                  00005e8c    000000f8                                   : s_floor.obj (.text)
                  00005f84    0000009c                                   : memcpy_t2.obj (.text)
                  00006020    00000088                                   : vsnprintf.obj (.text)
                  000060a8    00000086                                   : fd_cmp_t2.obj (.text:__aeabi_cdcmple)
                  0000612e    00000086                                   : fd_cmp_t2.obj (.text:__aeabi_cdrcmple)
                  000061b4    0000007a                                   : memset_t2.obj (.text)
                  0000622e    00000002     --HOLE-- [fill = 0]
                  00006230    00000070                                   : autoinit.obj (.text)
                  000062a0    00000068                                   : copy_decompress_lzss.obj (.text:decompress:lzss)
                  00006308    00000064                                   : s_frexp.obj (.text)
                  0000636c    00000060                                   : sprintf.obj (.text)
                  000063cc    00000054                                   : boot.obj (.text)
                  00006420    00000054                                   : exit.obj (.text)
                  00006474    00000054                                   : ltoa.obj (.text)
                  000064c8    0000004c                                   : atoi.obj (.text)
                  00006514    0000004c                                   : cpy_tbl.obj (.text)
                  00006560    00000048                                   : fd_toi_t2.obj (.text)
                  000065a8    00000044                                   : fd_tou_t2.obj (.text)
                  000065ec    00000034     driverlib.lib : interrupt.obj (.text:IntRegister)
                  00006620    0000002e     rtsv7M4_T_le_v4SPD16_eabi.lib : i_tofd_t2.obj (.text)
                  0000664e    00000020                                   : u_tofd_t2.obj (.text)
                  0000666e    0000001c                                   : memccpy.obj (.text)
                  0000668a    00000018     open_interface.obj (.text:oi_parseInt)
                  000066a2    00000002     --HOLE-- [fill = 0]
                  000066a4    00000018     rtsv7M4_T_le_v4SPD16_eabi.lib : args_main.obj (.text)
                  000066bc    00000018                                   : strcmp.obj (.text)
                  000066d4    00000016                                   : strchr.obj (.text)
                  000066ea    00000002     --HOLE-- [fill = 0]
                  000066ec    00000014                                   : _lock.obj (.text)
                  00006700    00000014                                   : s_copysign.obj (.text)
                  00006714    00000014                                   : strcpy.obj (.text)
                  00006728    00000014                                   : strlen.obj (.text)
                  0000673c    00000010     driverlib.lib : interrupt.obj (.text:IntMasterEnable)
                  0000674c    00000010     lcd.obj (.text:lcd_clear)
                  0000675c    0000000e     rtsv7M4_T_le_v4SPD16_eabi.lib : copy_decompress_none.obj (.text:decompress:none)
                  0000676a    0000000c     driverlib.lib : cpu.obj (.text:CPUcpsie)
                  00006776    0000000c     rtsv7M4_T_le_v4SPD16_eabi.lib : copy_zero_init.obj (.text:decompress:ZI)
                  00006782    0000000c     tm4c123gh6pm_startup_ccs.obj (.text)
                  0000678e    00000004     rtsv7M4_T_le_v4SPD16_eabi.lib : pre_init.obj (.text)

.const     0    00006798    000003a3     
                  00006798    00000158     rtsv7M4_T_le_v4SPD16_eabi.lib : k_rem_pio2.obj (.const:$O1$$)
                  000068f0    00000101                                   : ctype.obj (.const:.string:_ctypes_)
                  000069f1    00000004     lcd.obj (.const:.string:lineAddress$1)
                  000069f5    00000003     --HOLE-- [fill = 0]
                  000069f8    00000080     rtsv7M4_T_le_v4SPD16_eabi.lib : k_tan.obj (.const:xxx)
                  00006a78    00000040     main.obj (.const:$P$T2$3)
                  00006ab8    00000030     rtsv7M4_T_le_v4SPD16_eabi.lib : e_pow.obj (.const:$O1$$)
                  00006ae8    00000020     main.obj (.const:$P$T0$1)
                  00006b08    00000020     main.obj (.const:$P$T1$2)
                  00006b28    0000000f     open_interface.obj (.const:.string:$P$T0$3)
                  00006b37    00000004     lcd.obj (.const:.string:lineAddresses$2)

.cinit     0    00006b40    00000050     
                  00006b40    0000001c     (.cinit..data.load) [load image, compression = lzss]
                  00006b5c    0000000c     (__TI_handler_table)
                  00006b68    00000008     (.cinit..bss.load) [load image, compression = zero_init]
                  00006b70    00000008     (.cinit..vtable.load) [load image, compression = zero_init]
                  00006b78    00000018     (__TI_cinit_table)

.init_array 
*          0    00000000    00000000     UNINITIALIZED

.vtable    0    20000000    0000026c     UNINITIALIZED
                  20000000    0000026c     driverlib.lib : interrupt.obj (.vtable)

.stack     0    2000026c    00001000     UNINITIALIZED
                  2000026c    00001000     --HOLE--

.sysmem    0    20001270    00000800     UNINITIALIZED
                  20001270    00000008     rtsv7M4_T_le_v4SPD16_eabi.lib : memory.obj (.sysmem)
                  20001278    000007f8     --HOLE--

.bss       0    20001a70    000000a0     UNINITIALIZED
                  20001a70    00000054     lcd.obj (.bss:lastbuffer$3)
                  20001ac4    00000034     (.common:isr_char_buffer)
                  20001af8    00000018     open_interface.obj (.bss:firmware$2)

.data      0    20001b10    00000040     UNINITIALIZED
                  20001b10    00000010     open_interface.obj (.data)
                  20001b20    0000000c     rtsv7M4_T_le_v4SPD16_eabi.lib : exit.obj (.data:$O1$$)
                  20001b2c    0000000c                                   : memory.obj (.data:$O1$$)
                  20001b38    00000008                                   : _lock.obj (.data:$O1$$)
                  20001b40    00000004     movement.obj (.data)
                  20001b44    00000004     rtsv7M4_T_le_v4SPD16_eabi.lib : errno.obj (.data)
                  20001b48    00000004                                   : stkdepth_vars.obj (.data)
                  20001b4c    00000004     uart.obj (.data)

MODULE SUMMARY

       Module                         code    ro data   rw data
       ------                         ----    -------   -------
    .\
       main.obj                       3608    128       0      
       open_interface.obj             2716    15        40     
       lcd.obj                        764     8         84     
       uart.obj                       588     0         56     
       tm4c123gh6pm_startup_ccs.obj   12      620       0      
       movement.obj                   532     0         4      
       servo.obj                      460     0         0      
       sonar.obj                      432     0         0      
       timer.obj                      344     0         0      
       ir.obj                         252     0         0      
    +--+------------------------------+-------+---------+---------+
       Total:                         9708    771       184    
                                                               
    C:/ti/TivaWare_C_Series-2.1.2.111/driverlib/ccs/Debug/driverlib.lib
       interrupt.obj                  68      0         620    
       cpu.obj                        12      0         0      
    +--+------------------------------+-------+---------+---------+
       Total:                         80      0         620    
                                                               
    C:\ti\ccsv7\tools\compiler\ti-cgt-arm_16.9.4.LTS\lib\rtsv7M4_T_le_v4SPD16_eabi.lib
       _printfi.obj                   4414    0         0      
       e_pow.obj                      2476    48        0      
       k_rem_pio2.obj                 1848    344       0      
       s_tan.obj                      1288    0         0      
       memory.obj                     976     0         12     
       k_tan.obj                      800     128       0      
       ull_div_t2.obj                 500     0         0      
       fd_add_t2.obj                  438     0         0      
       e_sqrt.obj                     368     0         0      
       fd_div_t2.obj                  310     0         0      
       fd_cmp_t2.obj                  268     0         0      
       ctype.obj                      0       257       0      
       fd_mul_t2.obj                  252     0         0      
       s_scalbn.obj                   252     0         0      
       s_floor.obj                    248     0         0      
       memcpy_t2.obj                  156     0         0      
       vsnprintf.obj                  136     0         0      
       memset_t2.obj                  122     0         0      
       autoinit.obj                   112     0         0      
       copy_decompress_lzss.obj       104     0         0      
       s_frexp.obj                    100     0         0      
       exit.obj                       84      0         12     
       sprintf.obj                    96      0         0      
       boot.obj                       84      0         0      
       ltoa.obj                       84      0         0      
       atoi.obj                       76      0         0      
       cpy_tbl.obj                    76      0         0      
       fd_toi_t2.obj                  72      0         0      
       fd_tou_t2.obj                  68      0         0      
       i_tofd_t2.obj                  46      0         0      
       u_tofd_t2.obj                  32      0         0      
       _lock.obj                      20      0         8      
       memccpy.obj                    28      0         0      
       args_main.obj                  24      0         0      
       strcmp.obj                     24      0         0      
       strchr.obj                     22      0         0      
       s_copysign.obj                 20      0         0      
       strcpy.obj                     20      0         0      
       strlen.obj                     20      0         0      
       copy_decompress_none.obj       14      0         0      
       copy_zero_init.obj             12      0         0      
       errno.obj                      0       0         4      
       pre_init.obj                   4       0         0      
       stkdepth_vars.obj              0       0         4      
       mpu_init.obj                   2       0         0      
       startup.obj                    2       0         0      
    +--+------------------------------+-------+---------+---------+
       Total:                         16098   777       40     
                                                               
       Heap:                          0       0         2048   
       Stack:                         0       0         4096   
       Linker Generated:              0       80        0      
    +--+------------------------------+-------+---------+---------+
       Grand Total:                   25886   1628      6988   


LINKER GENERATED COPY TABLES

__TI_cinit_table @ 00006b78 records: 3, size/record: 8, table size: 24
	.data: load addr=00006b40, load size=0000001c bytes, run addr=20001b10, run size=00000040 bytes, compression=lzss
	.bss: load addr=00006b68, load size=00000008 bytes, run addr=20001a70, run size=000000a0 bytes, compression=zero_init
	.vtable: load addr=00006b70, load size=00000008 bytes, run addr=20000000, run size=0000026c bytes, compression=zero_init


LINKER GENERATED HANDLER TABLE

__TI_handler_table @ 00006b5c records: 3, size/record: 4, table size: 12
	index: 0, handler: __TI_zero_init
	index: 1, handler: __TI_decompress_lzss
	index: 2, handler: __TI_decompress_none


GLOBAL SYMBOLS: SORTED ALPHABETICALLY BY Name 

address   name                           
-------   ----                           
00006421  C$$EXIT                        
0000676b  CPUcpsie                       
0000565f  ClkCyclesToCM                  
00002abb  GPIOF_Handler                  
00005c0b  IRVoltstoCM                    
0000673d  IntMasterEnable                
000065ed  IntRegister                    
00006783  ResetISR                       
20001b40  SENSOR_TRIP                    
UNDEFED   SHT$$INIT_ARRAY$$Base          
UNDEFED   SHT$$INIT_ARRAY$$Limit         
00005265  Timer1_init                    
00004dd5  UART1_Clear                    
00004d95  UART1_Handler                  
2000126c  __STACK_END                    
00001000  __STACK_SIZE                   
2000046c  __STACK_TOP                    
00000800  __SYSMEM_SIZE                  
00006b78  __TI_CINIT_Base                
00006b90  __TI_CINIT_Limit               
00006b5c  __TI_Handler_Table_Base        
00006b68  __TI_Handler_Table_Limit       
00006231  __TI_auto_init                 
20001b20  __TI_cleanup_ptr               
000062a1  __TI_decompress_lzss           
0000675d  __TI_decompress_none           
20001b24  __TI_dtors_ptr                 
20001b28  __TI_enable_exit_profile_output
ffffffff  __TI_pprof_out_hndl            
00000ab1  __TI_printfi                   
ffffffff  __TI_prof_data_size            
ffffffff  __TI_prof_data_start           
00000000  __TI_static_base__             
00006777  __TI_zero_init                 
000060a9  __aeabi_cdcmpeq                
000060a9  __aeabi_cdcmple                
0000612f  __aeabi_cdrcmple               
00006561  __aeabi_d2iz                   
000065a9  __aeabi_d2uiz                  
0000543b  __aeabi_dadd                   
00005a61  __aeabi_ddiv                   
00005c95  __aeabi_dmul                   
00005431  __aeabi_dsub                   
00006621  __aeabi_i2d                    
000061b5  __aeabi_memclr                 
000061b5  __aeabi_memclr4                
000061b5  __aeabi_memclr8                
00005f85  __aeabi_memcpy                 
00005f85  __aeabi_memcpy4                
00005f85  __aeabi_memcpy8                
000061b7  __aeabi_memset                 
000061b7  __aeabi_memset4                
000061b7  __aeabi_memset8                
0000664f  __aeabi_ui2d                   
00005071  __aeabi_uldivmod               
ffffffff  __binit__                      
ffffffff  __c_args__                     
000035f5  __kernel_rem_pio2              
00004605  __kernel_tan                   
000013ab  __mpu_init                     
2000026c  __stack                        
000066a5  _args_main                     
000063cd  _c_int00                       
000068f0  _ctypes_                       
20001b38  _lock                          
000066fb  _nop                           
000066f3  _register_lock                 
000066ed  _register_unlock               
20001270  _sys_memory                    
000055e7  _system_post_cinit             
0000678f  _system_pre_init               
20001b3c  _unlock                        
00006425  abort                          
00005055  absVal                         
000064c9  atoi                           
ffffffff  binit                          
000045d5  calloc                         
00004e5d  cleanup                        
00006515  copy_in                        
00006701  copysign                       
00006701  copysignl                      
20001b44  errno                          
0000642d  exit                           
00005e8d  floor                          
00005e8d  floorl                         
0000431f  free                           
00006309  frexp                          
00006309  frexpl                         
20000000  g_pfnRAMVectors                
00000000  g_pfnVectors                   
00002add  getDegrees                     
00002869  go_charge                      
00005b99  ir_init                        
20001ac4  isr_char_buffer                
20001b4c  isr_counter                    
0000674d  lcd_clear                      
00004abd  lcd_gotoLine                   
00004925  lcd_init                       
00004b23  lcd_printf                     
000049e5  lcd_putc                       
00004a1d  lcd_puts                       
00004a3b  lcd_sendCommand                
00004a79  lcd_sendNibble                 
00004ae5  lcd_setCursorPos               
00005d91  ldexp                          
00005d91  ldexpl                         
00006475  ltoa                           
000013ad  main                           
20001b48  main_func_sp                   
000042b5  malloc                         
000044e9  memalign                       
0000666f  memccpy                        
00005f85  memcpy                         
000061bd  memset                         
00004235  minit                          
00004e83  move_forward                   
000052f9  move_servo                     
000021c5  oi_alloc                       
00002993  oi_checkFirmware               
0000221b  oi_close                       
000021d1  oi_free                        
00002205  oi_init                        
000021e1  oi_init_noupdate               
000027ff  oi_loadSong                    
0000668b  oi_parseInt                    
0000227f  oi_parsePacket                 
00002855  oi_play_song                   
00002779  oi_setLeds                     
000027bd  oi_setWheels                   
00002a49  oi_shutoff_init                
00002877  oi_uartInit                    
0000291b  oi_uartReceive                 
00002961  oi_uartSendBuff                
000028ff  oi_uartSendChar                
00002943  oi_uartSendStr                 
0000222d  oi_update                      
000055e9  ping_init                      
000056f9  ping_read                      
00002c49  pow                            
00002c49  powl                           
000043e1  realloc                        
00005d91  scalbn                         
00005d91  scalbnl                        
0000568b  send_pulse                     
000053c5  servo_0D                       
000053d9  servo_180D                     
000053cf  servo_90D                      
00004e71  setup                          
0000636d  sprintf                        
00005799  sqrt                           
00005799  sqrtl                          
000066d5  strchr                         
000066bd  strcmp                         
00006715  strcpy                         
00006729  strlen                         
00003d2d  tan                            
00003d2d  tanl                           
00005a19  timer_getClock                 
000059cd  timer_startClock               
00005967  timer_startTimer               
00005a1f  timer_stopClock                
000059b7  timer_stopTimer                
0000593d  timer_waitMicros               
00005909  timer_waitMillis               
00004fe5  turn_clockwise                 
00004d53  uart_flush                     
00004c11  uart_init                      
00004d11  uart_receive                   
00004ce7  uart_sendBuffer                
00004ccb  uart_sendChar                  
00004d71  uart_sendStr                   
00006021  vsnprintf                      


GLOBAL SYMBOLS: SORTED BY Symbol Address 

address   name                           
-------   ----                           
00000000  __TI_static_base__             
00000000  g_pfnVectors                   
00000800  __SYSMEM_SIZE                  
00000ab1  __TI_printfi                   
00001000  __STACK_SIZE                   
000013ab  __mpu_init                     
000013ad  main                           
000021c5  oi_alloc                       
000021d1  oi_free                        
000021e1  oi_init_noupdate               
00002205  oi_init                        
0000221b  oi_close                       
0000222d  oi_update                      
0000227f  oi_parsePacket                 
00002779  oi_setLeds                     
000027bd  oi_setWheels                   
000027ff  oi_loadSong                    
00002855  oi_play_song                   
00002869  go_charge                      
00002877  oi_uartInit                    
000028ff  oi_uartSendChar                
0000291b  oi_uartReceive                 
00002943  oi_uartSendStr                 
00002961  oi_uartSendBuff                
00002993  oi_checkFirmware               
00002a49  oi_shutoff_init                
00002abb  GPIOF_Handler                  
00002add  getDegrees                     
00002c49  pow                            
00002c49  powl                           
000035f5  __kernel_rem_pio2              
00003d2d  tan                            
00003d2d  tanl                           
00004235  minit                          
000042b5  malloc                         
0000431f  free                           
000043e1  realloc                        
000044e9  memalign                       
000045d5  calloc                         
00004605  __kernel_tan                   
00004925  lcd_init                       
000049e5  lcd_putc                       
00004a1d  lcd_puts                       
00004a3b  lcd_sendCommand                
00004a79  lcd_sendNibble                 
00004abd  lcd_gotoLine                   
00004ae5  lcd_setCursorPos               
00004b23  lcd_printf                     
00004c11  uart_init                      
00004ccb  uart_sendChar                  
00004ce7  uart_sendBuffer                
00004d11  uart_receive                   
00004d53  uart_flush                     
00004d71  uart_sendStr                   
00004d95  UART1_Handler                  
00004dd5  UART1_Clear                    
00004e5d  cleanup                        
00004e71  setup                          
00004e83  move_forward                   
00004fe5  turn_clockwise                 
00005055  absVal                         
00005071  __aeabi_uldivmod               
00005265  Timer1_init                    
000052f9  move_servo                     
000053c5  servo_0D                       
000053cf  servo_90D                      
000053d9  servo_180D                     
00005431  __aeabi_dsub                   
0000543b  __aeabi_dadd                   
000055e7  _system_post_cinit             
000055e9  ping_init                      
0000565f  ClkCyclesToCM                  
0000568b  send_pulse                     
000056f9  ping_read                      
00005799  sqrt                           
00005799  sqrtl                          
00005909  timer_waitMillis               
0000593d  timer_waitMicros               
00005967  timer_startTimer               
000059b7  timer_stopTimer                
000059cd  timer_startClock               
00005a19  timer_getClock                 
00005a1f  timer_stopClock                
00005a61  __aeabi_ddiv                   
00005b99  ir_init                        
00005c0b  IRVoltstoCM                    
00005c95  __aeabi_dmul                   
00005d91  ldexp                          
00005d91  ldexpl                         
00005d91  scalbn                         
00005d91  scalbnl                        
00005e8d  floor                          
00005e8d  floorl                         
00005f85  __aeabi_memcpy                 
00005f85  __aeabi_memcpy4                
00005f85  __aeabi_memcpy8                
00005f85  memcpy                         
00006021  vsnprintf                      
000060a9  __aeabi_cdcmpeq                
000060a9  __aeabi_cdcmple                
0000612f  __aeabi_cdrcmple               
000061b5  __aeabi_memclr                 
000061b5  __aeabi_memclr4                
000061b5  __aeabi_memclr8                
000061b7  __aeabi_memset                 
000061b7  __aeabi_memset4                
000061b7  __aeabi_memset8                
000061bd  memset                         
00006231  __TI_auto_init                 
000062a1  __TI_decompress_lzss           
00006309  frexp                          
00006309  frexpl                         
0000636d  sprintf                        
000063cd  _c_int00                       
00006421  C$$EXIT                        
00006425  abort                          
0000642d  exit                           
00006475  ltoa                           
000064c9  atoi                           
00006515  copy_in                        
00006561  __aeabi_d2iz                   
000065a9  __aeabi_d2uiz                  
000065ed  IntRegister                    
00006621  __aeabi_i2d                    
0000664f  __aeabi_ui2d                   
0000666f  memccpy                        
0000668b  oi_parseInt                    
000066a5  _args_main                     
000066bd  strcmp                         
000066d5  strchr                         
000066ed  _register_unlock               
000066f3  _register_lock                 
000066fb  _nop                           
00006701  copysign                       
00006701  copysignl                      
00006715  strcpy                         
00006729  strlen                         
0000673d  IntMasterEnable                
0000674d  lcd_clear                      
0000675d  __TI_decompress_none           
0000676b  CPUcpsie                       
00006777  __TI_zero_init                 
00006783  ResetISR                       
0000678f  _system_pre_init               
000068f0  _ctypes_                       
00006b5c  __TI_Handler_Table_Base        
00006b68  __TI_Handler_Table_Limit       
00006b78  __TI_CINIT_Base                
00006b90  __TI_CINIT_Limit               
20000000  g_pfnRAMVectors                
2000026c  __stack                        
2000046c  __STACK_TOP                    
2000126c  __STACK_END                    
20001270  _sys_memory                    
20001ac4  isr_char_buffer                
20001b20  __TI_cleanup_ptr               
20001b24  __TI_dtors_ptr                 
20001b28  __TI_enable_exit_profile_output
20001b38  _lock                          
20001b3c  _unlock                        
20001b40  SENSOR_TRIP                    
20001b44  errno                          
20001b48  main_func_sp                   
20001b4c  isr_counter                    
ffffffff  __TI_pprof_out_hndl            
ffffffff  __TI_prof_data_size            
ffffffff  __TI_prof_data_start           
ffffffff  __binit__                      
ffffffff  __c_args__                     
ffffffff  binit                          
UNDEFED   SHT$$INIT_ARRAY$$Base          
UNDEFED   SHT$$INIT_ARRAY$$Limit         

[172 symbols]
