******************************************************************************
                  TI ARM Linker PC v16.9.4                     
******************************************************************************
>> Linked Thu Apr 12 14:21:00 2018

OUTPUT FILE NAME:   <FinalProj.out>
ENTRY POINT SYMBOL: "_c_int00"  address: 0000610d


MEMORY CONFIGURATION

         name            origin    length      used     unused   attr    fill
----------------------  --------  ---------  --------  --------  ----  --------
  FLASH                 00000000   00040000  000068c5  0003973b  R  X
  SRAM                  20000000   00008000  00000f48  000070b8  RW X


SEGMENT ALLOCATION MAP

run origin  load origin   length   init length attrs members
----------  ----------- ---------- ----------- ----- -------
00000000    00000000    000068d0   000068d0    r-x
  00000000    00000000    0000026c   0000026c    r-- .intvecs
  0000026c    0000026c    00006266   00006266    r-x .text
  000064d8    000064d8    000003a3   000003a3    r-- .const
  00006880    00006880    00000050   00000050    r-- .cinit
20000000    20000000    00000f4c   00000000    rw-
  20000000    20000000    0000026c   00000000    rw- .vtable
  2000026c    2000026c    00000800   00000000    rw- .stack
  20000a70    20000a70    00000400   00000000    rw- .sysmem
  20000e70    20000e70    000000a0   00000000    rw- .bss
  20000f10    20000f10    0000003c   00000000    rw- .data


SECTION ALLOCATION MAP

 output                                  attributes/
section   page    origin      length       input sections
--------  ----  ----------  ----------   ----------------
.intvecs   0    00000000    0000026c     
                  00000000    0000026c     tm4c123gh6pm_startup_ccs.obj (.intvecs)

.text      0    0000026c    00006266     
                  0000026c    0000113e     rtsv7M4_T_le_v4SPD16_eabi.lib : _printfi.obj (.text)
                  000013aa    00000002                                   : mpu_init.obj (.text)
                  000013ac    00000c94     main.obj (.text)
                  00002040    00000a84     open_interface.obj (.text)
                  00002ac4    000009ac     rtsv7M4_T_le_v4SPD16_eabi.lib : e_pow.obj (.text)
                  00003470    00000738                                   : k_rem_pio2.obj (.text)
                  00003ba8    00000508                                   : s_tan.obj (.text)
                  000040b0    000003d0                                   : memory.obj (.text)
                  00004480    00000320                                   : k_tan.obj (.text)
                  000047a0    000002ec     lcd.obj (.text)
                  00004a8c    000001fc     uart.obj (.text)
                  00004c88    000001f4     rtsv7M4_T_le_v4SPD16_eabi.lib : ull_div_t2.obj (.text)
                  00004e7c    000001cc     servo.obj (.text)
                  00005048    000001b6     rtsv7M4_T_le_v4SPD16_eabi.lib : fd_add_t2.obj (.text)
                  000051fe    00000002                                   : startup.obj (.text)
                  00005200    000001b0     sonar.obj (.text)
                  000053b0    00000170     rtsv7M4_T_le_v4SPD16_eabi.lib : e_sqrt.obj (.text)
                  00005520    00000158     timer.obj (.text)
                  00005678    00000136     rtsv7M4_T_le_v4SPD16_eabi.lib : fd_div_t2.obj (.text)
                  000057ae    0000012a     movement.obj (.text)
                  000058d8    000000fc     ir.obj (.text)
                  000059d4    000000fc     rtsv7M4_T_le_v4SPD16_eabi.lib : fd_mul_t2.obj (.text)
                  00005ad0    000000fc                                   : s_scalbn.obj (.text)
                  00005bcc    000000f8                                   : s_floor.obj (.text)
                  00005cc4    0000009c                                   : memcpy_t2.obj (.text)
                  00005d60    00000088                                   : vsnprintf.obj (.text)
                  00005de8    00000086                                   : fd_cmp_t2.obj (.text:__aeabi_cdcmple)
                  00005e6e    00000086                                   : fd_cmp_t2.obj (.text:__aeabi_cdrcmple)
                  00005ef4    0000007a                                   : memset_t2.obj (.text)
                  00005f6e    00000002     --HOLE-- [fill = 0]
                  00005f70    00000070                                   : autoinit.obj (.text)
                  00005fe0    00000068                                   : copy_decompress_lzss.obj (.text:decompress:lzss)
                  00006048    00000064                                   : s_frexp.obj (.text)
                  000060ac    00000060                                   : sprintf.obj (.text)
                  0000610c    00000054                                   : boot.obj (.text)
                  00006160    00000054                                   : exit.obj (.text)
                  000061b4    00000054                                   : ltoa.obj (.text)
                  00006208    0000004c                                   : atoi.obj (.text)
                  00006254    0000004c                                   : cpy_tbl.obj (.text)
                  000062a0    00000048                                   : fd_toi_t2.obj (.text)
                  000062e8    00000044                                   : fd_tou_t2.obj (.text)
                  0000632c    00000034     driverlib.lib : interrupt.obj (.text:IntRegister)
                  00006360    0000002e     rtsv7M4_T_le_v4SPD16_eabi.lib : i_tofd_t2.obj (.text)
                  0000638e    00000020                                   : u_tofd_t2.obj (.text)
                  000063ae    0000001c                                   : memccpy.obj (.text)
                  000063ca    00000018     open_interface.obj (.text:oi_parseInt)
                  000063e2    00000002     --HOLE-- [fill = 0]
                  000063e4    00000018     rtsv7M4_T_le_v4SPD16_eabi.lib : args_main.obj (.text)
                  000063fc    00000018                                   : strcmp.obj (.text)
                  00006414    00000016                                   : strchr.obj (.text)
                  0000642a    00000002     --HOLE-- [fill = 0]
                  0000642c    00000014                                   : _lock.obj (.text)
                  00006440    00000014                                   : s_copysign.obj (.text)
                  00006454    00000014                                   : strcpy.obj (.text)
                  00006468    00000014                                   : strlen.obj (.text)
                  0000647c    00000010     driverlib.lib : interrupt.obj (.text:IntMasterEnable)
                  0000648c    00000010     lcd.obj (.text:lcd_clear)
                  0000649c    0000000e     rtsv7M4_T_le_v4SPD16_eabi.lib : copy_decompress_none.obj (.text:decompress:none)
                  000064aa    0000000c     driverlib.lib : cpu.obj (.text:CPUcpsie)
                  000064b6    0000000c     rtsv7M4_T_le_v4SPD16_eabi.lib : copy_zero_init.obj (.text:decompress:ZI)
                  000064c2    0000000c     tm4c123gh6pm_startup_ccs.obj (.text)
                  000064ce    00000004     rtsv7M4_T_le_v4SPD16_eabi.lib : pre_init.obj (.text)

.const     0    000064d8    000003a3     
                  000064d8    00000158     rtsv7M4_T_le_v4SPD16_eabi.lib : k_rem_pio2.obj (.const:$O1$$)
                  00006630    00000101                                   : ctype.obj (.const:.string:_ctypes_)
                  00006731    00000004     lcd.obj (.const:.string:lineAddress$1)
                  00006735    00000003     --HOLE-- [fill = 0]
                  00006738    00000080     rtsv7M4_T_le_v4SPD16_eabi.lib : k_tan.obj (.const:xxx)
                  000067b8    00000040     main.obj (.const:$P$T2$3)
                  000067f8    00000030     rtsv7M4_T_le_v4SPD16_eabi.lib : e_pow.obj (.const:$O1$$)
                  00006828    00000020     main.obj (.const:$P$T0$1)
                  00006848    00000020     main.obj (.const:$P$T1$2)
                  00006868    0000000f     open_interface.obj (.const:.string:$P$T0$3)
                  00006877    00000004     lcd.obj (.const:.string:lineAddresses$2)

.cinit     0    00006880    00000050     
                  00006880    0000001c     (.cinit..data.load) [load image, compression = lzss]
                  0000689c    0000000c     (__TI_handler_table)
                  000068a8    00000008     (.cinit..bss.load) [load image, compression = zero_init]
                  000068b0    00000008     (.cinit..vtable.load) [load image, compression = zero_init]
                  000068b8    00000018     (__TI_cinit_table)

.init_array 
*          0    00000000    00000000     UNINITIALIZED

.vtable    0    20000000    0000026c     UNINITIALIZED
                  20000000    0000026c     driverlib.lib : interrupt.obj (.vtable)

.stack     0    2000026c    00000800     UNINITIALIZED
                  2000026c    00000800     --HOLE--

.sysmem    0    20000a70    00000400     UNINITIALIZED
                  20000a70    00000008     rtsv7M4_T_le_v4SPD16_eabi.lib : memory.obj (.sysmem)
                  20000a78    000003f8     --HOLE--

.bss       0    20000e70    000000a0     UNINITIALIZED
                  20000e70    00000054     lcd.obj (.bss:lastbuffer$3)
                  20000ec4    00000034     (.common:isr_char_buffer)
                  20000ef8    00000018     open_interface.obj (.bss:firmware$2)

.data      0    20000f10    0000003c     UNINITIALIZED
                  20000f10    00000010     open_interface.obj (.data)
                  20000f20    0000000c     rtsv7M4_T_le_v4SPD16_eabi.lib : exit.obj (.data:$O1$$)
                  20000f2c    0000000c                                   : memory.obj (.data:$O1$$)
                  20000f38    00000008                                   : _lock.obj (.data:$O1$$)
                  20000f40    00000004                                   : errno.obj (.data)
                  20000f44    00000004                                   : stkdepth_vars.obj (.data)
                  20000f48    00000004     uart.obj (.data)

MODULE SUMMARY

       Module                         code    ro data   rw data
       ------                         ----    -------   -------
    .\
       main.obj                       3220    128       0      
       open_interface.obj             2716    15        40     
       lcd.obj                        764     8         84     
       tm4c123gh6pm_startup_ccs.obj   12      620       0      
       uart.obj                       508     0         56     
       servo.obj                      460     0         0      
       sonar.obj                      432     0         0      
       timer.obj                      344     0         0      
       movement.obj                   298     0         0      
       ir.obj                         252     0         0      
    +--+------------------------------+-------+---------+---------+
       Total:                         9006    771       180    
                                                               
    C:/ti/TivaWare_C_Series-2.1.2.111/driverlib/ccs/Debug/driverlib.lib
       interrupt.obj                  68      0         620    
       cpu.obj                        12      0         0      
    +--+------------------------------+-------+---------+---------+
       Total:                         80      0         620    
                                                               
    C:\ti\ccsv7\tools\compiler\ti-cgt-arm_16.9.4.LTS\lib\rtsv7M4_T_le_v4SPD16_eabi.lib
       _printfi.obj                   4414    0         0      
       e_pow.obj                      2476    48        0      
       k_rem_pio2.obj                 1848    344       0      
       s_tan.obj                      1288    0         0      
       memory.obj                     976     0         12     
       k_tan.obj                      800     128       0      
       ull_div_t2.obj                 500     0         0      
       fd_add_t2.obj                  438     0         0      
       e_sqrt.obj                     368     0         0      
       fd_div_t2.obj                  310     0         0      
       fd_cmp_t2.obj                  268     0         0      
       ctype.obj                      0       257       0      
       fd_mul_t2.obj                  252     0         0      
       s_scalbn.obj                   252     0         0      
       s_floor.obj                    248     0         0      
       memcpy_t2.obj                  156     0         0      
       vsnprintf.obj                  136     0         0      
       memset_t2.obj                  122     0         0      
       autoinit.obj                   112     0         0      
       copy_decompress_lzss.obj       104     0         0      
       s_frexp.obj                    100     0         0      
       exit.obj                       84      0         12     
       sprintf.obj                    96      0         0      
       boot.obj                       84      0         0      
       ltoa.obj                       84      0         0      
       atoi.obj                       76      0         0      
       cpy_tbl.obj                    76      0         0      
       fd_toi_t2.obj                  72      0         0      
       fd_tou_t2.obj                  68      0         0      
       i_tofd_t2.obj                  46      0         0      
       u_tofd_t2.obj                  32      0         0      
       _lock.obj                      20      0         8      
       memccpy.obj                    28      0         0      
       args_main.obj                  24      0         0      
       strcmp.obj                     24      0         0      
       strchr.obj                     22      0         0      
       s_copysign.obj                 20      0         0      
       strcpy.obj                     20      0         0      
       strlen.obj                     20      0         0      
       copy_decompress_none.obj       14      0         0      
       copy_zero_init.obj             12      0         0      
       errno.obj                      0       0         4      
       pre_init.obj                   4       0         0      
       stkdepth_vars.obj              0       0         4      
       mpu_init.obj                   2       0         0      
       startup.obj                    2       0         0      
    +--+------------------------------+-------+---------+---------+
       Total:                         16098   777       40     
                                                               
       Heap:                          0       0         1024   
       Stack:                         0       0         2048   
       Linker Generated:              0       80        0      
    +--+------------------------------+-------+---------+---------+
       Grand Total:                   25184   1628      3912   


LINKER GENERATED COPY TABLES

__TI_cinit_table @ 000068b8 records: 3, size/record: 8, table size: 24
	.data: load addr=00006880, load size=0000001c bytes, run addr=20000f10, run size=0000003c bytes, compression=lzss
	.bss: load addr=000068a8, load size=00000008 bytes, run addr=20000e70, run size=000000a0 bytes, compression=zero_init
	.vtable: load addr=000068b0, load size=00000008 bytes, run addr=20000000, run size=0000026c bytes, compression=zero_init


LINKER GENERATED HANDLER TABLE

__TI_handler_table @ 0000689c records: 3, size/record: 4, table size: 12
	index: 0, handler: __TI_zero_init
	index: 1, handler: __TI_decompress_lzss
	index: 2, handler: __TI_decompress_none


GLOBAL SYMBOLS: SORTED ALPHABETICALLY BY Name 

address   name                           
-------   ----                           
00006161  C$$EXIT                        
000064ab  CPUcpsie                       
00005277  ClkCyclesToCM                  
00002937  GPIOF_Handler                  
0000594b  IRVoltstoCM                    
0000647d  IntMasterEnable                
0000632d  IntRegister                    
000064c3  ResetISR                       
UNDEFED   SHT$$INIT_ARRAY$$Base          
UNDEFED   SHT$$INIT_ARRAY$$Limit         
00004e7d  Timer1_init                    
00004bfd  UART1_Handler                  
20000a6c  __STACK_END                    
00000800  __STACK_SIZE                   
2000046c  __STACK_TOP                    
00000400  __SYSMEM_SIZE                  
000068b8  __TI_CINIT_Base                
000068d0  __TI_CINIT_Limit               
0000689c  __TI_Handler_Table_Base        
000068a8  __TI_Handler_Table_Limit       
00005f71  __TI_auto_init                 
20000f20  __TI_cleanup_ptr               
00005fe1  __TI_decompress_lzss           
0000649d  __TI_decompress_none           
20000f24  __TI_dtors_ptr                 
20000f28  __TI_enable_exit_profile_output
ffffffff  __TI_pprof_out_hndl            
00000ab1  __TI_printfi                   
ffffffff  __TI_prof_data_size            
ffffffff  __TI_prof_data_start           
00000000  __TI_static_base__             
000064b7  __TI_zero_init                 
00005de9  __aeabi_cdcmpeq                
00005de9  __aeabi_cdcmple                
00005e6f  __aeabi_cdrcmple               
000062a1  __aeabi_d2iz                   
000062e9  __aeabi_d2uiz                  
00005053  __aeabi_dadd                   
00005679  __aeabi_ddiv                   
000059d5  __aeabi_dmul                   
00005049  __aeabi_dsub                   
00006361  __aeabi_i2d                    
00005ef5  __aeabi_memclr                 
00005ef5  __aeabi_memclr4                
00005ef5  __aeabi_memclr8                
00005cc5  __aeabi_memcpy                 
00005cc5  __aeabi_memcpy4                
00005cc5  __aeabi_memcpy8                
00005ef7  __aeabi_memset                 
00005ef7  __aeabi_memset4                
00005ef7  __aeabi_memset8                
0000638f  __aeabi_ui2d                   
00004c89  __aeabi_uldivmod               
ffffffff  __binit__                      
ffffffff  __c_args__                     
00003471  __kernel_rem_pio2              
00004481  __kernel_tan                   
000013ab  __mpu_init                     
2000026c  __stack                        
000063e5  _args_main                     
0000610d  _c_int00                       
00006630  _ctypes_                       
20000f38  _lock                          
0000643b  _nop                           
00006433  _register_lock                 
0000642d  _register_unlock               
20000a70  _sys_memory                    
000051ff  _system_post_cinit             
000064cf  _system_pre_init               
20000f3c  _unlock                        
00006165  abort                          
000058c1  absVal                         
00006209  atoi                           
ffffffff  binit                          
00004451  calloc                         
000057af  cleanup                        
00006255  copy_in                        
00006441  copysign                       
00006441  copysignl                      
20000f40  errno                          
0000616d  exit                           
00005bcd  floor                          
00005bcd  floorl                         
0000419b  free                           
00006049  frexp                          
00006049  frexpl                         
20000000  g_pfnRAMVectors                
00000000  g_pfnVectors                   
00002959  getDegrees                     
000026e5  go_charge                      
000058d9  ir_init                        
20000ec4  isr_char_buffer                
20000f48  isr_counter                    
0000648d  lcd_clear                      
00004939  lcd_gotoLine                   
000047a1  lcd_init                       
0000499f  lcd_printf                     
00004861  lcd_putc                       
00004899  lcd_puts                       
000048b7  lcd_sendCommand                
000048f5  lcd_sendNibble                 
00004961  lcd_setCursorPos               
00005ad1  ldexp                          
00005ad1  ldexpl                         
000061b5  ltoa                           
000013ad  main                           
20000f44  main_func_sp                   
00004131  malloc                         
00004365  memalign                       
000063af  memccpy                        
00005cc5  memcpy                         
00005efd  memset                         
000040b1  minit                          
000057d5  move_forward                   
00004f11  move_servo                     
00002041  oi_alloc                       
0000280f  oi_checkFirmware               
00002097  oi_close                       
0000204d  oi_free                        
00002081  oi_init                        
0000205d  oi_init_noupdate               
0000267b  oi_loadSong                    
000063cb  oi_parseInt                    
000020fb  oi_parsePacket                 
000026d1  oi_play_song                   
000025f5  oi_setLeds                     
00002639  oi_setWheels                   
000028c5  oi_shutoff_init                
000026f3  oi_uartInit                    
00002797  oi_uartReceive                 
000027dd  oi_uartSendBuff                
0000277b  oi_uartSendChar                
000027bf  oi_uartSendStr                 
000020a9  oi_update                      
00005201  ping_init                      
00005311  ping_read                      
00002ac5  pow                            
00002ac5  powl                           
0000425d  realloc                        
00005ad1  scalbn                         
00005ad1  scalbnl                        
000052a3  send_pulse                     
00004fdd  servo_0D                       
00004ff1  servo_180D                     
00004fe7  servo_90D                      
000057c3  setup                          
000060ad  sprintf                        
000053b1  sqrt                           
000053b1  sqrtl                          
00006415  strchr                         
000063fd  strcmp                         
00006455  strcpy                         
00006469  strlen                         
00003ba9  tan                            
00003ba9  tanl                           
00005631  timer_getClock                 
000055e5  timer_startClock               
0000557f  timer_startTimer               
00005637  timer_stopClock                
000055cf  timer_stopTimer                
00005555  timer_waitMicros               
00005521  timer_waitMillis               
0000585b  turn_clockwise                 
00004bbb  uart_flush                     
00004a8d  uart_init                      
00004b79  uart_receive                   
00004b4f  uart_sendBuffer                
00004b33  uart_sendChar                  
00004bd9  uart_sendStr                   
00005d61  vsnprintf                      


GLOBAL SYMBOLS: SORTED BY Symbol Address 

address   name                           
-------   ----                           
00000000  __TI_static_base__             
00000000  g_pfnVectors                   
00000400  __SYSMEM_SIZE                  
00000800  __STACK_SIZE                   
00000ab1  __TI_printfi                   
000013ab  __mpu_init                     
000013ad  main                           
00002041  oi_alloc                       
0000204d  oi_free                        
0000205d  oi_init_noupdate               
00002081  oi_init                        
00002097  oi_close                       
000020a9  oi_update                      
000020fb  oi_parsePacket                 
000025f5  oi_setLeds                     
00002639  oi_setWheels                   
0000267b  oi_loadSong                    
000026d1  oi_play_song                   
000026e5  go_charge                      
000026f3  oi_uartInit                    
0000277b  oi_uartSendChar                
00002797  oi_uartReceive                 
000027bf  oi_uartSendStr                 
000027dd  oi_uartSendBuff                
0000280f  oi_checkFirmware               
000028c5  oi_shutoff_init                
00002937  GPIOF_Handler                  
00002959  getDegrees                     
00002ac5  pow                            
00002ac5  powl                           
00003471  __kernel_rem_pio2              
00003ba9  tan                            
00003ba9  tanl                           
000040b1  minit                          
00004131  malloc                         
0000419b  free                           
0000425d  realloc                        
00004365  memalign                       
00004451  calloc                         
00004481  __kernel_tan                   
000047a1  lcd_init                       
00004861  lcd_putc                       
00004899  lcd_puts                       
000048b7  lcd_sendCommand                
000048f5  lcd_sendNibble                 
00004939  lcd_gotoLine                   
00004961  lcd_setCursorPos               
0000499f  lcd_printf                     
00004a8d  uart_init                      
00004b33  uart_sendChar                  
00004b4f  uart_sendBuffer                
00004b79  uart_receive                   
00004bbb  uart_flush                     
00004bd9  uart_sendStr                   
00004bfd  UART1_Handler                  
00004c89  __aeabi_uldivmod               
00004e7d  Timer1_init                    
00004f11  move_servo                     
00004fdd  servo_0D                       
00004fe7  servo_90D                      
00004ff1  servo_180D                     
00005049  __aeabi_dsub                   
00005053  __aeabi_dadd                   
000051ff  _system_post_cinit             
00005201  ping_init                      
00005277  ClkCyclesToCM                  
000052a3  send_pulse                     
00005311  ping_read                      
000053b1  sqrt                           
000053b1  sqrtl                          
00005521  timer_waitMillis               
00005555  timer_waitMicros               
0000557f  timer_startTimer               
000055cf  timer_stopTimer                
000055e5  timer_startClock               
00005631  timer_getClock                 
00005637  timer_stopClock                
00005679  __aeabi_ddiv                   
000057af  cleanup                        
000057c3  setup                          
000057d5  move_forward                   
0000585b  turn_clockwise                 
000058c1  absVal                         
000058d9  ir_init                        
0000594b  IRVoltstoCM                    
000059d5  __aeabi_dmul                   
00005ad1  ldexp                          
00005ad1  ldexpl                         
00005ad1  scalbn                         
00005ad1  scalbnl                        
00005bcd  floor                          
00005bcd  floorl                         
00005cc5  __aeabi_memcpy                 
00005cc5  __aeabi_memcpy4                
00005cc5  __aeabi_memcpy8                
00005cc5  memcpy                         
00005d61  vsnprintf                      
00005de9  __aeabi_cdcmpeq                
00005de9  __aeabi_cdcmple                
00005e6f  __aeabi_cdrcmple               
00005ef5  __aeabi_memclr                 
00005ef5  __aeabi_memclr4                
00005ef5  __aeabi_memclr8                
00005ef7  __aeabi_memset                 
00005ef7  __aeabi_memset4                
00005ef7  __aeabi_memset8                
00005efd  memset                         
00005f71  __TI_auto_init                 
00005fe1  __TI_decompress_lzss           
00006049  frexp                          
00006049  frexpl                         
000060ad  sprintf                        
0000610d  _c_int00                       
00006161  C$$EXIT                        
00006165  abort                          
0000616d  exit                           
000061b5  ltoa                           
00006209  atoi                           
00006255  copy_in                        
000062a1  __aeabi_d2iz                   
000062e9  __aeabi_d2uiz                  
0000632d  IntRegister                    
00006361  __aeabi_i2d                    
0000638f  __aeabi_ui2d                   
000063af  memccpy                        
000063cb  oi_parseInt                    
000063e5  _args_main                     
000063fd  strcmp                         
00006415  strchr                         
0000642d  _register_unlock               
00006433  _register_lock                 
0000643b  _nop                           
00006441  copysign                       
00006441  copysignl                      
00006455  strcpy                         
00006469  strlen                         
0000647d  IntMasterEnable                
0000648d  lcd_clear                      
0000649d  __TI_decompress_none           
000064ab  CPUcpsie                       
000064b7  __TI_zero_init                 
000064c3  ResetISR                       
000064cf  _system_pre_init               
00006630  _ctypes_                       
0000689c  __TI_Handler_Table_Base        
000068a8  __TI_Handler_Table_Limit       
000068b8  __TI_CINIT_Base                
000068d0  __TI_CINIT_Limit               
20000000  g_pfnRAMVectors                
2000026c  __stack                        
2000046c  __STACK_TOP                    
20000a6c  __STACK_END                    
20000a70  _sys_memory                    
20000ec4  isr_char_buffer                
20000f20  __TI_cleanup_ptr               
20000f24  __TI_dtors_ptr                 
20000f28  __TI_enable_exit_profile_output
20000f38  _lock                          
20000f3c  _unlock                        
20000f40  errno                          
20000f44  main_func_sp                   
20000f48  isr_counter                    
ffffffff  __TI_pprof_out_hndl            
ffffffff  __TI_prof_data_size            
ffffffff  __TI_prof_data_start           
ffffffff  __binit__                      
ffffffff  __c_args__                     
ffffffff  binit                          
UNDEFED   SHT$$INIT_ARRAY$$Base          
UNDEFED   SHT$$INIT_ARRAY$$Limit         

[170 symbols]
