******************************************************************************
                  TI ARM Linker PC v16.9.4                     
******************************************************************************
>> Linked Tue Apr 17 23:35:52 2018

OUTPUT FILE NAME:   <FinalProj.out>
ENTRY POINT SYMBOL: "_c_int00"  address: 000064a5


MEMORY CONFIGURATION

         name            origin    length      used     unused   attr    fill
----------------------  --------  ---------  --------  --------  ----  --------
  FLASH                 00000000   00040000  00006c7d  00039383  R  X
  SRAM                  20000000   00008000  00001b4c  000064b4  RW X


SEGMENT ALLOCATION MAP

run origin  load origin   length   init length attrs members
----------  ----------- ---------- ----------- ----- -------
00000000    00000000    00006c88   00006c88    r-x
  00000000    00000000    0000026c   0000026c    r-- .intvecs
  0000026c    0000026c    000065fe   000065fe    r-x .text
  00006870    00006870    000003c3   000003c3    r-- .const
  00006c38    00006c38    00000050   00000050    r-- .cinit
20000000    20000000    00001b50   00000000    rw-
  20000000    20000000    0000026c   00000000    rw- .vtable
  2000026c    2000026c    00001000   00000000    rw- .stack
  20001270    20001270    00000800   00000000    rw- .sysmem
  20001a70    20001a70    000000a0   00000000    rw- .bss
  20001b10    20001b10    00000040   00000000    rw- .data


SECTION ALLOCATION MAP

 output                                  attributes/
section   page    origin      length       input sections
--------  ----  ----------  ----------   ----------------
.intvecs   0    00000000    0000026c     
                  00000000    0000026c     tm4c123gh6pm_startup_ccs.obj (.intvecs)

.text      0    0000026c    000065fe     
                  0000026c    0000113e     rtsv7M4_T_le_v4SPD16_eabi.lib : _printfi.obj (.text)
                  000013aa    00000002                                   : mpu_init.obj (.text)
                  000013ac    00000ef0     main.obj (.text)
                  0000229c    00000a84     open_interface.obj (.text)
                  00002d20    000009ac     rtsv7M4_T_le_v4SPD16_eabi.lib : e_pow.obj (.text)
                  000036cc    00000738                                   : k_rem_pio2.obj (.text)
                  00003e04    00000508                                   : s_tan.obj (.text)
                  0000430c    000003d0                                   : memory.obj (.text)
                  000046dc    00000320                                   : k_tan.obj (.text)
                  000049fc    000002ec     lcd.obj (.text)
                  00004ce8    0000024c     uart.obj (.text)
                  00004f34    00000214     movement.obj (.text)
                  00005148    000001f4     rtsv7M4_T_le_v4SPD16_eabi.lib : ull_div_t2.obj (.text)
                  0000533c    000001cc     servo.obj (.text)
                  00005508    000001b6     rtsv7M4_T_le_v4SPD16_eabi.lib : fd_add_t2.obj (.text)
                  000056be    00000002                                   : startup.obj (.text)
                  000056c0    000001b0     sonar.obj (.text)
                  00005870    00000170     rtsv7M4_T_le_v4SPD16_eabi.lib : e_sqrt.obj (.text)
                  000059e0    00000158     timer.obj (.text)
                  00005b38    00000136     rtsv7M4_T_le_v4SPD16_eabi.lib : fd_div_t2.obj (.text)
                  00005c6e    00000002     --HOLE-- [fill = 0]
                  00005c70    000000fc     ir.obj (.text)
                  00005d6c    000000fc     rtsv7M4_T_le_v4SPD16_eabi.lib : fd_mul_t2.obj (.text)
                  00005e68    000000fc                                   : s_scalbn.obj (.text)
                  00005f64    000000f8                                   : s_floor.obj (.text)
                  0000605c    0000009c                                   : memcpy_t2.obj (.text)
                  000060f8    00000088                                   : vsnprintf.obj (.text)
                  00006180    00000086                                   : fd_cmp_t2.obj (.text:__aeabi_cdcmple)
                  00006206    00000086                                   : fd_cmp_t2.obj (.text:__aeabi_cdrcmple)
                  0000628c    0000007a                                   : memset_t2.obj (.text)
                  00006306    00000002     --HOLE-- [fill = 0]
                  00006308    00000070                                   : autoinit.obj (.text)
                  00006378    00000068                                   : copy_decompress_lzss.obj (.text:decompress:lzss)
                  000063e0    00000064                                   : s_frexp.obj (.text)
                  00006444    00000060                                   : sprintf.obj (.text)
                  000064a4    00000054                                   : boot.obj (.text)
                  000064f8    00000054                                   : exit.obj (.text)
                  0000654c    00000054                                   : ltoa.obj (.text)
                  000065a0    0000004c                                   : atoi.obj (.text)
                  000065ec    0000004c                                   : cpy_tbl.obj (.text)
                  00006638    00000048                                   : fd_toi_t2.obj (.text)
                  00006680    00000044                                   : fd_tou_t2.obj (.text)
                  000066c4    00000034     driverlib.lib : interrupt.obj (.text:IntRegister)
                  000066f8    0000002e     rtsv7M4_T_le_v4SPD16_eabi.lib : i_tofd_t2.obj (.text)
                  00006726    00000020                                   : u_tofd_t2.obj (.text)
                  00006746    0000001c                                   : memccpy.obj (.text)
                  00006762    00000018     open_interface.obj (.text:oi_parseInt)
                  0000677a    00000002     --HOLE-- [fill = 0]
                  0000677c    00000018     rtsv7M4_T_le_v4SPD16_eabi.lib : args_main.obj (.text)
                  00006794    00000018                                   : strcmp.obj (.text)
                  000067ac    00000016                                   : strchr.obj (.text)
                  000067c2    00000002     --HOLE-- [fill = 0]
                  000067c4    00000014                                   : _lock.obj (.text)
                  000067d8    00000014                                   : s_copysign.obj (.text)
                  000067ec    00000014                                   : strcpy.obj (.text)
                  00006800    00000014                                   : strlen.obj (.text)
                  00006814    00000010     driverlib.lib : interrupt.obj (.text:IntMasterEnable)
                  00006824    00000010     lcd.obj (.text:lcd_clear)
                  00006834    0000000e     rtsv7M4_T_le_v4SPD16_eabi.lib : copy_decompress_none.obj (.text:decompress:none)
                  00006842    0000000c     driverlib.lib : cpu.obj (.text:CPUcpsie)
                  0000684e    0000000c     rtsv7M4_T_le_v4SPD16_eabi.lib : copy_zero_init.obj (.text:decompress:ZI)
                  0000685a    0000000c     tm4c123gh6pm_startup_ccs.obj (.text)
                  00006866    00000004     rtsv7M4_T_le_v4SPD16_eabi.lib : pre_init.obj (.text)

.const     0    00006870    000003c3     
                  00006870    00000158     rtsv7M4_T_le_v4SPD16_eabi.lib : k_rem_pio2.obj (.const:$O1$$)
                  000069c8    00000101                                   : ctype.obj (.const:.string:_ctypes_)
                  00006ac9    00000004     lcd.obj (.const:.string:lineAddress$1)
                  00006acd    00000003     --HOLE-- [fill = 0]
                  00006ad0    00000080     rtsv7M4_T_le_v4SPD16_eabi.lib : k_tan.obj (.const:xxx)
                  00006b50    00000040     main.obj (.const:$P$T2$3)
                  00006b90    00000030     rtsv7M4_T_le_v4SPD16_eabi.lib : e_pow.obj (.const:$O1$$)
                  00006bc0    00000020     main.obj (.const:$P$T0$1)
                  00006be0    00000020     main.obj (.const:$P$T1$2)
                  00006c00    00000010     main.obj (.const:.string:$P$T3$4)
                  00006c10    00000010     main.obj (.const:.string:$P$T4$5)
                  00006c20    0000000f     open_interface.obj (.const:.string:$P$T0$3)
                  00006c2f    00000004     lcd.obj (.const:.string:lineAddresses$2)

.cinit     0    00006c38    00000050     
                  00006c38    0000001c     (.cinit..data.load) [load image, compression = lzss]
                  00006c54    0000000c     (__TI_handler_table)
                  00006c60    00000008     (.cinit..bss.load) [load image, compression = zero_init]
                  00006c68    00000008     (.cinit..vtable.load) [load image, compression = zero_init]
                  00006c70    00000018     (__TI_cinit_table)

.init_array 
*          0    00000000    00000000     UNINITIALIZED

.vtable    0    20000000    0000026c     UNINITIALIZED
                  20000000    0000026c     driverlib.lib : interrupt.obj (.vtable)

.stack     0    2000026c    00001000     UNINITIALIZED
                  2000026c    00001000     --HOLE--

.sysmem    0    20001270    00000800     UNINITIALIZED
                  20001270    00000008     rtsv7M4_T_le_v4SPD16_eabi.lib : memory.obj (.sysmem)
                  20001278    000007f8     --HOLE--

.bss       0    20001a70    000000a0     UNINITIALIZED
                  20001a70    00000054     lcd.obj (.bss:lastbuffer$3)
                  20001ac4    00000034     (.common:isr_char_buffer)
                  20001af8    00000018     open_interface.obj (.bss:firmware$2)

.data      0    20001b10    00000040     UNINITIALIZED
                  20001b10    00000010     open_interface.obj (.data)
                  20001b20    0000000c     rtsv7M4_T_le_v4SPD16_eabi.lib : exit.obj (.data:$O1$$)
                  20001b2c    0000000c                                   : memory.obj (.data:$O1$$)
                  20001b38    00000008                                   : _lock.obj (.data:$O1$$)
                  20001b40    00000004     movement.obj (.data)
                  20001b44    00000004     rtsv7M4_T_le_v4SPD16_eabi.lib : errno.obj (.data)
                  20001b48    00000004                                   : stkdepth_vars.obj (.data)
                  20001b4c    00000004     uart.obj (.data)

MODULE SUMMARY

       Module                         code    ro data   rw data
       ------                         ----    -------   -------
    .\
       main.obj                       3824    160       0      
       open_interface.obj             2716    15        40     
       lcd.obj                        764     8         84     
       uart.obj                       588     0         56     
       tm4c123gh6pm_startup_ccs.obj   12      620       0      
       movement.obj                   532     0         4      
       servo.obj                      460     0         0      
       sonar.obj                      432     0         0      
       timer.obj                      344     0         0      
       ir.obj                         252     0         0      
    +--+------------------------------+-------+---------+---------+
       Total:                         9924    803       184    
                                                               
    C:/ti/TivaWare_C_Series-2.1.2.111/driverlib/ccs/Debug/driverlib.lib
       interrupt.obj                  68      0         620    
       cpu.obj                        12      0         0      
    +--+------------------------------+-------+---------+---------+
       Total:                         80      0         620    
                                                               
    C:\ti\ccsv7\tools\compiler\ti-cgt-arm_16.9.4.LTS\lib\rtsv7M4_T_le_v4SPD16_eabi.lib
       _printfi.obj                   4414    0         0      
       e_pow.obj                      2476    48        0      
       k_rem_pio2.obj                 1848    344       0      
       s_tan.obj                      1288    0         0      
       memory.obj                     976     0         12     
       k_tan.obj                      800     128       0      
       ull_div_t2.obj                 500     0         0      
       fd_add_t2.obj                  438     0         0      
       e_sqrt.obj                     368     0         0      
       fd_div_t2.obj                  310     0         0      
       fd_cmp_t2.obj                  268     0         0      
       ctype.obj                      0       257       0      
       fd_mul_t2.obj                  252     0         0      
       s_scalbn.obj                   252     0         0      
       s_floor.obj                    248     0         0      
       memcpy_t2.obj                  156     0         0      
       vsnprintf.obj                  136     0         0      
       memset_t2.obj                  122     0         0      
       autoinit.obj                   112     0         0      
       copy_decompress_lzss.obj       104     0         0      
       s_frexp.obj                    100     0         0      
       exit.obj                       84      0         12     
       sprintf.obj                    96      0         0      
       boot.obj                       84      0         0      
       ltoa.obj                       84      0         0      
       atoi.obj                       76      0         0      
       cpy_tbl.obj                    76      0         0      
       fd_toi_t2.obj                  72      0         0      
       fd_tou_t2.obj                  68      0         0      
       i_tofd_t2.obj                  46      0         0      
       u_tofd_t2.obj                  32      0         0      
       _lock.obj                      20      0         8      
       memccpy.obj                    28      0         0      
       args_main.obj                  24      0         0      
       strcmp.obj                     24      0         0      
       strchr.obj                     22      0         0      
       s_copysign.obj                 20      0         0      
       strcpy.obj                     20      0         0      
       strlen.obj                     20      0         0      
       copy_decompress_none.obj       14      0         0      
       copy_zero_init.obj             12      0         0      
       errno.obj                      0       0         4      
       pre_init.obj                   4       0         0      
       stkdepth_vars.obj              0       0         4      
       mpu_init.obj                   2       0         0      
       startup.obj                    2       0         0      
    +--+------------------------------+-------+---------+---------+
       Total:                         16098   777       40     
                                                               
       Heap:                          0       0         2048   
       Stack:                         0       0         4096   
       Linker Generated:              0       80        0      
    +--+------------------------------+-------+---------+---------+
       Grand Total:                   26102   1660      6988   


LINKER GENERATED COPY TABLES

__TI_cinit_table @ 00006c70 records: 3, size/record: 8, table size: 24
	.data: load addr=00006c38, load size=0000001c bytes, run addr=20001b10, run size=00000040 bytes, compression=lzss
	.bss: load addr=00006c60, load size=00000008 bytes, run addr=20001a70, run size=000000a0 bytes, compression=zero_init
	.vtable: load addr=00006c68, load size=00000008 bytes, run addr=20000000, run size=0000026c bytes, compression=zero_init


LINKER GENERATED HANDLER TABLE

__TI_handler_table @ 00006c54 records: 3, size/record: 4, table size: 12
	index: 0, handler: __TI_zero_init
	index: 1, handler: __TI_decompress_lzss
	index: 2, handler: __TI_decompress_none


GLOBAL SYMBOLS: SORTED ALPHABETICALLY BY Name 

address   name                           
-------   ----                           
000064f9  C$$EXIT                        
00006843  CPUcpsie                       
00005737  ClkCyclesToCM                  
00002b93  GPIOF_Handler                  
00005ce3  IRVoltstoCM                    
00006815  IntMasterEnable                
000066c5  IntRegister                    
0000685b  ResetISR                       
20001b40  SENSOR_TRIP                    
UNDEFED   SHT$$INIT_ARRAY$$Base          
UNDEFED   SHT$$INIT_ARRAY$$Limit         
0000533d  Timer1_init                    
00004ead  UART1_Clear                    
00004e6d  UART1_Handler                  
2000126c  __STACK_END                    
00001000  __STACK_SIZE                   
2000046c  __STACK_TOP                    
00000800  __SYSMEM_SIZE                  
00006c70  __TI_CINIT_Base                
00006c88  __TI_CINIT_Limit               
00006c54  __TI_Handler_Table_Base        
00006c60  __TI_Handler_Table_Limit       
00006309  __TI_auto_init                 
20001b20  __TI_cleanup_ptr               
00006379  __TI_decompress_lzss           
00006835  __TI_decompress_none           
20001b24  __TI_dtors_ptr                 
20001b28  __TI_enable_exit_profile_output
ffffffff  __TI_pprof_out_hndl            
00000ab1  __TI_printfi                   
ffffffff  __TI_prof_data_size            
ffffffff  __TI_prof_data_start           
00000000  __TI_static_base__             
0000684f  __TI_zero_init                 
00006181  __aeabi_cdcmpeq                
00006181  __aeabi_cdcmple                
00006207  __aeabi_cdrcmple               
00006639  __aeabi_d2iz                   
00006681  __aeabi_d2uiz                  
00005513  __aeabi_dadd                   
00005b39  __aeabi_ddiv                   
00005d6d  __aeabi_dmul                   
00005509  __aeabi_dsub                   
000066f9  __aeabi_i2d                    
0000628d  __aeabi_memclr                 
0000628d  __aeabi_memclr4                
0000628d  __aeabi_memclr8                
0000605d  __aeabi_memcpy                 
0000605d  __aeabi_memcpy4                
0000605d  __aeabi_memcpy8                
0000628f  __aeabi_memset                 
0000628f  __aeabi_memset4                
0000628f  __aeabi_memset8                
00006727  __aeabi_ui2d                   
00005149  __aeabi_uldivmod               
ffffffff  __binit__                      
ffffffff  __c_args__                     
000036cd  __kernel_rem_pio2              
000046dd  __kernel_tan                   
000013ab  __mpu_init                     
2000026c  __stack                        
0000677d  _args_main                     
000064a5  _c_int00                       
000069c8  _ctypes_                       
20001b38  _lock                          
000067d3  _nop                           
000067cb  _register_lock                 
000067c5  _register_unlock               
20001270  _sys_memory                    
000056bf  _system_post_cinit             
00006867  _system_pre_init               
20001b3c  _unlock                        
000064fd  abort                          
0000512d  absVal                         
000065a1  atoi                           
ffffffff  binit                          
000046ad  calloc                         
00004f35  cleanup                        
000065ed  copy_in                        
000067d9  copysign                       
000067d9  copysignl                      
20001b44  errno                          
00006505  exit                           
00005f65  floor                          
00005f65  floorl                         
000043f7  free                           
000063e1  frexp                          
000063e1  frexpl                         
20000000  g_pfnRAMVectors                
00000000  g_pfnVectors                   
00002bb5  getDegrees                     
00002941  go_charge                      
00005c71  ir_init                        
20001ac4  isr_char_buffer                
20001b4c  isr_counter                    
00006825  lcd_clear                      
00004b95  lcd_gotoLine                   
000049fd  lcd_init                       
00004bfb  lcd_printf                     
00004abd  lcd_putc                       
00004af5  lcd_puts                       
00004b13  lcd_sendCommand                
00004b51  lcd_sendNibble                 
00004bbd  lcd_setCursorPos               
00005e69  ldexp                          
00005e69  ldexpl                         
0000654d  ltoa                           
000013ad  main                           
20001b48  main_func_sp                   
0000438d  malloc                         
000045c1  memalign                       
00006747  memccpy                        
0000605d  memcpy                         
00006295  memset                         
0000430d  minit                          
00004f5b  move_forward                   
000053d1  move_servo                     
0000229d  oi_alloc                       
00002a6b  oi_checkFirmware               
000022f3  oi_close                       
000022a9  oi_free                        
000022dd  oi_init                        
000022b9  oi_init_noupdate               
000028d7  oi_loadSong                    
00006763  oi_parseInt                    
00002357  oi_parsePacket                 
0000292d  oi_play_song                   
00002851  oi_setLeds                     
00002895  oi_setWheels                   
00002b21  oi_shutoff_init                
0000294f  oi_uartInit                    
000029f3  oi_uartReceive                 
00002a39  oi_uartSendBuff                
000029d7  oi_uartSendChar                
00002a1b  oi_uartSendStr                 
00002305  oi_update                      
000056c1  ping_init                      
000057d1  ping_read                      
00002d21  pow                            
00002d21  powl                           
000044b9  realloc                        
00005e69  scalbn                         
00005e69  scalbnl                        
00005763  send_pulse                     
0000549d  servo_0D                       
000054b1  servo_180D                     
000054a7  servo_90D                      
00004f49  setup                          
00006445  sprintf                        
00005871  sqrt                           
00005871  sqrtl                          
000067ad  strchr                         
00006795  strcmp                         
000067ed  strcpy                         
00006801  strlen                         
00003e05  tan                            
00003e05  tanl                           
00005af1  timer_getClock                 
00005aa5  timer_startClock               
00005a3f  timer_startTimer               
00005af7  timer_stopClock                
00005a8f  timer_stopTimer                
00005a15  timer_waitMicros               
000059e1  timer_waitMillis               
000050bd  turn_clockwise                 
00004e2b  uart_flush                     
00004ce9  uart_init                      
00004de9  uart_receive                   
00004dbf  uart_sendBuffer                
00004da3  uart_sendChar                  
00004e49  uart_sendStr                   
000060f9  vsnprintf                      


GLOBAL SYMBOLS: SORTED BY Symbol Address 

address   name                           
-------   ----                           
00000000  __TI_static_base__             
00000000  g_pfnVectors                   
00000800  __SYSMEM_SIZE                  
00000ab1  __TI_printfi                   
00001000  __STACK_SIZE                   
000013ab  __mpu_init                     
000013ad  main                           
0000229d  oi_alloc                       
000022a9  oi_free                        
000022b9  oi_init_noupdate               
000022dd  oi_init                        
000022f3  oi_close                       
00002305  oi_update                      
00002357  oi_parsePacket                 
00002851  oi_setLeds                     
00002895  oi_setWheels                   
000028d7  oi_loadSong                    
0000292d  oi_play_song                   
00002941  go_charge                      
0000294f  oi_uartInit                    
000029d7  oi_uartSendChar                
000029f3  oi_uartReceive                 
00002a1b  oi_uartSendStr                 
00002a39  oi_uartSendBuff                
00002a6b  oi_checkFirmware               
00002b21  oi_shutoff_init                
00002b93  GPIOF_Handler                  
00002bb5  getDegrees                     
00002d21  pow                            
00002d21  powl                           
000036cd  __kernel_rem_pio2              
00003e05  tan                            
00003e05  tanl                           
0000430d  minit                          
0000438d  malloc                         
000043f7  free                           
000044b9  realloc                        
000045c1  memalign                       
000046ad  calloc                         
000046dd  __kernel_tan                   
000049fd  lcd_init                       
00004abd  lcd_putc                       
00004af5  lcd_puts                       
00004b13  lcd_sendCommand                
00004b51  lcd_sendNibble                 
00004b95  lcd_gotoLine                   
00004bbd  lcd_setCursorPos               
00004bfb  lcd_printf                     
00004ce9  uart_init                      
00004da3  uart_sendChar                  
00004dbf  uart_sendBuffer                
00004de9  uart_receive                   
00004e2b  uart_flush                     
00004e49  uart_sendStr                   
00004e6d  UART1_Handler                  
00004ead  UART1_Clear                    
00004f35  cleanup                        
00004f49  setup                          
00004f5b  move_forward                   
000050bd  turn_clockwise                 
0000512d  absVal                         
00005149  __aeabi_uldivmod               
0000533d  Timer1_init                    
000053d1  move_servo                     
0000549d  servo_0D                       
000054a7  servo_90D                      
000054b1  servo_180D                     
00005509  __aeabi_dsub                   
00005513  __aeabi_dadd                   
000056bf  _system_post_cinit             
000056c1  ping_init                      
00005737  ClkCyclesToCM                  
00005763  send_pulse                     
000057d1  ping_read                      
00005871  sqrt                           
00005871  sqrtl                          
000059e1  timer_waitMillis               
00005a15  timer_waitMicros               
00005a3f  timer_startTimer               
00005a8f  timer_stopTimer                
00005aa5  timer_startClock               
00005af1  timer_getClock                 
00005af7  timer_stopClock                
00005b39  __aeabi_ddiv                   
00005c71  ir_init                        
00005ce3  IRVoltstoCM                    
00005d6d  __aeabi_dmul                   
00005e69  ldexp                          
00005e69  ldexpl                         
00005e69  scalbn                         
00005e69  scalbnl                        
00005f65  floor                          
00005f65  floorl                         
0000605d  __aeabi_memcpy                 
0000605d  __aeabi_memcpy4                
0000605d  __aeabi_memcpy8                
0000605d  memcpy                         
000060f9  vsnprintf                      
00006181  __aeabi_cdcmpeq                
00006181  __aeabi_cdcmple                
00006207  __aeabi_cdrcmple               
0000628d  __aeabi_memclr                 
0000628d  __aeabi_memclr4                
0000628d  __aeabi_memclr8                
0000628f  __aeabi_memset                 
0000628f  __aeabi_memset4                
0000628f  __aeabi_memset8                
00006295  memset                         
00006309  __TI_auto_init                 
00006379  __TI_decompress_lzss           
000063e1  frexp                          
000063e1  frexpl                         
00006445  sprintf                        
000064a5  _c_int00                       
000064f9  C$$EXIT                        
000064fd  abort                          
00006505  exit                           
0000654d  ltoa                           
000065a1  atoi                           
000065ed  copy_in                        
00006639  __aeabi_d2iz                   
00006681  __aeabi_d2uiz                  
000066c5  IntRegister                    
000066f9  __aeabi_i2d                    
00006727  __aeabi_ui2d                   
00006747  memccpy                        
00006763  oi_parseInt                    
0000677d  _args_main                     
00006795  strcmp                         
000067ad  strchr                         
000067c5  _register_unlock               
000067cb  _register_lock                 
000067d3  _nop                           
000067d9  copysign                       
000067d9  copysignl                      
000067ed  strcpy                         
00006801  strlen                         
00006815  IntMasterEnable                
00006825  lcd_clear                      
00006835  __TI_decompress_none           
00006843  CPUcpsie                       
0000684f  __TI_zero_init                 
0000685b  ResetISR                       
00006867  _system_pre_init               
000069c8  _ctypes_                       
00006c54  __TI_Handler_Table_Base        
00006c60  __TI_Handler_Table_Limit       
00006c70  __TI_CINIT_Base                
00006c88  __TI_CINIT_Limit               
20000000  g_pfnRAMVectors                
2000026c  __stack                        
2000046c  __STACK_TOP                    
2000126c  __STACK_END                    
20001270  _sys_memory                    
20001ac4  isr_char_buffer                
20001b20  __TI_cleanup_ptr               
20001b24  __TI_dtors_ptr                 
20001b28  __TI_enable_exit_profile_output
20001b38  _lock                          
20001b3c  _unlock                        
20001b40  SENSOR_TRIP                    
20001b44  errno                          
20001b48  main_func_sp                   
20001b4c  isr_counter                    
ffffffff  __TI_pprof_out_hndl            
ffffffff  __TI_prof_data_size            
ffffffff  __TI_prof_data_start           
ffffffff  __binit__                      
ffffffff  __c_args__                     
ffffffff  binit                          
UNDEFED   SHT$$INIT_ARRAY$$Base          
UNDEFED   SHT$$INIT_ARRAY$$Limit         

[172 symbols]
