******************************************************************************
                  TI ARM Linker PC v16.9.4                     
******************************************************************************
>> Linked Sat Apr 14 12:41:01 2018

OUTPUT FILE NAME:   <FinalProj.out>
ENTRY POINT SYMBOL: "_c_int00"  address: 0000637d


MEMORY CONFIGURATION

         name            origin    length      used     unused   attr    fill
----------------------  --------  ---------  --------  --------  ----  --------
  FLASH                 00000000   00040000  00006b35  000394cb  R  X
  SRAM                  20000000   00008000  00001b4c  000064b4  RW X


SEGMENT ALLOCATION MAP

run origin  load origin   length   init length attrs members
----------  ----------- ---------- ----------- ----- -------
00000000    00000000    00006b40   00006b40    r-x
  00000000    00000000    0000026c   0000026c    r-- .intvecs
  0000026c    0000026c    000064d6   000064d6    r-x .text
  00006748    00006748    000003a3   000003a3    r-- .const
  00006af0    00006af0    00000050   00000050    r-- .cinit
20000000    20000000    00001b50   00000000    rw-
  20000000    20000000    0000026c   00000000    rw- .vtable
  2000026c    2000026c    00001000   00000000    rw- .stack
  20001270    20001270    00000800   00000000    rw- .sysmem
  20001a70    20001a70    000000a0   00000000    rw- .bss
  20001b10    20001b10    00000040   00000000    rw- .data


SECTION ALLOCATION MAP

 output                                  attributes/
section   page    origin      length       input sections
--------  ----  ----------  ----------   ----------------
.intvecs   0    00000000    0000026c     
                  00000000    0000026c     tm4c123gh6pm_startup_ccs.obj (.intvecs)

.text      0    0000026c    000064d6     
                  0000026c    0000113e     rtsv7M4_T_le_v4SPD16_eabi.lib : _printfi.obj (.text)
                  000013aa    00000002                                   : mpu_init.obj (.text)
                  000013ac    00000dc8     main.obj (.text)
                  00002174    00000a84     open_interface.obj (.text)
                  00002bf8    000009ac     rtsv7M4_T_le_v4SPD16_eabi.lib : e_pow.obj (.text)
                  000035a4    00000738                                   : k_rem_pio2.obj (.text)
                  00003cdc    00000508                                   : s_tan.obj (.text)
                  000041e4    000003d0                                   : memory.obj (.text)
                  000045b4    00000320                                   : k_tan.obj (.text)
                  000048d4    000002ec     lcd.obj (.text)
                  00004bc0    0000024c     uart.obj (.text)
                  00004e0c    00000214     movement.obj (.text)
                  00005020    000001f4     rtsv7M4_T_le_v4SPD16_eabi.lib : ull_div_t2.obj (.text)
                  00005214    000001cc     servo.obj (.text)
                  000053e0    000001b6     rtsv7M4_T_le_v4SPD16_eabi.lib : fd_add_t2.obj (.text)
                  00005596    00000002                                   : startup.obj (.text)
                  00005598    000001b0     sonar.obj (.text)
                  00005748    00000170     rtsv7M4_T_le_v4SPD16_eabi.lib : e_sqrt.obj (.text)
                  000058b8    00000158     timer.obj (.text)
                  00005a10    00000136     rtsv7M4_T_le_v4SPD16_eabi.lib : fd_div_t2.obj (.text)
                  00005b46    00000002     --HOLE-- [fill = 0]
                  00005b48    000000fc     ir.obj (.text)
                  00005c44    000000fc     rtsv7M4_T_le_v4SPD16_eabi.lib : fd_mul_t2.obj (.text)
                  00005d40    000000fc                                   : s_scalbn.obj (.text)
                  00005e3c    000000f8                                   : s_floor.obj (.text)
                  00005f34    0000009c                                   : memcpy_t2.obj (.text)
                  00005fd0    00000088                                   : vsnprintf.obj (.text)
                  00006058    00000086                                   : fd_cmp_t2.obj (.text:__aeabi_cdcmple)
                  000060de    00000086                                   : fd_cmp_t2.obj (.text:__aeabi_cdrcmple)
                  00006164    0000007a                                   : memset_t2.obj (.text)
                  000061de    00000002     --HOLE-- [fill = 0]
                  000061e0    00000070                                   : autoinit.obj (.text)
                  00006250    00000068                                   : copy_decompress_lzss.obj (.text:decompress:lzss)
                  000062b8    00000064                                   : s_frexp.obj (.text)
                  0000631c    00000060                                   : sprintf.obj (.text)
                  0000637c    00000054                                   : boot.obj (.text)
                  000063d0    00000054                                   : exit.obj (.text)
                  00006424    00000054                                   : ltoa.obj (.text)
                  00006478    0000004c                                   : atoi.obj (.text)
                  000064c4    0000004c                                   : cpy_tbl.obj (.text)
                  00006510    00000048                                   : fd_toi_t2.obj (.text)
                  00006558    00000044                                   : fd_tou_t2.obj (.text)
                  0000659c    00000034     driverlib.lib : interrupt.obj (.text:IntRegister)
                  000065d0    0000002e     rtsv7M4_T_le_v4SPD16_eabi.lib : i_tofd_t2.obj (.text)
                  000065fe    00000020                                   : u_tofd_t2.obj (.text)
                  0000661e    0000001c                                   : memccpy.obj (.text)
                  0000663a    00000018     open_interface.obj (.text:oi_parseInt)
                  00006652    00000002     --HOLE-- [fill = 0]
                  00006654    00000018     rtsv7M4_T_le_v4SPD16_eabi.lib : args_main.obj (.text)
                  0000666c    00000018                                   : strcmp.obj (.text)
                  00006684    00000016                                   : strchr.obj (.text)
                  0000669a    00000002     --HOLE-- [fill = 0]
                  0000669c    00000014                                   : _lock.obj (.text)
                  000066b0    00000014                                   : s_copysign.obj (.text)
                  000066c4    00000014                                   : strcpy.obj (.text)
                  000066d8    00000014                                   : strlen.obj (.text)
                  000066ec    00000010     driverlib.lib : interrupt.obj (.text:IntMasterEnable)
                  000066fc    00000010     lcd.obj (.text:lcd_clear)
                  0000670c    0000000e     rtsv7M4_T_le_v4SPD16_eabi.lib : copy_decompress_none.obj (.text:decompress:none)
                  0000671a    0000000c     driverlib.lib : cpu.obj (.text:CPUcpsie)
                  00006726    0000000c     rtsv7M4_T_le_v4SPD16_eabi.lib : copy_zero_init.obj (.text:decompress:ZI)
                  00006732    0000000c     tm4c123gh6pm_startup_ccs.obj (.text)
                  0000673e    00000004     rtsv7M4_T_le_v4SPD16_eabi.lib : pre_init.obj (.text)

.const     0    00006748    000003a3     
                  00006748    00000158     rtsv7M4_T_le_v4SPD16_eabi.lib : k_rem_pio2.obj (.const:$O1$$)
                  000068a0    00000101                                   : ctype.obj (.const:.string:_ctypes_)
                  000069a1    00000004     lcd.obj (.const:.string:lineAddress$1)
                  000069a5    00000003     --HOLE-- [fill = 0]
                  000069a8    00000080     rtsv7M4_T_le_v4SPD16_eabi.lib : k_tan.obj (.const:xxx)
                  00006a28    00000040     main.obj (.const:$P$T2$3)
                  00006a68    00000030     rtsv7M4_T_le_v4SPD16_eabi.lib : e_pow.obj (.const:$O1$$)
                  00006a98    00000020     main.obj (.const:$P$T0$1)
                  00006ab8    00000020     main.obj (.const:$P$T1$2)
                  00006ad8    0000000f     open_interface.obj (.const:.string:$P$T0$3)
                  00006ae7    00000004     lcd.obj (.const:.string:lineAddresses$2)

.cinit     0    00006af0    00000050     
                  00006af0    0000001c     (.cinit..data.load) [load image, compression = lzss]
                  00006b0c    0000000c     (__TI_handler_table)
                  00006b18    00000008     (.cinit..bss.load) [load image, compression = zero_init]
                  00006b20    00000008     (.cinit..vtable.load) [load image, compression = zero_init]
                  00006b28    00000018     (__TI_cinit_table)

.init_array 
*          0    00000000    00000000     UNINITIALIZED

.vtable    0    20000000    0000026c     UNINITIALIZED
                  20000000    0000026c     driverlib.lib : interrupt.obj (.vtable)

.stack     0    2000026c    00001000     UNINITIALIZED
                  2000026c    00001000     --HOLE--

.sysmem    0    20001270    00000800     UNINITIALIZED
                  20001270    00000008     rtsv7M4_T_le_v4SPD16_eabi.lib : memory.obj (.sysmem)
                  20001278    000007f8     --HOLE--

.bss       0    20001a70    000000a0     UNINITIALIZED
                  20001a70    00000054     lcd.obj (.bss:lastbuffer$3)
                  20001ac4    00000034     (.common:isr_char_buffer)
                  20001af8    00000018     open_interface.obj (.bss:firmware$2)

.data      0    20001b10    00000040     UNINITIALIZED
                  20001b10    00000010     open_interface.obj (.data)
                  20001b20    0000000c     rtsv7M4_T_le_v4SPD16_eabi.lib : exit.obj (.data:$O1$$)
                  20001b2c    0000000c                                   : memory.obj (.data:$O1$$)
                  20001b38    00000008                                   : _lock.obj (.data:$O1$$)
                  20001b40    00000004     movement.obj (.data)
                  20001b44    00000004     rtsv7M4_T_le_v4SPD16_eabi.lib : errno.obj (.data)
                  20001b48    00000004                                   : stkdepth_vars.obj (.data)
                  20001b4c    00000004     uart.obj (.data)

MODULE SUMMARY

       Module                         code    ro data   rw data
       ------                         ----    -------   -------
    .\
       main.obj                       3528    128       0      
       open_interface.obj             2716    15        40     
       lcd.obj                        764     8         84     
       uart.obj                       588     0         56     
       tm4c123gh6pm_startup_ccs.obj   12      620       0      
       movement.obj                   532     0         4      
       servo.obj                      460     0         0      
       sonar.obj                      432     0         0      
       timer.obj                      344     0         0      
       ir.obj                         252     0         0      
    +--+------------------------------+-------+---------+---------+
       Total:                         9628    771       184    
                                                               
    C:/ti/TivaWare_C_Series-2.1.2.111/driverlib/ccs/Debug/driverlib.lib
       interrupt.obj                  68      0         620    
       cpu.obj                        12      0         0      
    +--+------------------------------+-------+---------+---------+
       Total:                         80      0         620    
                                                               
    C:\ti\ccsv7\tools\compiler\ti-cgt-arm_16.9.4.LTS\lib\rtsv7M4_T_le_v4SPD16_eabi.lib
       _printfi.obj                   4414    0         0      
       e_pow.obj                      2476    48        0      
       k_rem_pio2.obj                 1848    344       0      
       s_tan.obj                      1288    0         0      
       memory.obj                     976     0         12     
       k_tan.obj                      800     128       0      
       ull_div_t2.obj                 500     0         0      
       fd_add_t2.obj                  438     0         0      
       e_sqrt.obj                     368     0         0      
       fd_div_t2.obj                  310     0         0      
       fd_cmp_t2.obj                  268     0         0      
       ctype.obj                      0       257       0      
       fd_mul_t2.obj                  252     0         0      
       s_scalbn.obj                   252     0         0      
       s_floor.obj                    248     0         0      
       memcpy_t2.obj                  156     0         0      
       vsnprintf.obj                  136     0         0      
       memset_t2.obj                  122     0         0      
       autoinit.obj                   112     0         0      
       copy_decompress_lzss.obj       104     0         0      
       s_frexp.obj                    100     0         0      
       exit.obj                       84      0         12     
       sprintf.obj                    96      0         0      
       boot.obj                       84      0         0      
       ltoa.obj                       84      0         0      
       atoi.obj                       76      0         0      
       cpy_tbl.obj                    76      0         0      
       fd_toi_t2.obj                  72      0         0      
       fd_tou_t2.obj                  68      0         0      
       i_tofd_t2.obj                  46      0         0      
       u_tofd_t2.obj                  32      0         0      
       _lock.obj                      20      0         8      
       memccpy.obj                    28      0         0      
       args_main.obj                  24      0         0      
       strcmp.obj                     24      0         0      
       strchr.obj                     22      0         0      
       s_copysign.obj                 20      0         0      
       strcpy.obj                     20      0         0      
       strlen.obj                     20      0         0      
       copy_decompress_none.obj       14      0         0      
       copy_zero_init.obj             12      0         0      
       errno.obj                      0       0         4      
       pre_init.obj                   4       0         0      
       stkdepth_vars.obj              0       0         4      
       mpu_init.obj                   2       0         0      
       startup.obj                    2       0         0      
    +--+------------------------------+-------+---------+---------+
       Total:                         16098   777       40     
                                                               
       Heap:                          0       0         2048   
       Stack:                         0       0         4096   
       Linker Generated:              0       80        0      
    +--+------------------------------+-------+---------+---------+
       Grand Total:                   25806   1628      6988   


LINKER GENERATED COPY TABLES

__TI_cinit_table @ 00006b28 records: 3, size/record: 8, table size: 24
	.data: load addr=00006af0, load size=0000001c bytes, run addr=20001b10, run size=00000040 bytes, compression=lzss
	.bss: load addr=00006b18, load size=00000008 bytes, run addr=20001a70, run size=000000a0 bytes, compression=zero_init
	.vtable: load addr=00006b20, load size=00000008 bytes, run addr=20000000, run size=0000026c bytes, compression=zero_init


LINKER GENERATED HANDLER TABLE

__TI_handler_table @ 00006b0c records: 3, size/record: 4, table size: 12
	index: 0, handler: __TI_zero_init
	index: 1, handler: __TI_decompress_lzss
	index: 2, handler: __TI_decompress_none


GLOBAL SYMBOLS: SORTED ALPHABETICALLY BY Name 

address   name                           
-------   ----                           
000063d1  C$$EXIT                        
0000671b  CPUcpsie                       
0000560f  ClkCyclesToCM                  
00002a6b  GPIOF_Handler                  
00005bbb  IRVoltstoCM                    
000066ed  IntMasterEnable                
0000659d  IntRegister                    
00006733  ResetISR                       
20001b40  SENSOR_TRIP                    
UNDEFED   SHT$$INIT_ARRAY$$Base          
UNDEFED   SHT$$INIT_ARRAY$$Limit         
00005215  Timer1_init                    
00004d85  UART1_Clear                    
00004d45  UART1_Handler                  
2000126c  __STACK_END                    
00001000  __STACK_SIZE                   
2000046c  __STACK_TOP                    
00000800  __SYSMEM_SIZE                  
00006b28  __TI_CINIT_Base                
00006b40  __TI_CINIT_Limit               
00006b0c  __TI_Handler_Table_Base        
00006b18  __TI_Handler_Table_Limit       
000061e1  __TI_auto_init                 
20001b20  __TI_cleanup_ptr               
00006251  __TI_decompress_lzss           
0000670d  __TI_decompress_none           
20001b24  __TI_dtors_ptr                 
20001b28  __TI_enable_exit_profile_output
ffffffff  __TI_pprof_out_hndl            
00000ab1  __TI_printfi                   
ffffffff  __TI_prof_data_size            
ffffffff  __TI_prof_data_start           
00000000  __TI_static_base__             
00006727  __TI_zero_init                 
00006059  __aeabi_cdcmpeq                
00006059  __aeabi_cdcmple                
000060df  __aeabi_cdrcmple               
00006511  __aeabi_d2iz                   
00006559  __aeabi_d2uiz                  
000053eb  __aeabi_dadd                   
00005a11  __aeabi_ddiv                   
00005c45  __aeabi_dmul                   
000053e1  __aeabi_dsub                   
000065d1  __aeabi_i2d                    
00006165  __aeabi_memclr                 
00006165  __aeabi_memclr4                
00006165  __aeabi_memclr8                
00005f35  __aeabi_memcpy                 
00005f35  __aeabi_memcpy4                
00005f35  __aeabi_memcpy8                
00006167  __aeabi_memset                 
00006167  __aeabi_memset4                
00006167  __aeabi_memset8                
000065ff  __aeabi_ui2d                   
00005021  __aeabi_uldivmod               
ffffffff  __binit__                      
ffffffff  __c_args__                     
000035a5  __kernel_rem_pio2              
000045b5  __kernel_tan                   
000013ab  __mpu_init                     
2000026c  __stack                        
00006655  _args_main                     
0000637d  _c_int00                       
000068a0  _ctypes_                       
20001b38  _lock                          
000066ab  _nop                           
000066a3  _register_lock                 
0000669d  _register_unlock               
20001270  _sys_memory                    
00005597  _system_post_cinit             
0000673f  _system_pre_init               
20001b3c  _unlock                        
000063d5  abort                          
00005005  absVal                         
00006479  atoi                           
ffffffff  binit                          
00004585  calloc                         
00004e0d  cleanup                        
000064c5  copy_in                        
000066b1  copysign                       
000066b1  copysignl                      
20001b44  errno                          
000063dd  exit                           
00005e3d  floor                          
00005e3d  floorl                         
000042cf  free                           
000062b9  frexp                          
000062b9  frexpl                         
20000000  g_pfnRAMVectors                
00000000  g_pfnVectors                   
00002a8d  getDegrees                     
00002819  go_charge                      
00005b49  ir_init                        
20001ac4  isr_char_buffer                
20001b4c  isr_counter                    
000066fd  lcd_clear                      
00004a6d  lcd_gotoLine                   
000048d5  lcd_init                       
00004ad3  lcd_printf                     
00004995  lcd_putc                       
000049cd  lcd_puts                       
000049eb  lcd_sendCommand                
00004a29  lcd_sendNibble                 
00004a95  lcd_setCursorPos               
00005d41  ldexp                          
00005d41  ldexpl                         
00006425  ltoa                           
000013ad  main                           
20001b48  main_func_sp                   
00004265  malloc                         
00004499  memalign                       
0000661f  memccpy                        
00005f35  memcpy                         
0000616d  memset                         
000041e5  minit                          
00004e33  move_forward                   
000052a9  move_servo                     
00002175  oi_alloc                       
00002943  oi_checkFirmware               
000021cb  oi_close                       
00002181  oi_free                        
000021b5  oi_init                        
00002191  oi_init_noupdate               
000027af  oi_loadSong                    
0000663b  oi_parseInt                    
0000222f  oi_parsePacket                 
00002805  oi_play_song                   
00002729  oi_setLeds                     
0000276d  oi_setWheels                   
000029f9  oi_shutoff_init                
00002827  oi_uartInit                    
000028cb  oi_uartReceive                 
00002911  oi_uartSendBuff                
000028af  oi_uartSendChar                
000028f3  oi_uartSendStr                 
000021dd  oi_update                      
00005599  ping_init                      
000056a9  ping_read                      
00002bf9  pow                            
00002bf9  powl                           
00004391  realloc                        
00005d41  scalbn                         
00005d41  scalbnl                        
0000563b  send_pulse                     
00005375  servo_0D                       
00005389  servo_180D                     
0000537f  servo_90D                      
00004e21  setup                          
0000631d  sprintf                        
00005749  sqrt                           
00005749  sqrtl                          
00006685  strchr                         
0000666d  strcmp                         
000066c5  strcpy                         
000066d9  strlen                         
00003cdd  tan                            
00003cdd  tanl                           
000059c9  timer_getClock                 
0000597d  timer_startClock               
00005917  timer_startTimer               
000059cf  timer_stopClock                
00005967  timer_stopTimer                
000058ed  timer_waitMicros               
000058b9  timer_waitMillis               
00004f95  turn_clockwise                 
00004d03  uart_flush                     
00004bc1  uart_init                      
00004cc1  uart_receive                   
00004c97  uart_sendBuffer                
00004c7b  uart_sendChar                  
00004d21  uart_sendStr                   
00005fd1  vsnprintf                      


GLOBAL SYMBOLS: SORTED BY Symbol Address 

address   name                           
-------   ----                           
00000000  __TI_static_base__             
00000000  g_pfnVectors                   
00000800  __SYSMEM_SIZE                  
00000ab1  __TI_printfi                   
00001000  __STACK_SIZE                   
000013ab  __mpu_init                     
000013ad  main                           
00002175  oi_alloc                       
00002181  oi_free                        
00002191  oi_init_noupdate               
000021b5  oi_init                        
000021cb  oi_close                       
000021dd  oi_update                      
0000222f  oi_parsePacket                 
00002729  oi_setLeds                     
0000276d  oi_setWheels                   
000027af  oi_loadSong                    
00002805  oi_play_song                   
00002819  go_charge                      
00002827  oi_uartInit                    
000028af  oi_uartSendChar                
000028cb  oi_uartReceive                 
000028f3  oi_uartSendStr                 
00002911  oi_uartSendBuff                
00002943  oi_checkFirmware               
000029f9  oi_shutoff_init                
00002a6b  GPIOF_Handler                  
00002a8d  getDegrees                     
00002bf9  pow                            
00002bf9  powl                           
000035a5  __kernel_rem_pio2              
00003cdd  tan                            
00003cdd  tanl                           
000041e5  minit                          
00004265  malloc                         
000042cf  free                           
00004391  realloc                        
00004499  memalign                       
00004585  calloc                         
000045b5  __kernel_tan                   
000048d5  lcd_init                       
00004995  lcd_putc                       
000049cd  lcd_puts                       
000049eb  lcd_sendCommand                
00004a29  lcd_sendNibble                 
00004a6d  lcd_gotoLine                   
00004a95  lcd_setCursorPos               
00004ad3  lcd_printf                     
00004bc1  uart_init                      
00004c7b  uart_sendChar                  
00004c97  uart_sendBuffer                
00004cc1  uart_receive                   
00004d03  uart_flush                     
00004d21  uart_sendStr                   
00004d45  UART1_Handler                  
00004d85  UART1_Clear                    
00004e0d  cleanup                        
00004e21  setup                          
00004e33  move_forward                   
00004f95  turn_clockwise                 
00005005  absVal                         
00005021  __aeabi_uldivmod               
00005215  Timer1_init                    
000052a9  move_servo                     
00005375  servo_0D                       
0000537f  servo_90D                      
00005389  servo_180D                     
000053e1  __aeabi_dsub                   
000053eb  __aeabi_dadd                   
00005597  _system_post_cinit             
00005599  ping_init                      
0000560f  ClkCyclesToCM                  
0000563b  send_pulse                     
000056a9  ping_read                      
00005749  sqrt                           
00005749  sqrtl                          
000058b9  timer_waitMillis               
000058ed  timer_waitMicros               
00005917  timer_startTimer               
00005967  timer_stopTimer                
0000597d  timer_startClock               
000059c9  timer_getClock                 
000059cf  timer_stopClock                
00005a11  __aeabi_ddiv                   
00005b49  ir_init                        
00005bbb  IRVoltstoCM                    
00005c45  __aeabi_dmul                   
00005d41  ldexp                          
00005d41  ldexpl                         
00005d41  scalbn                         
00005d41  scalbnl                        
00005e3d  floor                          
00005e3d  floorl                         
00005f35  __aeabi_memcpy                 
00005f35  __aeabi_memcpy4                
00005f35  __aeabi_memcpy8                
00005f35  memcpy                         
00005fd1  vsnprintf                      
00006059  __aeabi_cdcmpeq                
00006059  __aeabi_cdcmple                
000060df  __aeabi_cdrcmple               
00006165  __aeabi_memclr                 
00006165  __aeabi_memclr4                
00006165  __aeabi_memclr8                
00006167  __aeabi_memset                 
00006167  __aeabi_memset4                
00006167  __aeabi_memset8                
0000616d  memset                         
000061e1  __TI_auto_init                 
00006251  __TI_decompress_lzss           
000062b9  frexp                          
000062b9  frexpl                         
0000631d  sprintf                        
0000637d  _c_int00                       
000063d1  C$$EXIT                        
000063d5  abort                          
000063dd  exit                           
00006425  ltoa                           
00006479  atoi                           
000064c5  copy_in                        
00006511  __aeabi_d2iz                   
00006559  __aeabi_d2uiz                  
0000659d  IntRegister                    
000065d1  __aeabi_i2d                    
000065ff  __aeabi_ui2d                   
0000661f  memccpy                        
0000663b  oi_parseInt                    
00006655  _args_main                     
0000666d  strcmp                         
00006685  strchr                         
0000669d  _register_unlock               
000066a3  _register_lock                 
000066ab  _nop                           
000066b1  copysign                       
000066b1  copysignl                      
000066c5  strcpy                         
000066d9  strlen                         
000066ed  IntMasterEnable                
000066fd  lcd_clear                      
0000670d  __TI_decompress_none           
0000671b  CPUcpsie                       
00006727  __TI_zero_init                 
00006733  ResetISR                       
0000673f  _system_pre_init               
000068a0  _ctypes_                       
00006b0c  __TI_Handler_Table_Base        
00006b18  __TI_Handler_Table_Limit       
00006b28  __TI_CINIT_Base                
00006b40  __TI_CINIT_Limit               
20000000  g_pfnRAMVectors                
2000026c  __stack                        
2000046c  __STACK_TOP                    
2000126c  __STACK_END                    
20001270  _sys_memory                    
20001ac4  isr_char_buffer                
20001b20  __TI_cleanup_ptr               
20001b24  __TI_dtors_ptr                 
20001b28  __TI_enable_exit_profile_output
20001b38  _lock                          
20001b3c  _unlock                        
20001b40  SENSOR_TRIP                    
20001b44  errno                          
20001b48  main_func_sp                   
20001b4c  isr_counter                    
ffffffff  __TI_pprof_out_hndl            
ffffffff  __TI_prof_data_size            
ffffffff  __TI_prof_data_start           
ffffffff  __binit__                      
ffffffff  __c_args__                     
ffffffff  binit                          
UNDEFED   SHT$$INIT_ARRAY$$Base          
UNDEFED   SHT$$INIT_ARRAY$$Limit         

[172 symbols]
