******************************************************************************
                  TI ARM Linker PC v16.9.4                     
******************************************************************************
>> Linked Fri Apr 13 11:55:47 2018

OUTPUT FILE NAME:   <FinalProj.out>
ENTRY POINT SYMBOL: "_c_int00"  address: 00006171


MEMORY CONFIGURATION

         name            origin    length      used     unused   attr    fill
----------------------  --------  ---------  --------  --------  ----  --------
  FLASH                 00000000   00040000  00006929  000396d7  R  X
  SRAM                  20000000   00008000  00001b48  000064b8  RW X


SEGMENT ALLOCATION MAP

run origin  load origin   length   init length attrs members
----------  ----------- ---------- ----------- ----- -------
00000000    00000000    00006930   00006930    r-x
  00000000    00000000    0000026c   0000026c    r-- .intvecs
  0000026c    0000026c    000062ca   000062ca    r-x .text
  00006538    00006538    000003a3   000003a3    r-- .const
  000068e0    000068e0    00000050   00000050    r-- .cinit
20000000    20000000    00001b4c   00000000    rw-
  20000000    20000000    0000026c   00000000    rw- .vtable
  2000026c    2000026c    00001000   00000000    rw- .stack
  20001270    20001270    00000800   00000000    rw- .sysmem
  20001a70    20001a70    000000a0   00000000    rw- .bss
  20001b10    20001b10    0000003c   00000000    rw- .data


SECTION ALLOCATION MAP

 output                                  attributes/
section   page    origin      length       input sections
--------  ----  ----------  ----------   ----------------
.intvecs   0    00000000    0000026c     
                  00000000    0000026c     tm4c123gh6pm_startup_ccs.obj (.intvecs)

.text      0    0000026c    000062ca     
                  0000026c    0000113e     rtsv7M4_T_le_v4SPD16_eabi.lib : _printfi.obj (.text)
                  000013aa    00000002                                   : mpu_init.obj (.text)
                  000013ac    00000cac     main.obj (.text)
                  00002058    00000a84     open_interface.obj (.text)
                  00002adc    000009ac     rtsv7M4_T_le_v4SPD16_eabi.lib : e_pow.obj (.text)
                  00003488    00000738                                   : k_rem_pio2.obj (.text)
                  00003bc0    00000508                                   : s_tan.obj (.text)
                  000040c8    000003d0                                   : memory.obj (.text)
                  00004498    00000320                                   : k_tan.obj (.text)
                  000047b8    000002ec     lcd.obj (.text)
                  00004aa4    00000248     uart.obj (.text)
                  00004cec    000001f4     rtsv7M4_T_le_v4SPD16_eabi.lib : ull_div_t2.obj (.text)
                  00004ee0    000001cc     servo.obj (.text)
                  000050ac    000001b6     rtsv7M4_T_le_v4SPD16_eabi.lib : fd_add_t2.obj (.text)
                  00005262    00000002                                   : startup.obj (.text)
                  00005264    000001b0     sonar.obj (.text)
                  00005414    00000170     rtsv7M4_T_le_v4SPD16_eabi.lib : e_sqrt.obj (.text)
                  00005584    00000158     timer.obj (.text)
                  000056dc    00000136     rtsv7M4_T_le_v4SPD16_eabi.lib : fd_div_t2.obj (.text)
                  00005812    0000012a     movement.obj (.text)
                  0000593c    000000fc     ir.obj (.text)
                  00005a38    000000fc     rtsv7M4_T_le_v4SPD16_eabi.lib : fd_mul_t2.obj (.text)
                  00005b34    000000fc                                   : s_scalbn.obj (.text)
                  00005c30    000000f8                                   : s_floor.obj (.text)
                  00005d28    0000009c                                   : memcpy_t2.obj (.text)
                  00005dc4    00000088                                   : vsnprintf.obj (.text)
                  00005e4c    00000086                                   : fd_cmp_t2.obj (.text:__aeabi_cdcmple)
                  00005ed2    00000086                                   : fd_cmp_t2.obj (.text:__aeabi_cdrcmple)
                  00005f58    0000007a                                   : memset_t2.obj (.text)
                  00005fd2    00000002     --HOLE-- [fill = 0]
                  00005fd4    00000070                                   : autoinit.obj (.text)
                  00006044    00000068                                   : copy_decompress_lzss.obj (.text:decompress:lzss)
                  000060ac    00000064                                   : s_frexp.obj (.text)
                  00006110    00000060                                   : sprintf.obj (.text)
                  00006170    00000054                                   : boot.obj (.text)
                  000061c4    00000054                                   : exit.obj (.text)
                  00006218    00000054                                   : ltoa.obj (.text)
                  0000626c    0000004c                                   : atoi.obj (.text)
                  000062b8    0000004c                                   : cpy_tbl.obj (.text)
                  00006304    00000048                                   : fd_toi_t2.obj (.text)
                  0000634c    00000044                                   : fd_tou_t2.obj (.text)
                  00006390    00000034     driverlib.lib : interrupt.obj (.text:IntRegister)
                  000063c4    0000002e     rtsv7M4_T_le_v4SPD16_eabi.lib : i_tofd_t2.obj (.text)
                  000063f2    00000020                                   : u_tofd_t2.obj (.text)
                  00006412    0000001c                                   : memccpy.obj (.text)
                  0000642e    00000018     open_interface.obj (.text:oi_parseInt)
                  00006446    00000002     --HOLE-- [fill = 0]
                  00006448    00000018     rtsv7M4_T_le_v4SPD16_eabi.lib : args_main.obj (.text)
                  00006460    00000018                                   : strcmp.obj (.text)
                  00006478    00000016                                   : strchr.obj (.text)
                  0000648e    00000002     --HOLE-- [fill = 0]
                  00006490    00000014                                   : _lock.obj (.text)
                  000064a4    00000014                                   : s_copysign.obj (.text)
                  000064b8    00000014                                   : strcpy.obj (.text)
                  000064cc    00000014                                   : strlen.obj (.text)
                  000064e0    00000010     driverlib.lib : interrupt.obj (.text:IntMasterEnable)
                  000064f0    00000010     lcd.obj (.text:lcd_clear)
                  00006500    0000000e     rtsv7M4_T_le_v4SPD16_eabi.lib : copy_decompress_none.obj (.text:decompress:none)
                  0000650e    0000000c     driverlib.lib : cpu.obj (.text:CPUcpsie)
                  0000651a    0000000c     rtsv7M4_T_le_v4SPD16_eabi.lib : copy_zero_init.obj (.text:decompress:ZI)
                  00006526    0000000c     tm4c123gh6pm_startup_ccs.obj (.text)
                  00006532    00000004     rtsv7M4_T_le_v4SPD16_eabi.lib : pre_init.obj (.text)

.const     0    00006538    000003a3     
                  00006538    00000158     rtsv7M4_T_le_v4SPD16_eabi.lib : k_rem_pio2.obj (.const:$O1$$)
                  00006690    00000101                                   : ctype.obj (.const:.string:_ctypes_)
                  00006791    00000004     lcd.obj (.const:.string:lineAddress$1)
                  00006795    00000003     --HOLE-- [fill = 0]
                  00006798    00000080     rtsv7M4_T_le_v4SPD16_eabi.lib : k_tan.obj (.const:xxx)
                  00006818    00000040     main.obj (.const:$P$T2$3)
                  00006858    00000030     rtsv7M4_T_le_v4SPD16_eabi.lib : e_pow.obj (.const:$O1$$)
                  00006888    00000020     main.obj (.const:$P$T0$1)
                  000068a8    00000020     main.obj (.const:$P$T1$2)
                  000068c8    0000000f     open_interface.obj (.const:.string:$P$T0$3)
                  000068d7    00000004     lcd.obj (.const:.string:lineAddresses$2)

.cinit     0    000068e0    00000050     
                  000068e0    0000001c     (.cinit..data.load) [load image, compression = lzss]
                  000068fc    0000000c     (__TI_handler_table)
                  00006908    00000008     (.cinit..bss.load) [load image, compression = zero_init]
                  00006910    00000008     (.cinit..vtable.load) [load image, compression = zero_init]
                  00006918    00000018     (__TI_cinit_table)

.init_array 
*          0    00000000    00000000     UNINITIALIZED

.vtable    0    20000000    0000026c     UNINITIALIZED
                  20000000    0000026c     driverlib.lib : interrupt.obj (.vtable)

.stack     0    2000026c    00001000     UNINITIALIZED
                  2000026c    00001000     --HOLE--

.sysmem    0    20001270    00000800     UNINITIALIZED
                  20001270    00000008     rtsv7M4_T_le_v4SPD16_eabi.lib : memory.obj (.sysmem)
                  20001278    000007f8     --HOLE--

.bss       0    20001a70    000000a0     UNINITIALIZED
                  20001a70    00000054     lcd.obj (.bss:lastbuffer$3)
                  20001ac4    00000034     (.common:isr_char_buffer)
                  20001af8    00000018     open_interface.obj (.bss:firmware$2)

.data      0    20001b10    0000003c     UNINITIALIZED
                  20001b10    00000010     open_interface.obj (.data)
                  20001b20    0000000c     rtsv7M4_T_le_v4SPD16_eabi.lib : exit.obj (.data:$O1$$)
                  20001b2c    0000000c                                   : memory.obj (.data:$O1$$)
                  20001b38    00000008                                   : _lock.obj (.data:$O1$$)
                  20001b40    00000004                                   : errno.obj (.data)
                  20001b44    00000004                                   : stkdepth_vars.obj (.data)
                  20001b48    00000004     uart.obj (.data)

MODULE SUMMARY

       Module                         code    ro data   rw data
       ------                         ----    -------   -------
    .\
       main.obj                       3244    128       0      
       open_interface.obj             2716    15        40     
       lcd.obj                        764     8         84     
       uart.obj                       584     0         56     
       tm4c123gh6pm_startup_ccs.obj   12      620       0      
       servo.obj                      460     0         0      
       sonar.obj                      432     0         0      
       timer.obj                      344     0         0      
       movement.obj                   298     0         0      
       ir.obj                         252     0         0      
    +--+------------------------------+-------+---------+---------+
       Total:                         9106    771       180    
                                                               
    C:/ti/TivaWare_C_Series-2.1.2.111/driverlib/ccs/Debug/driverlib.lib
       interrupt.obj                  68      0         620    
       cpu.obj                        12      0         0      
    +--+------------------------------+-------+---------+---------+
       Total:                         80      0         620    
                                                               
    C:\ti\ccsv7\tools\compiler\ti-cgt-arm_16.9.4.LTS\lib\rtsv7M4_T_le_v4SPD16_eabi.lib
       _printfi.obj                   4414    0         0      
       e_pow.obj                      2476    48        0      
       k_rem_pio2.obj                 1848    344       0      
       s_tan.obj                      1288    0         0      
       memory.obj                     976     0         12     
       k_tan.obj                      800     128       0      
       ull_div_t2.obj                 500     0         0      
       fd_add_t2.obj                  438     0         0      
       e_sqrt.obj                     368     0         0      
       fd_div_t2.obj                  310     0         0      
       fd_cmp_t2.obj                  268     0         0      
       ctype.obj                      0       257       0      
       fd_mul_t2.obj                  252     0         0      
       s_scalbn.obj                   252     0         0      
       s_floor.obj                    248     0         0      
       memcpy_t2.obj                  156     0         0      
       vsnprintf.obj                  136     0         0      
       memset_t2.obj                  122     0         0      
       autoinit.obj                   112     0         0      
       copy_decompress_lzss.obj       104     0         0      
       s_frexp.obj                    100     0         0      
       exit.obj                       84      0         12     
       sprintf.obj                    96      0         0      
       boot.obj                       84      0         0      
       ltoa.obj                       84      0         0      
       atoi.obj                       76      0         0      
       cpy_tbl.obj                    76      0         0      
       fd_toi_t2.obj                  72      0         0      
       fd_tou_t2.obj                  68      0         0      
       i_tofd_t2.obj                  46      0         0      
       u_tofd_t2.obj                  32      0         0      
       _lock.obj                      20      0         8      
       memccpy.obj                    28      0         0      
       args_main.obj                  24      0         0      
       strcmp.obj                     24      0         0      
       strchr.obj                     22      0         0      
       s_copysign.obj                 20      0         0      
       strcpy.obj                     20      0         0      
       strlen.obj                     20      0         0      
       copy_decompress_none.obj       14      0         0      
       copy_zero_init.obj             12      0         0      
       errno.obj                      0       0         4      
       pre_init.obj                   4       0         0      
       stkdepth_vars.obj              0       0         4      
       mpu_init.obj                   2       0         0      
       startup.obj                    2       0         0      
    +--+------------------------------+-------+---------+---------+
       Total:                         16098   777       40     
                                                               
       Heap:                          0       0         2048   
       Stack:                         0       0         4096   
       Linker Generated:              0       80        0      
    +--+------------------------------+-------+---------+---------+
       Grand Total:                   25284   1628      6984   


LINKER GENERATED COPY TABLES

__TI_cinit_table @ 00006918 records: 3, size/record: 8, table size: 24
	.data: load addr=000068e0, load size=0000001c bytes, run addr=20001b10, run size=0000003c bytes, compression=lzss
	.bss: load addr=00006908, load size=00000008 bytes, run addr=20001a70, run size=000000a0 bytes, compression=zero_init
	.vtable: load addr=00006910, load size=00000008 bytes, run addr=20000000, run size=0000026c bytes, compression=zero_init


LINKER GENERATED HANDLER TABLE

__TI_handler_table @ 000068fc records: 3, size/record: 4, table size: 12
	index: 0, handler: __TI_zero_init
	index: 1, handler: __TI_decompress_lzss
	index: 2, handler: __TI_decompress_none


GLOBAL SYMBOLS: SORTED ALPHABETICALLY BY Name 

address   name                           
-------   ----                           
000061c5  C$$EXIT                        
0000650f  CPUcpsie                       
000052db  ClkCyclesToCM                  
0000294f  GPIOF_Handler                  
000059af  IRVoltstoCM                    
000064e1  IntMasterEnable                
00006391  IntRegister                    
00006527  ResetISR                       
UNDEFED   SHT$$INIT_ARRAY$$Base          
UNDEFED   SHT$$INIT_ARRAY$$Limit         
00004ee1  Timer1_init                    
00004c69  UART1_Clear                    
00004c29  UART1_Handler                  
2000126c  __STACK_END                    
00001000  __STACK_SIZE                   
2000046c  __STACK_TOP                    
00000800  __SYSMEM_SIZE                  
00006918  __TI_CINIT_Base                
00006930  __TI_CINIT_Limit               
000068fc  __TI_Handler_Table_Base        
00006908  __TI_Handler_Table_Limit       
00005fd5  __TI_auto_init                 
20001b20  __TI_cleanup_ptr               
00006045  __TI_decompress_lzss           
00006501  __TI_decompress_none           
20001b24  __TI_dtors_ptr                 
20001b28  __TI_enable_exit_profile_output
ffffffff  __TI_pprof_out_hndl            
00000ab1  __TI_printfi                   
ffffffff  __TI_prof_data_size            
ffffffff  __TI_prof_data_start           
00000000  __TI_static_base__             
0000651b  __TI_zero_init                 
00005e4d  __aeabi_cdcmpeq                
00005e4d  __aeabi_cdcmple                
00005ed3  __aeabi_cdrcmple               
00006305  __aeabi_d2iz                   
0000634d  __aeabi_d2uiz                  
000050b7  __aeabi_dadd                   
000056dd  __aeabi_ddiv                   
00005a39  __aeabi_dmul                   
000050ad  __aeabi_dsub                   
000063c5  __aeabi_i2d                    
00005f59  __aeabi_memclr                 
00005f59  __aeabi_memclr4                
00005f59  __aeabi_memclr8                
00005d29  __aeabi_memcpy                 
00005d29  __aeabi_memcpy4                
00005d29  __aeabi_memcpy8                
00005f5b  __aeabi_memset                 
00005f5b  __aeabi_memset4                
00005f5b  __aeabi_memset8                
000063f3  __aeabi_ui2d                   
00004ced  __aeabi_uldivmod               
ffffffff  __binit__                      
ffffffff  __c_args__                     
00003489  __kernel_rem_pio2              
00004499  __kernel_tan                   
000013ab  __mpu_init                     
2000026c  __stack                        
00006449  _args_main                     
00006171  _c_int00                       
00006690  _ctypes_                       
20001b38  _lock                          
0000649f  _nop                           
00006497  _register_lock                 
00006491  _register_unlock               
20001270  _sys_memory                    
00005263  _system_post_cinit             
00006533  _system_pre_init               
20001b3c  _unlock                        
000061c9  abort                          
00005925  absVal                         
0000626d  atoi                           
ffffffff  binit                          
00004469  calloc                         
00005813  cleanup                        
000062b9  copy_in                        
000064a5  copysign                       
000064a5  copysignl                      
20001b40  errno                          
000061d1  exit                           
00005c31  floor                          
00005c31  floorl                         
000041b3  free                           
000060ad  frexp                          
000060ad  frexpl                         
20000000  g_pfnRAMVectors                
00000000  g_pfnVectors                   
00002971  getDegrees                     
000026fd  go_charge                      
0000593d  ir_init                        
20001ac4  isr_char_buffer                
20001b48  isr_counter                    
000064f1  lcd_clear                      
00004951  lcd_gotoLine                   
000047b9  lcd_init                       
000049b7  lcd_printf                     
00004879  lcd_putc                       
000048b1  lcd_puts                       
000048cf  lcd_sendCommand                
0000490d  lcd_sendNibble                 
00004979  lcd_setCursorPos               
00005b35  ldexp                          
00005b35  ldexpl                         
00006219  ltoa                           
000013ad  main                           
20001b44  main_func_sp                   
00004149  malloc                         
0000437d  memalign                       
00006413  memccpy                        
00005d29  memcpy                         
00005f61  memset                         
000040c9  minit                          
00005839  move_forward                   
00004f75  move_servo                     
00002059  oi_alloc                       
00002827  oi_checkFirmware               
000020af  oi_close                       
00002065  oi_free                        
00002099  oi_init                        
00002075  oi_init_noupdate               
00002693  oi_loadSong                    
0000642f  oi_parseInt                    
00002113  oi_parsePacket                 
000026e9  oi_play_song                   
0000260d  oi_setLeds                     
00002651  oi_setWheels                   
000028dd  oi_shutoff_init                
0000270b  oi_uartInit                    
000027af  oi_uartReceive                 
000027f5  oi_uartSendBuff                
00002793  oi_uartSendChar                
000027d7  oi_uartSendStr                 
000020c1  oi_update                      
00005265  ping_init                      
00005375  ping_read                      
00002add  pow                            
00002add  powl                           
00004275  realloc                        
00005b35  scalbn                         
00005b35  scalbnl                        
00005307  send_pulse                     
00005041  servo_0D                       
00005055  servo_180D                     
0000504b  servo_90D                      
00005827  setup                          
00006111  sprintf                        
00005415  sqrt                           
00005415  sqrtl                          
00006479  strchr                         
00006461  strcmp                         
000064b9  strcpy                         
000064cd  strlen                         
00003bc1  tan                            
00003bc1  tanl                           
00005695  timer_getClock                 
00005649  timer_startClock               
000055e3  timer_startTimer               
0000569b  timer_stopClock                
00005633  timer_stopTimer                
000055b9  timer_waitMicros               
00005585  timer_waitMillis               
000058bf  turn_clockwise                 
00004be7  uart_flush                     
00004aa5  uart_init                      
00004ba5  uart_receive                   
00004b7b  uart_sendBuffer                
00004b5f  uart_sendChar                  
00004c05  uart_sendStr                   
00005dc5  vsnprintf                      


GLOBAL SYMBOLS: SORTED BY Symbol Address 

address   name                           
-------   ----                           
00000000  __TI_static_base__             
00000000  g_pfnVectors                   
00000800  __SYSMEM_SIZE                  
00000ab1  __TI_printfi                   
00001000  __STACK_SIZE                   
000013ab  __mpu_init                     
000013ad  main                           
00002059  oi_alloc                       
00002065  oi_free                        
00002075  oi_init_noupdate               
00002099  oi_init                        
000020af  oi_close                       
000020c1  oi_update                      
00002113  oi_parsePacket                 
0000260d  oi_setLeds                     
00002651  oi_setWheels                   
00002693  oi_loadSong                    
000026e9  oi_play_song                   
000026fd  go_charge                      
0000270b  oi_uartInit                    
00002793  oi_uartSendChar                
000027af  oi_uartReceive                 
000027d7  oi_uartSendStr                 
000027f5  oi_uartSendBuff                
00002827  oi_checkFirmware               
000028dd  oi_shutoff_init                
0000294f  GPIOF_Handler                  
00002971  getDegrees                     
00002add  pow                            
00002add  powl                           
00003489  __kernel_rem_pio2              
00003bc1  tan                            
00003bc1  tanl                           
000040c9  minit                          
00004149  malloc                         
000041b3  free                           
00004275  realloc                        
0000437d  memalign                       
00004469  calloc                         
00004499  __kernel_tan                   
000047b9  lcd_init                       
00004879  lcd_putc                       
000048b1  lcd_puts                       
000048cf  lcd_sendCommand                
0000490d  lcd_sendNibble                 
00004951  lcd_gotoLine                   
00004979  lcd_setCursorPos               
000049b7  lcd_printf                     
00004aa5  uart_init                      
00004b5f  uart_sendChar                  
00004b7b  uart_sendBuffer                
00004ba5  uart_receive                   
00004be7  uart_flush                     
00004c05  uart_sendStr                   
00004c29  UART1_Handler                  
00004c69  UART1_Clear                    
00004ced  __aeabi_uldivmod               
00004ee1  Timer1_init                    
00004f75  move_servo                     
00005041  servo_0D                       
0000504b  servo_90D                      
00005055  servo_180D                     
000050ad  __aeabi_dsub                   
000050b7  __aeabi_dadd                   
00005263  _system_post_cinit             
00005265  ping_init                      
000052db  ClkCyclesToCM                  
00005307  send_pulse                     
00005375  ping_read                      
00005415  sqrt                           
00005415  sqrtl                          
00005585  timer_waitMillis               
000055b9  timer_waitMicros               
000055e3  timer_startTimer               
00005633  timer_stopTimer                
00005649  timer_startClock               
00005695  timer_getClock                 
0000569b  timer_stopClock                
000056dd  __aeabi_ddiv                   
00005813  cleanup                        
00005827  setup                          
00005839  move_forward                   
000058bf  turn_clockwise                 
00005925  absVal                         
0000593d  ir_init                        
000059af  IRVoltstoCM                    
00005a39  __aeabi_dmul                   
00005b35  ldexp                          
00005b35  ldexpl                         
00005b35  scalbn                         
00005b35  scalbnl                        
00005c31  floor                          
00005c31  floorl                         
00005d29  __aeabi_memcpy                 
00005d29  __aeabi_memcpy4                
00005d29  __aeabi_memcpy8                
00005d29  memcpy                         
00005dc5  vsnprintf                      
00005e4d  __aeabi_cdcmpeq                
00005e4d  __aeabi_cdcmple                
00005ed3  __aeabi_cdrcmple               
00005f59  __aeabi_memclr                 
00005f59  __aeabi_memclr4                
00005f59  __aeabi_memclr8                
00005f5b  __aeabi_memset                 
00005f5b  __aeabi_memset4                
00005f5b  __aeabi_memset8                
00005f61  memset                         
00005fd5  __TI_auto_init                 
00006045  __TI_decompress_lzss           
000060ad  frexp                          
000060ad  frexpl                         
00006111  sprintf                        
00006171  _c_int00                       
000061c5  C$$EXIT                        
000061c9  abort                          
000061d1  exit                           
00006219  ltoa                           
0000626d  atoi                           
000062b9  copy_in                        
00006305  __aeabi_d2iz                   
0000634d  __aeabi_d2uiz                  
00006391  IntRegister                    
000063c5  __aeabi_i2d                    
000063f3  __aeabi_ui2d                   
00006413  memccpy                        
0000642f  oi_parseInt                    
00006449  _args_main                     
00006461  strcmp                         
00006479  strchr                         
00006491  _register_unlock               
00006497  _register_lock                 
0000649f  _nop                           
000064a5  copysign                       
000064a5  copysignl                      
000064b9  strcpy                         
000064cd  strlen                         
000064e1  IntMasterEnable                
000064f1  lcd_clear                      
00006501  __TI_decompress_none           
0000650f  CPUcpsie                       
0000651b  __TI_zero_init                 
00006527  ResetISR                       
00006533  _system_pre_init               
00006690  _ctypes_                       
000068fc  __TI_Handler_Table_Base        
00006908  __TI_Handler_Table_Limit       
00006918  __TI_CINIT_Base                
00006930  __TI_CINIT_Limit               
20000000  g_pfnRAMVectors                
2000026c  __stack                        
2000046c  __STACK_TOP                    
2000126c  __STACK_END                    
20001270  _sys_memory                    
20001ac4  isr_char_buffer                
20001b20  __TI_cleanup_ptr               
20001b24  __TI_dtors_ptr                 
20001b28  __TI_enable_exit_profile_output
20001b38  _lock                          
20001b3c  _unlock                        
20001b40  errno                          
20001b44  main_func_sp                   
20001b48  isr_counter                    
ffffffff  __TI_pprof_out_hndl            
ffffffff  __TI_prof_data_size            
ffffffff  __TI_prof_data_start           
ffffffff  __binit__                      
ffffffff  __c_args__                     
ffffffff  binit                          
UNDEFED   SHT$$INIT_ARRAY$$Base          
UNDEFED   SHT$$INIT_ARRAY$$Limit         

[171 symbols]
