<?xml version="1.0"?>
<link_info>
   <banner>TI ARM Linker PC v16.9.4.LTS</banner>
   <copyright>Copyright (c) 1996-2017 Texas Instruments Incorporated</copyright>
   <link_time>0x5ad0e113</link_time>
   <link_errors>0x0</link_errors>
   <output_file>FinalProj.out</output_file>
   <entry_point>
      <name>_c_int00</name>
      <address>0x6171</address>
   </entry_point>
   <input_file_list>
      <input_file id="fl-2">
         <path>.\</path>
         <kind>object</kind>
         <file>WiFi.obj</file>
         <name>WiFi.obj</name>
      </input_file>
      <input_file id="fl-3">
         <path>.\</path>
         <kind>object</kind>
         <file>button.obj</file>
         <name>button.obj</name>
      </input_file>
      <input_file id="fl-4">
         <path>.\</path>
         <kind>object</kind>
         <file>ir.obj</file>
         <name>ir.obj</name>
      </input_file>
      <input_file id="fl-5">
         <path>.\</path>
         <kind>object</kind>
         <file>lcd.obj</file>
         <name>lcd.obj</name>
      </input_file>
      <input_file id="fl-6">
         <path>.\</path>
         <kind>object</kind>
         <file>main.obj</file>
         <name>main.obj</name>
      </input_file>
      <input_file id="fl-7">
         <path>.\</path>
         <kind>object</kind>
         <file>movement.obj</file>
         <name>movement.obj</name>
      </input_file>
      <input_file id="fl-8">
         <path>.\</path>
         <kind>object</kind>
         <file>open_interface.obj</file>
         <name>open_interface.obj</name>
      </input_file>
      <input_file id="fl-9">
         <path>.\</path>
         <kind>object</kind>
         <file>servo.obj</file>
         <name>servo.obj</name>
      </input_file>
      <input_file id="fl-a">
         <path>.\</path>
         <kind>object</kind>
         <file>sonar.obj</file>
         <name>sonar.obj</name>
      </input_file>
      <input_file id="fl-b">
         <path>.\</path>
         <kind>object</kind>
         <file>timer.obj</file>
         <name>timer.obj</name>
      </input_file>
      <input_file id="fl-c">
         <path>.\</path>
         <kind>object</kind>
         <file>tm4c123gh6pm_startup_ccs.obj</file>
         <name>tm4c123gh6pm_startup_ccs.obj</name>
      </input_file>
      <input_file id="fl-d">
         <path>.\</path>
         <kind>object</kind>
         <file>uart.obj</file>
         <name>uart.obj</name>
      </input_file>
      <input_file id="fl-12">
         <kind>object</kind>
         <file>&lt;internal&gt;</file>
         <name>&lt;internal&gt;</name>
      </input_file>
      <input_file id="fl-c8">
         <path>C:\ti\ccsv7\tools\compiler\ti-cgt-arm_16.9.4.LTS\lib\</path>
         <kind>archive</kind>
         <file>rtsv7M4_T_le_v4SPD16_eabi.lib</file>
         <name>atoi.obj</name>
      </input_file>
      <input_file id="fl-c9">
         <path>C:\ti\ccsv7\tools\compiler\ti-cgt-arm_16.9.4.LTS\lib\</path>
         <kind>archive</kind>
         <file>rtsv7M4_T_le_v4SPD16_eabi.lib</file>
         <name>boot.obj</name>
      </input_file>
      <input_file id="fl-ca">
         <path>C:\ti\ccsv7\tools\compiler\ti-cgt-arm_16.9.4.LTS\lib\</path>
         <kind>archive</kind>
         <file>rtsv7M4_T_le_v4SPD16_eabi.lib</file>
         <name>copy_decompress_lzss.obj</name>
      </input_file>
      <input_file id="fl-cb">
         <path>C:\ti\ccsv7\tools\compiler\ti-cgt-arm_16.9.4.LTS\lib\</path>
         <kind>archive</kind>
         <file>rtsv7M4_T_le_v4SPD16_eabi.lib</file>
         <name>copy_decompress_none.obj</name>
      </input_file>
      <input_file id="fl-cc">
         <path>C:\ti\ccsv7\tools\compiler\ti-cgt-arm_16.9.4.LTS\lib\</path>
         <kind>archive</kind>
         <file>rtsv7M4_T_le_v4SPD16_eabi.lib</file>
         <name>copy_zero_init.obj</name>
      </input_file>
      <input_file id="fl-cd">
         <path>C:\ti\ccsv7\tools\compiler\ti-cgt-arm_16.9.4.LTS\lib\</path>
         <kind>archive</kind>
         <file>rtsv7M4_T_le_v4SPD16_eabi.lib</file>
         <name>ctype.obj</name>
      </input_file>
      <input_file id="fl-ce">
         <path>C:\ti\ccsv7\tools\compiler\ti-cgt-arm_16.9.4.LTS\lib\</path>
         <kind>archive</kind>
         <file>rtsv7M4_T_le_v4SPD16_eabi.lib</file>
         <name>e_pow.obj</name>
      </input_file>
      <input_file id="fl-cf">
         <path>C:\ti\ccsv7\tools\compiler\ti-cgt-arm_16.9.4.LTS\lib\</path>
         <kind>archive</kind>
         <file>rtsv7M4_T_le_v4SPD16_eabi.lib</file>
         <name>e_sqrt.obj</name>
      </input_file>
      <input_file id="fl-d0">
         <path>C:\ti\ccsv7\tools\compiler\ti-cgt-arm_16.9.4.LTS\lib\</path>
         <kind>archive</kind>
         <file>rtsv7M4_T_le_v4SPD16_eabi.lib</file>
         <name>errno.obj</name>
      </input_file>
      <input_file id="fl-d1">
         <path>C:\ti\ccsv7\tools\compiler\ti-cgt-arm_16.9.4.LTS\lib\</path>
         <kind>archive</kind>
         <file>rtsv7M4_T_le_v4SPD16_eabi.lib</file>
         <name>exit.obj</name>
      </input_file>
      <input_file id="fl-d2">
         <path>C:\ti\ccsv7\tools\compiler\ti-cgt-arm_16.9.4.LTS\lib\</path>
         <kind>archive</kind>
         <file>rtsv7M4_T_le_v4SPD16_eabi.lib</file>
         <name>fd_add_t2.obj</name>
      </input_file>
      <input_file id="fl-d3">
         <path>C:\ti\ccsv7\tools\compiler\ti-cgt-arm_16.9.4.LTS\lib\</path>
         <kind>archive</kind>
         <file>rtsv7M4_T_le_v4SPD16_eabi.lib</file>
         <name>fd_cmp_t2.obj</name>
      </input_file>
      <input_file id="fl-d4">
         <path>C:\ti\ccsv7\tools\compiler\ti-cgt-arm_16.9.4.LTS\lib\</path>
         <kind>archive</kind>
         <file>rtsv7M4_T_le_v4SPD16_eabi.lib</file>
         <name>fd_div_t2.obj</name>
      </input_file>
      <input_file id="fl-d5">
         <path>C:\ti\ccsv7\tools\compiler\ti-cgt-arm_16.9.4.LTS\lib\</path>
         <kind>archive</kind>
         <file>rtsv7M4_T_le_v4SPD16_eabi.lib</file>
         <name>fd_mul_t2.obj</name>
      </input_file>
      <input_file id="fl-d6">
         <path>C:\ti\ccsv7\tools\compiler\ti-cgt-arm_16.9.4.LTS\lib\</path>
         <kind>archive</kind>
         <file>rtsv7M4_T_le_v4SPD16_eabi.lib</file>
         <name>fd_toi_t2.obj</name>
      </input_file>
      <input_file id="fl-d7">
         <path>C:\ti\ccsv7\tools\compiler\ti-cgt-arm_16.9.4.LTS\lib\</path>
         <kind>archive</kind>
         <file>rtsv7M4_T_le_v4SPD16_eabi.lib</file>
         <name>fd_tou_t2.obj</name>
      </input_file>
      <input_file id="fl-d8">
         <path>C:\ti\ccsv7\tools\compiler\ti-cgt-arm_16.9.4.LTS\lib\</path>
         <kind>archive</kind>
         <file>rtsv7M4_T_le_v4SPD16_eabi.lib</file>
         <name>i_tofd_t2.obj</name>
      </input_file>
      <input_file id="fl-d9">
         <path>C:\ti\ccsv7\tools\compiler\ti-cgt-arm_16.9.4.LTS\lib\</path>
         <kind>archive</kind>
         <file>rtsv7M4_T_le_v4SPD16_eabi.lib</file>
         <name>memcpy_t2.obj</name>
      </input_file>
      <input_file id="fl-da">
         <path>C:\ti\ccsv7\tools\compiler\ti-cgt-arm_16.9.4.LTS\lib\</path>
         <kind>archive</kind>
         <file>rtsv7M4_T_le_v4SPD16_eabi.lib</file>
         <name>memory.obj</name>
      </input_file>
      <input_file id="fl-db">
         <path>C:\ti\ccsv7\tools\compiler\ti-cgt-arm_16.9.4.LTS\lib\</path>
         <kind>archive</kind>
         <file>rtsv7M4_T_le_v4SPD16_eabi.lib</file>
         <name>memset_t2.obj</name>
      </input_file>
      <input_file id="fl-dc">
         <path>C:\ti\ccsv7\tools\compiler\ti-cgt-arm_16.9.4.LTS\lib\</path>
         <kind>archive</kind>
         <file>rtsv7M4_T_le_v4SPD16_eabi.lib</file>
         <name>mpu_init.obj</name>
      </input_file>
      <input_file id="fl-dd">
         <path>C:\ti\ccsv7\tools\compiler\ti-cgt-arm_16.9.4.LTS\lib\</path>
         <kind>archive</kind>
         <file>rtsv7M4_T_le_v4SPD16_eabi.lib</file>
         <name>pre_init.obj</name>
      </input_file>
      <input_file id="fl-de">
         <path>C:\ti\ccsv7\tools\compiler\ti-cgt-arm_16.9.4.LTS\lib\</path>
         <kind>archive</kind>
         <file>rtsv7M4_T_le_v4SPD16_eabi.lib</file>
         <name>s_scalbn.obj</name>
      </input_file>
      <input_file id="fl-df">
         <path>C:\ti\ccsv7\tools\compiler\ti-cgt-arm_16.9.4.LTS\lib\</path>
         <kind>archive</kind>
         <file>rtsv7M4_T_le_v4SPD16_eabi.lib</file>
         <name>s_tan.obj</name>
      </input_file>
      <input_file id="fl-e0">
         <path>C:\ti\ccsv7\tools\compiler\ti-cgt-arm_16.9.4.LTS\lib\</path>
         <kind>archive</kind>
         <file>rtsv7M4_T_le_v4SPD16_eabi.lib</file>
         <name>sprintf.obj</name>
      </input_file>
      <input_file id="fl-e1">
         <path>C:\ti\ccsv7\tools\compiler\ti-cgt-arm_16.9.4.LTS\lib\</path>
         <kind>archive</kind>
         <file>rtsv7M4_T_le_v4SPD16_eabi.lib</file>
         <name>stkdepth_vars.obj</name>
      </input_file>
      <input_file id="fl-e2">
         <path>C:\ti\ccsv7\tools\compiler\ti-cgt-arm_16.9.4.LTS\lib\</path>
         <kind>archive</kind>
         <file>rtsv7M4_T_le_v4SPD16_eabi.lib</file>
         <name>strcmp.obj</name>
      </input_file>
      <input_file id="fl-e3">
         <path>C:\ti\ccsv7\tools\compiler\ti-cgt-arm_16.9.4.LTS\lib\</path>
         <kind>archive</kind>
         <file>rtsv7M4_T_le_v4SPD16_eabi.lib</file>
         <name>strcpy.obj</name>
      </input_file>
      <input_file id="fl-e4">
         <path>C:\ti\ccsv7\tools\compiler\ti-cgt-arm_16.9.4.LTS\lib\</path>
         <kind>archive</kind>
         <file>rtsv7M4_T_le_v4SPD16_eabi.lib</file>
         <name>strlen.obj</name>
      </input_file>
      <input_file id="fl-e5">
         <path>C:\ti\ccsv7\tools\compiler\ti-cgt-arm_16.9.4.LTS\lib\</path>
         <kind>archive</kind>
         <file>rtsv7M4_T_le_v4SPD16_eabi.lib</file>
         <name>u_tofd_t2.obj</name>
      </input_file>
      <input_file id="fl-e6">
         <path>C:\ti\ccsv7\tools\compiler\ti-cgt-arm_16.9.4.LTS\lib\</path>
         <kind>archive</kind>
         <file>rtsv7M4_T_le_v4SPD16_eabi.lib</file>
         <name>vsnprintf.obj</name>
      </input_file>
      <input_file id="fl-e7">
         <path>C:\ti\ccsv7\tools\compiler\ti-cgt-arm_16.9.4.LTS\lib\</path>
         <kind>archive</kind>
         <file>rtsv7M4_T_le_v4SPD16_eabi.lib</file>
         <name>_lock.obj</name>
      </input_file>
      <input_file id="fl-e8">
         <path>C:\ti\ccsv7\tools\compiler\ti-cgt-arm_16.9.4.LTS\lib\</path>
         <kind>archive</kind>
         <file>rtsv7M4_T_le_v4SPD16_eabi.lib</file>
         <name>_printfi.obj</name>
      </input_file>
      <input_file id="fl-e9">
         <path>C:\ti\ccsv7\tools\compiler\ti-cgt-arm_16.9.4.LTS\lib\</path>
         <kind>archive</kind>
         <file>rtsv7M4_T_le_v4SPD16_eabi.lib</file>
         <name>args_main.obj</name>
      </input_file>
      <input_file id="fl-ea">
         <path>C:\ti\ccsv7\tools\compiler\ti-cgt-arm_16.9.4.LTS\lib\</path>
         <kind>archive</kind>
         <file>rtsv7M4_T_le_v4SPD16_eabi.lib</file>
         <name>autoinit.obj</name>
      </input_file>
      <input_file id="fl-eb">
         <path>C:\ti\ccsv7\tools\compiler\ti-cgt-arm_16.9.4.LTS\lib\</path>
         <kind>archive</kind>
         <file>rtsv7M4_T_le_v4SPD16_eabi.lib</file>
         <name>cpy_tbl.obj</name>
      </input_file>
      <input_file id="fl-ec">
         <path>C:\ti\ccsv7\tools\compiler\ti-cgt-arm_16.9.4.LTS\lib\</path>
         <kind>archive</kind>
         <file>rtsv7M4_T_le_v4SPD16_eabi.lib</file>
         <name>k_rem_pio2.obj</name>
      </input_file>
      <input_file id="fl-ed">
         <path>C:\ti\ccsv7\tools\compiler\ti-cgt-arm_16.9.4.LTS\lib\</path>
         <kind>archive</kind>
         <file>rtsv7M4_T_le_v4SPD16_eabi.lib</file>
         <name>k_tan.obj</name>
      </input_file>
      <input_file id="fl-ee">
         <path>C:\ti\ccsv7\tools\compiler\ti-cgt-arm_16.9.4.LTS\lib\</path>
         <kind>archive</kind>
         <file>rtsv7M4_T_le_v4SPD16_eabi.lib</file>
         <name>ltoa.obj</name>
      </input_file>
      <input_file id="fl-ef">
         <path>C:\ti\ccsv7\tools\compiler\ti-cgt-arm_16.9.4.LTS\lib\</path>
         <kind>archive</kind>
         <file>rtsv7M4_T_le_v4SPD16_eabi.lib</file>
         <name>memccpy.obj</name>
      </input_file>
      <input_file id="fl-f0">
         <path>C:\ti\ccsv7\tools\compiler\ti-cgt-arm_16.9.4.LTS\lib\</path>
         <kind>archive</kind>
         <file>rtsv7M4_T_le_v4SPD16_eabi.lib</file>
         <name>s_copysign.obj</name>
      </input_file>
      <input_file id="fl-f1">
         <path>C:\ti\ccsv7\tools\compiler\ti-cgt-arm_16.9.4.LTS\lib\</path>
         <kind>archive</kind>
         <file>rtsv7M4_T_le_v4SPD16_eabi.lib</file>
         <name>s_floor.obj</name>
      </input_file>
      <input_file id="fl-f2">
         <path>C:\ti\ccsv7\tools\compiler\ti-cgt-arm_16.9.4.LTS\lib\</path>
         <kind>archive</kind>
         <file>rtsv7M4_T_le_v4SPD16_eabi.lib</file>
         <name>s_frexp.obj</name>
      </input_file>
      <input_file id="fl-f3">
         <path>C:\ti\ccsv7\tools\compiler\ti-cgt-arm_16.9.4.LTS\lib\</path>
         <kind>archive</kind>
         <file>rtsv7M4_T_le_v4SPD16_eabi.lib</file>
         <name>startup.obj</name>
      </input_file>
      <input_file id="fl-f4">
         <path>C:\ti\ccsv7\tools\compiler\ti-cgt-arm_16.9.4.LTS\lib\</path>
         <kind>archive</kind>
         <file>rtsv7M4_T_le_v4SPD16_eabi.lib</file>
         <name>strchr.obj</name>
      </input_file>
      <input_file id="fl-f5">
         <path>C:\ti\ccsv7\tools\compiler\ti-cgt-arm_16.9.4.LTS\lib\</path>
         <kind>archive</kind>
         <file>rtsv7M4_T_le_v4SPD16_eabi.lib</file>
         <name>ull_div_t2.obj</name>
      </input_file>
      <input_file id="fl-f6">
         <path>C:\ti\TivaWare_C_Series-2.1.2.111\driverlib\ccs\Debug\</path>
         <kind>archive</kind>
         <file>driverlib.lib</file>
         <name>interrupt.obj</name>
      </input_file>
      <input_file id="fl-f7">
         <path>C:\ti\TivaWare_C_Series-2.1.2.111\driverlib\ccs\Debug\</path>
         <kind>archive</kind>
         <file>driverlib.lib</file>
         <name>cpu.obj</name>
      </input_file>
   </input_file_list>
   <object_component_list>
      <object_component id="oc-f">
         <name>.intvecs</name>
         <load_address>0x0</load_address>
         <run_address>0x0</run_address>
         <size>0x26c</size>
         <input_file_ref idref="fl-c"/>
      </object_component>
      <object_component id="oc-1be">
         <name>.text</name>
         <load_address>0x26c</load_address>
         <run_address>0x26c</run_address>
         <size>0x113e</size>
         <input_file_ref idref="fl-e8"/>
      </object_component>
      <object_component id="oc-5a">
         <name>.text</name>
         <load_address>0x13aa</load_address>
         <run_address>0x13aa</run_address>
         <size>0x2</size>
         <input_file_ref idref="fl-dc"/>
      </object_component>
      <object_component id="oc-ae">
         <name>.text</name>
         <load_address>0x13ac</load_address>
         <run_address>0x13ac</run_address>
         <size>0xcac</size>
         <input_file_ref idref="fl-6"/>
      </object_component>
      <object_component id="oc-1e7">
         <name>.text</name>
         <load_address>0x2058</load_address>
         <run_address>0x2058</run_address>
         <size>0xa84</size>
         <input_file_ref idref="fl-8"/>
      </object_component>
      <object_component id="oc-19a">
         <name>.text</name>
         <load_address>0x2adc</load_address>
         <run_address>0x2adc</run_address>
         <size>0x9ac</size>
         <input_file_ref idref="fl-ce"/>
      </object_component>
      <object_component id="oc-1cb">
         <name>.text</name>
         <load_address>0x3488</load_address>
         <run_address>0x3488</run_address>
         <size>0x738</size>
         <input_file_ref idref="fl-ec"/>
      </object_component>
      <object_component id="oc-12a">
         <name>.text</name>
         <load_address>0x3bc0</load_address>
         <run_address>0x3bc0</run_address>
         <size>0x508</size>
         <input_file_ref idref="fl-df"/>
      </object_component>
      <object_component id="oc-28b">
         <name>.text</name>
         <load_address>0x40c8</load_address>
         <run_address>0x40c8</run_address>
         <size>0x3d0</size>
         <input_file_ref idref="fl-da"/>
      </object_component>
      <object_component id="oc-1d1">
         <name>.text</name>
         <load_address>0x4498</load_address>
         <run_address>0x4498</run_address>
         <size>0x320</size>
         <input_file_ref idref="fl-ed"/>
      </object_component>
      <object_component id="oc-de">
         <name>.text</name>
         <load_address>0x47b8</load_address>
         <run_address>0x47b8</run_address>
         <size>0x2ec</size>
         <input_file_ref idref="fl-5"/>
      </object_component>
      <object_component id="oc-f6">
         <name>.text</name>
         <load_address>0x4aa4</load_address>
         <run_address>0x4aa4</run_address>
         <size>0x248</size>
         <input_file_ref idref="fl-d"/>
      </object_component>
      <object_component id="oc-23b">
         <name>.text</name>
         <load_address>0x4cec</load_address>
         <run_address>0x4cec</run_address>
         <size>0x1f4</size>
         <input_file_ref idref="fl-f5"/>
      </object_component>
      <object_component id="oc-e4">
         <name>.text</name>
         <load_address>0x4ee0</load_address>
         <run_address>0x4ee0</run_address>
         <size>0x1cc</size>
         <input_file_ref idref="fl-9"/>
      </object_component>
      <object_component id="oc-11b">
         <name>.text</name>
         <load_address>0x50ac</load_address>
         <run_address>0x50ac</run_address>
         <size>0x1b6</size>
         <input_file_ref idref="fl-d2"/>
      </object_component>
      <object_component id="oc-a6">
         <name>.text</name>
         <load_address>0x5262</load_address>
         <run_address>0x5262</run_address>
         <size>0x2</size>
         <input_file_ref idref="fl-f3"/>
      </object_component>
      <object_component id="oc-f0">
         <name>.text</name>
         <load_address>0x5264</load_address>
         <run_address>0x5264</run_address>
         <size>0x1b0</size>
         <input_file_ref idref="fl-a"/>
      </object_component>
      <object_component id="oc-216">
         <name>.text</name>
         <load_address>0x5414</load_address>
         <run_address>0x5414</run_address>
         <size>0x170</size>
         <input_file_ref idref="fl-cf"/>
      </object_component>
      <object_component id="oc-fc">
         <name>.text</name>
         <load_address>0x5584</load_address>
         <run_address>0x5584</run_address>
         <size>0x158</size>
         <input_file_ref idref="fl-b"/>
      </object_component>
      <object_component id="oc-116">
         <name>.text</name>
         <load_address>0x56dc</load_address>
         <run_address>0x56dc</run_address>
         <size>0x136</size>
         <input_file_ref idref="fl-d4"/>
      </object_component>
      <object_component id="oc-13b">
         <name>.text</name>
         <load_address>0x5812</load_address>
         <run_address>0x5812</run_address>
         <size>0x12a</size>
         <input_file_ref idref="fl-7"/>
      </object_component>
      <object_component id="oc-ea">
         <name>.text</name>
         <load_address>0x593c</load_address>
         <run_address>0x593c</run_address>
         <size>0xfc</size>
         <input_file_ref idref="fl-4"/>
      </object_component>
      <object_component id="oc-125">
         <name>.text</name>
         <load_address>0x5a38</load_address>
         <run_address>0x5a38</run_address>
         <size>0xfc</size>
         <input_file_ref idref="fl-d5"/>
      </object_component>
      <object_component id="oc-21f">
         <name>.text</name>
         <load_address>0x5b34</load_address>
         <run_address>0x5b34</run_address>
         <size>0xfc</size>
         <input_file_ref idref="fl-de"/>
      </object_component>
      <object_component id="oc-26c">
         <name>.text</name>
         <load_address>0x5c30</load_address>
         <run_address>0x5c30</run_address>
         <size>0xf8</size>
         <input_file_ref idref="fl-f1"/>
      </object_component>
      <object_component id="oc-42">
         <name>.text</name>
         <load_address>0x5d28</load_address>
         <run_address>0x5d28</run_address>
         <size>0x9c</size>
         <input_file_ref idref="fl-d9"/>
      </object_component>
      <object_component id="oc-16e">
         <name>.text</name>
         <load_address>0x5dc4</load_address>
         <run_address>0x5dc4</run_address>
         <size>0x88</size>
         <input_file_ref idref="fl-e6"/>
      </object_component>
      <object_component id="oc-18f">
         <name>.text:__aeabi_cdcmple</name>
         <load_address>0x5e4c</load_address>
         <run_address>0x5e4c</run_address>
         <size>0x86</size>
         <input_file_ref idref="fl-d3"/>
      </object_component>
      <object_component id="oc-130">
         <name>.text:__aeabi_cdrcmple</name>
         <load_address>0x5ed2</load_address>
         <run_address>0x5ed2</run_address>
         <size>0x86</size>
         <input_file_ref idref="fl-d3"/>
      </object_component>
      <object_component id="oc-4e">
         <name>.text</name>
         <load_address>0x5f58</load_address>
         <run_address>0x5f58</run_address>
         <size>0x7a</size>
         <input_file_ref idref="fl-db"/>
      </object_component>
      <object_component id="oc-66">
         <name>.text</name>
         <load_address>0x5fd4</load_address>
         <run_address>0x5fd4</run_address>
         <size>0x70</size>
         <input_file_ref idref="fl-ea"/>
      </object_component>
      <object_component id="oc-12">
         <name>.text:decompress:lzss</name>
         <load_address>0x6044</load_address>
         <run_address>0x6044</run_address>
         <size>0x68</size>
         <input_file_ref idref="fl-ca"/>
      </object_component>
      <object_component id="oc-24c">
         <name>.text</name>
         <load_address>0x60ac</load_address>
         <run_address>0x60ac</run_address>
         <size>0x64</size>
         <input_file_ref idref="fl-f2"/>
      </object_component>
      <object_component id="oc-10b">
         <name>.text</name>
         <load_address>0x6110</load_address>
         <run_address>0x6110</run_address>
         <size>0x60</size>
         <input_file_ref idref="fl-e0"/>
      </object_component>
      <object_component id="oc-24">
         <name>.text</name>
         <load_address>0x6170</load_address>
         <run_address>0x6170</run_address>
         <size>0x54</size>
         <input_file_ref idref="fl-c9"/>
      </object_component>
      <object_component id="oc-72">
         <name>.text</name>
         <load_address>0x61c4</load_address>
         <run_address>0x61c4</run_address>
         <size>0x54</size>
         <input_file_ref idref="fl-d1"/>
      </object_component>
      <object_component id="oc-246">
         <name>.text</name>
         <load_address>0x6218</load_address>
         <run_address>0x6218</run_address>
         <size>0x54</size>
         <input_file_ref idref="fl-ee"/>
      </object_component>
      <object_component id="oc-135">
         <name>.text</name>
         <load_address>0x626c</load_address>
         <run_address>0x626c</run_address>
         <size>0x4c</size>
         <input_file_ref idref="fl-c8"/>
      </object_component>
      <object_component id="oc-a0">
         <name>.text</name>
         <load_address>0x62b8</load_address>
         <run_address>0x62b8</run_address>
         <size>0x4c</size>
         <input_file_ref idref="fl-eb"/>
      </object_component>
      <object_component id="oc-120">
         <name>.text</name>
         <load_address>0x6304</load_address>
         <run_address>0x6304</run_address>
         <size>0x48</size>
         <input_file_ref idref="fl-d6"/>
      </object_component>
      <object_component id="oc-194">
         <name>.text</name>
         <load_address>0x634c</load_address>
         <run_address>0x634c</run_address>
         <size>0x44</size>
         <input_file_ref idref="fl-d7"/>
      </object_component>
      <object_component id="oc-1a2">
         <name>.text:IntRegister</name>
         <load_address>0x6390</load_address>
         <run_address>0x6390</run_address>
         <size>0x34</size>
         <input_file_ref idref="fl-f6"/>
      </object_component>
      <object_component id="oc-111">
         <name>.text</name>
         <load_address>0x63c4</load_address>
         <run_address>0x63c4</run_address>
         <size>0x2e</size>
         <input_file_ref idref="fl-d8"/>
      </object_component>
      <object_component id="oc-18a">
         <name>.text</name>
         <load_address>0x63f2</load_address>
         <run_address>0x63f2</run_address>
         <size>0x20</size>
         <input_file_ref idref="fl-e5"/>
      </object_component>
      <object_component id="oc-258">
         <name>.text</name>
         <load_address>0x6412</load_address>
         <run_address>0x6412</run_address>
         <size>0x1c</size>
         <input_file_ref idref="fl-ef"/>
      </object_component>
      <object_component id="oc-291">
         <name>.text:oi_parseInt</name>
         <load_address>0x642e</load_address>
         <run_address>0x642e</run_address>
         <size>0x18</size>
         <input_file_ref idref="fl-8"/>
      </object_component>
      <object_component id="oc-6c">
         <name>.text</name>
         <load_address>0x6448</load_address>
         <run_address>0x6448</run_address>
         <size>0x18</size>
         <input_file_ref idref="fl-e9"/>
      </object_component>
      <object_component id="oc-174">
         <name>.text</name>
         <load_address>0x6460</load_address>
         <run_address>0x6460</run_address>
         <size>0x18</size>
         <input_file_ref idref="fl-e2"/>
      </object_component>
      <object_component id="oc-252">
         <name>.text</name>
         <load_address>0x6478</load_address>
         <run_address>0x6478</run_address>
         <size>0x16</size>
         <input_file_ref idref="fl-f4"/>
      </object_component>
      <object_component id="oc-14f">
         <name>.text</name>
         <load_address>0x6490</load_address>
         <run_address>0x6490</run_address>
         <size>0x14</size>
         <input_file_ref idref="fl-e7"/>
      </object_component>
      <object_component id="oc-2ad">
         <name>.text</name>
         <load_address>0x64a4</load_address>
         <run_address>0x64a4</run_address>
         <size>0x14</size>
         <input_file_ref idref="fl-f0"/>
      </object_component>
      <object_component id="oc-17a">
         <name>.text</name>
         <load_address>0x64b8</load_address>
         <run_address>0x64b8</run_address>
         <size>0x14</size>
         <input_file_ref idref="fl-e3"/>
      </object_component>
      <object_component id="oc-240">
         <name>.text</name>
         <load_address>0x64cc</load_address>
         <run_address>0x64cc</run_address>
         <size>0x14</size>
         <input_file_ref idref="fl-e4"/>
      </object_component>
      <object_component id="oc-1a8">
         <name>.text:IntMasterEnable</name>
         <load_address>0x64e0</load_address>
         <run_address>0x64e0</run_address>
         <size>0x10</size>
         <input_file_ref idref="fl-f6"/>
      </object_component>
      <object_component id="oc-167">
         <name>.text:lcd_clear</name>
         <load_address>0x64f0</load_address>
         <run_address>0x64f0</run_address>
         <size>0x10</size>
         <input_file_ref idref="fl-5"/>
      </object_component>
      <object_component id="oc-18">
         <name>.text:decompress:none</name>
         <load_address>0x6500</load_address>
         <run_address>0x6500</run_address>
         <size>0xe</size>
         <input_file_ref idref="fl-cb"/>
      </object_component>
      <object_component id="oc-22d">
         <name>.text:CPUcpsie</name>
         <load_address>0x650e</load_address>
         <run_address>0x650e</run_address>
         <size>0xc</size>
         <input_file_ref idref="fl-f7"/>
      </object_component>
      <object_component id="oc-1e">
         <name>.text:decompress:ZI</name>
         <load_address>0x651a</load_address>
         <run_address>0x651a</run_address>
         <size>0xc</size>
         <input_file_ref idref="fl-cc"/>
      </object_component>
      <object_component id="oc-2e">
         <name>.text</name>
         <load_address>0x6526</load_address>
         <run_address>0x6526</run_address>
         <size>0xc</size>
         <input_file_ref idref="fl-c"/>
      </object_component>
      <object_component id="oc-60">
         <name>.text</name>
         <load_address>0x6532</load_address>
         <run_address>0x6532</run_address>
         <size>0x4</size>
         <input_file_ref idref="fl-dd"/>
      </object_component>
      <object_component id="oc-272">
         <name>.const:$O1$$</name>
         <load_address>0x6538</load_address>
         <run_address>0x6538</run_address>
         <size>0x158</size>
         <input_file_ref idref="fl-ec"/>
      </object_component>
      <object_component id="oc-1e2">
         <name>.const:.string:_ctypes_</name>
         <load_address>0x6690</load_address>
         <run_address>0x6690</run_address>
         <size>0x101</size>
         <input_file_ref idref="fl-cd"/>
      </object_component>
      <object_component id="oc-180">
         <name>.const:.string:lineAddress$1</name>
         <load_address>0x6791</load_address>
         <run_address>0x6791</run_address>
         <size>0x4</size>
         <input_file_ref idref="fl-5"/>
      </object_component>
      <object_component id="oc-27d">
         <name>.const:xxx</name>
         <load_address>0x6798</load_address>
         <run_address>0x6798</run_address>
         <size>0x80</size>
         <input_file_ref idref="fl-ed"/>
      </object_component>
      <object_component id="oc-108">
         <name>.const:$P$T2$3</name>
         <load_address>0x6818</load_address>
         <run_address>0x6818</run_address>
         <size>0x40</size>
         <input_file_ref idref="fl-6"/>
      </object_component>
      <object_component id="oc-21c">
         <name>.const:$O1$$</name>
         <load_address>0x6858</load_address>
         <run_address>0x6858</run_address>
         <size>0x30</size>
         <input_file_ref idref="fl-ce"/>
      </object_component>
      <object_component id="oc-102">
         <name>.const:$P$T0$1</name>
         <load_address>0x6888</load_address>
         <run_address>0x6888</run_address>
         <size>0x20</size>
         <input_file_ref idref="fl-6"/>
      </object_component>
      <object_component id="oc-105">
         <name>.const:$P$T1$2</name>
         <load_address>0x68a8</load_address>
         <run_address>0x68a8</run_address>
         <size>0x20</size>
         <input_file_ref idref="fl-6"/>
      </object_component>
      <object_component id="oc-299">
         <name>.const:.string:$P$T0$3</name>
         <load_address>0x68c8</load_address>
         <run_address>0x68c8</run_address>
         <size>0xf</size>
         <input_file_ref idref="fl-8"/>
      </object_component>
      <object_component id="oc-181">
         <name>.const:.string:lineAddresses$2</name>
         <load_address>0x68d7</load_address>
         <run_address>0x68d7</run_address>
         <size>0x4</size>
         <input_file_ref idref="fl-5"/>
      </object_component>
      <object_component id="oc-317">
         <name>.cinit..data.load</name>
         <load_address>0x68e0</load_address>
         <run_address>0x68e0</run_address>
         <size>0x1c</size>
      </object_component>
      <object_component id="oc-314">
         <name>__TI_handler_table</name>
         <load_address>0x68fc</load_address>
         <run_address>0x68fc</run_address>
         <size>0xc</size>
      </object_component>
      <object_component id="oc-318">
         <name>.cinit..bss.load</name>
         <load_address>0x6908</load_address>
         <run_address>0x6908</run_address>
         <size>0x8</size>
      </object_component>
      <object_component id="oc-316">
         <name>.cinit..vtable.load</name>
         <load_address>0x6910</load_address>
         <run_address>0x6910</run_address>
         <size>0x8</size>
      </object_component>
      <object_component id="oc-315">
         <name>__TI_cinit_table</name>
         <load_address>0x6918</load_address>
         <run_address>0x6918</run_address>
         <size>0x18</size>
      </object_component>
      <object_component id="oc-228">
         <name>.vtable</name>
         <uninitialized>true</uninitialized>
         <run_address>0x20000000</run_address>
         <size>0x26c</size>
         <input_file_ref idref="fl-f6"/>
      </object_component>
      <object_component id="oc-298">
         <name>.data</name>
         <load_address>0x20001b10</load_address>
         <run_address>0x20001b10</run_address>
         <size>0x10</size>
         <input_file_ref idref="fl-8"/>
      </object_component>
      <object_component id="oc-1ae">
         <name>.data</name>
         <load_address>0x20001b48</load_address>
         <run_address>0x20001b48</run_address>
         <size>0x4</size>
         <input_file_ref idref="fl-d"/>
      </object_component>
      <object_component id="oc-1d7">
         <name>.data</name>
         <load_address>0x20001b40</load_address>
         <run_address>0x20001b40</run_address>
         <size>0x4</size>
         <input_file_ref idref="fl-d0"/>
      </object_component>
      <object_component id="oc-b6">
         <name>.data:$O1$$</name>
         <load_address>0x20001b20</load_address>
         <run_address>0x20001b20</run_address>
         <size>0xc</size>
         <input_file_ref idref="fl-d1"/>
      </object_component>
      <object_component id="oc-2da">
         <name>.data:$O1$$</name>
         <load_address>0x20001b2c</load_address>
         <run_address>0x20001b2c</run_address>
         <size>0xc</size>
         <input_file_ref idref="fl-da"/>
      </object_component>
      <object_component id="oc-78">
         <name>.data</name>
         <load_address>0x20001b44</load_address>
         <run_address>0x20001b44</run_address>
         <size>0x4</size>
         <input_file_ref idref="fl-e1"/>
      </object_component>
      <object_component id="oc-b9">
         <name>.data:$O1$$</name>
         <load_address>0x20001b38</load_address>
         <run_address>0x20001b38</run_address>
         <size>0x8</size>
         <input_file_ref idref="fl-e7"/>
      </object_component>
      <object_component id="oc-182">
         <name>.bss:lastbuffer$3</name>
         <uninitialized>true</uninitialized>
         <run_address>0x20001a70</run_address>
         <size>0x54</size>
         <input_file_ref idref="fl-5"/>
      </object_component>
      <object_component id="oc-29c">
         <name>.bss:firmware$2</name>
         <uninitialized>true</uninitialized>
         <run_address>0x20001af8</run_address>
         <size>0x18</size>
         <input_file_ref idref="fl-8"/>
      </object_component>
      <object_component id="oc-141">
         <name>.common:isr_char_buffer</name>
         <uninitialized>true</uninitialized>
         <run_address>0x20001ac4</run_address>
         <size>0x34</size>
      </object_component>
      <object_component id="oc-2b">
         <name>.sysmem</name>
         <uninitialized>true</uninitialized>
         <run_address>0x20001270</run_address>
         <size>0x8</size>
         <input_file_ref idref="fl-da"/>
      </object_component>
      <object_component id="oc-31a">
         <name>.sysmem</name>
         <uninitialized>true</uninitialized>
         <run_address>0x20001270</run_address>
         <size>0x0</size>
      </object_component>
      <object_component id="oc-2a">
         <name>.stack</name>
         <uninitialized>true</uninitialized>
         <run_address>0x2000026c</run_address>
         <size>0x0</size>
         <input_file_ref idref="fl-c9"/>
      </object_component>
      <object_component id="oc-319">
         <name>.stack</name>
         <uninitialized>true</uninitialized>
         <run_address>0x2000026c</run_address>
         <size>0x0</size>
      </object_component>
      <object_component id="oc-212">
         <name>.debug_info</name>
         <load_address>0x0</load_address>
         <run_address>0x0</run_address>
         <size>0x3b3</size>
         <input_file_ref idref="fl-2"/>
      </object_component>
      <object_component id="oc-3d">
         <name>.debug_info</name>
         <load_address>0x3b3</load_address>
         <run_address>0x3b3</run_address>
         <size>0x84</size>
         <input_file_ref idref="fl-2"/>
      </object_component>
      <object_component id="oc-83">
         <name>.debug_info</name>
         <load_address>0x437</load_address>
         <run_address>0x437</run_address>
         <size>0x18b</size>
         <input_file_ref idref="fl-2"/>
      </object_component>
      <object_component id="oc-97">
         <name>.debug_info</name>
         <load_address>0x5c2</load_address>
         <run_address>0x5c2</run_address>
         <size>0x2c</size>
         <input_file_ref idref="fl-2"/>
      </object_component>
      <object_component id="oc-1b3">
         <name>.debug_info</name>
         <load_address>0x5ee</load_address>
         <run_address>0x5ee</run_address>
         <size>0x2c</size>
         <input_file_ref idref="fl-2"/>
      </object_component>
      <object_component id="oc-185">
         <name>.debug_info</name>
         <load_address>0x61a</load_address>
         <run_address>0x61a</run_address>
         <size>0x4e</size>
         <input_file_ref idref="fl-2"/>
      </object_component>
      <object_component id="oc-eb">
         <name>.debug_info</name>
         <load_address>0x668</load_address>
         <run_address>0x668</run_address>
         <size>0x197</size>
         <input_file_ref idref="fl-4"/>
      </object_component>
      <object_component id="oc-184">
         <name>.debug_info</name>
         <load_address>0x7ff</load_address>
         <run_address>0x7ff</run_address>
         <size>0x368</size>
         <input_file_ref idref="fl-5"/>
      </object_component>
      <object_component id="oc-169">
         <name>.debug_info</name>
         <load_address>0xb67</load_address>
         <run_address>0xb67</run_address>
         <size>0x119</size>
         <input_file_ref idref="fl-5"/>
      </object_component>
      <object_component id="oc-df">
         <name>.debug_info</name>
         <load_address>0xc80</load_address>
         <run_address>0xc80</run_address>
         <size>0x837</size>
         <input_file_ref idref="fl-5"/>
      </object_component>
      <object_component id="oc-20d">
         <name>.debug_info</name>
         <load_address>0x14b7</load_address>
         <run_address>0x14b7</run_address>
         <size>0xc8</size>
         <input_file_ref idref="fl-5"/>
      </object_component>
      <object_component id="oc-145">
         <name>.debug_info</name>
         <load_address>0x157f</load_address>
         <run_address>0x157f</run_address>
         <size>0x65e</size>
         <input_file_ref idref="fl-6"/>
      </object_component>
      <object_component id="oc-103">
         <name>.debug_info</name>
         <load_address>0x1bdd</load_address>
         <run_address>0x1bdd</run_address>
         <size>0xc0</size>
         <input_file_ref idref="fl-6"/>
      </object_component>
      <object_component id="oc-106">
         <name>.debug_info</name>
         <load_address>0x1c9d</load_address>
         <run_address>0x1c9d</run_address>
         <size>0xc0</size>
         <input_file_ref idref="fl-6"/>
      </object_component>
      <object_component id="oc-109">
         <name>.debug_info</name>
         <load_address>0x1d5d</load_address>
         <run_address>0x1d5d</run_address>
         <size>0xc0</size>
         <input_file_ref idref="fl-6"/>
      </object_component>
      <object_component id="oc-af">
         <name>.debug_info</name>
         <load_address>0x1e1d</load_address>
         <run_address>0x1e1d</run_address>
         <size>0xa43</size>
         <input_file_ref idref="fl-6"/>
      </object_component>
      <object_component id="oc-1f3">
         <name>.debug_info</name>
         <load_address>0x2860</load_address>
         <run_address>0x2860</run_address>
         <size>0x5aa</size>
         <input_file_ref idref="fl-6"/>
      </object_component>
      <object_component id="oc-1ee">
         <name>.debug_info</name>
         <load_address>0x2e0a</load_address>
         <run_address>0x2e0a</run_address>
         <size>0x37e</size>
         <input_file_ref idref="fl-7"/>
      </object_component>
      <object_component id="oc-13c">
         <name>.debug_info</name>
         <load_address>0x3188</load_address>
         <run_address>0x3188</run_address>
         <size>0x488</size>
         <input_file_ref idref="fl-7"/>
      </object_component>
      <object_component id="oc-29e">
         <name>.debug_info</name>
         <load_address>0x3610</load_address>
         <run_address>0x3610</run_address>
         <size>0x419</size>
         <input_file_ref idref="fl-8"/>
      </object_component>
      <object_component id="oc-29a">
         <name>.debug_info</name>
         <load_address>0x3a29</load_address>
         <run_address>0x3a29</run_address>
         <size>0xcb</size>
         <input_file_ref idref="fl-8"/>
      </object_component>
      <object_component id="oc-292">
         <name>.debug_info</name>
         <load_address>0x3af4</load_address>
         <run_address>0x3af4</run_address>
         <size>0x143</size>
         <input_file_ref idref="fl-8"/>
      </object_component>
      <object_component id="oc-1e8">
         <name>.debug_info</name>
         <load_address>0x3c37</load_address>
         <run_address>0x3c37</run_address>
         <size>0x14dd</size>
         <input_file_ref idref="fl-8"/>
      </object_component>
      <object_component id="oc-e5">
         <name>.debug_info</name>
         <load_address>0x5114</load_address>
         <run_address>0x5114</run_address>
         <size>0x3b4</size>
         <input_file_ref idref="fl-9"/>
      </object_component>
      <object_component id="oc-f1">
         <name>.debug_info</name>
         <load_address>0x54c8</load_address>
         <run_address>0x54c8</run_address>
         <size>0x2d0</size>
         <input_file_ref idref="fl-a"/>
      </object_component>
      <object_component id="oc-fd">
         <name>.debug_info</name>
         <load_address>0x5798</load_address>
         <run_address>0x5798</run_address>
         <size>0x3e9</size>
         <input_file_ref idref="fl-b"/>
      </object_component>
      <object_component id="oc-36">
         <name>.debug_info</name>
         <load_address>0x5b81</load_address>
         <run_address>0x5b81</run_address>
         <size>0x28e</size>
         <input_file_ref idref="fl-c"/>
      </object_component>
      <object_component id="oc-10">
         <name>.debug_info</name>
         <load_address>0x5e0f</load_address>
         <run_address>0x5e0f</run_address>
         <size>0xdf</size>
         <input_file_ref idref="fl-c"/>
      </object_component>
      <object_component id="oc-32">
         <name>.debug_info</name>
         <load_address>0x5eee</load_address>
         <run_address>0x5eee</run_address>
         <size>0x25b</size>
         <input_file_ref idref="fl-c"/>
      </object_component>
      <object_component id="oc-142">
         <name>.debug_info</name>
         <load_address>0x6149</load_address>
         <run_address>0x6149</run_address>
         <size>0x341</size>
         <input_file_ref idref="fl-d"/>
      </object_component>
      <object_component id="oc-1af">
         <name>.debug_info</name>
         <load_address>0x648a</load_address>
         <run_address>0x648a</run_address>
         <size>0xc9</size>
         <input_file_ref idref="fl-d"/>
      </object_component>
      <object_component id="oc-f8">
         <name>.debug_info</name>
         <load_address>0x6553</load_address>
         <run_address>0x6553</run_address>
         <size>0x47a</size>
         <input_file_ref idref="fl-d"/>
      </object_component>
      <object_component id="oc-1e6">
         <name>.debug_info</name>
         <load_address>0x69cd</load_address>
         <run_address>0x69cd</run_address>
         <size>0x2ae</size>
         <input_file_ref idref="fl-c8"/>
      </object_component>
      <object_component id="oc-136">
         <name>.debug_info</name>
         <load_address>0x6c7b</load_address>
         <run_address>0x6c7b</run_address>
         <size>0x171</size>
         <input_file_ref idref="fl-c8"/>
      </object_component>
      <object_component id="oc-27">
         <name>.debug_info</name>
         <load_address>0x6dec</load_address>
         <run_address>0x6dec</run_address>
         <size>0x160</size>
         <input_file_ref idref="fl-c9"/>
      </object_component>
      <object_component id="oc-8d">
         <name>.debug_info</name>
         <load_address>0x6f4c</load_address>
         <run_address>0x6f4c</run_address>
         <size>0x293</size>
         <input_file_ref idref="fl-ca"/>
      </object_component>
      <object_component id="oc-15">
         <name>.debug_info</name>
         <load_address>0x71df</load_address>
         <run_address>0x71df</run_address>
         <size>0x245</size>
         <input_file_ref idref="fl-ca"/>
      </object_component>
      <object_component id="oc-38">
         <name>.debug_info</name>
         <load_address>0x7424</load_address>
         <run_address>0x7424</run_address>
         <size>0x60</size>
         <input_file_ref idref="fl-ca"/>
      </object_component>
      <object_component id="oc-88">
         <name>.debug_info</name>
         <load_address>0x7484</load_address>
         <run_address>0x7484</run_address>
         <size>0x46</size>
         <input_file_ref idref="fl-ca"/>
      </object_component>
      <object_component id="oc-4d">
         <name>.debug_info</name>
         <load_address>0x74ca</load_address>
         <run_address>0x74ca</run_address>
         <size>0x2da</size>
         <input_file_ref idref="fl-cb"/>
      </object_component>
      <object_component id="oc-1b">
         <name>.debug_info</name>
         <load_address>0x77a4</load_address>
         <run_address>0x77a4</run_address>
         <size>0x1df</size>
         <input_file_ref idref="fl-cb"/>
      </object_component>
      <object_component id="oc-48">
         <name>.debug_info</name>
         <load_address>0x7983</load_address>
         <run_address>0x7983</run_address>
         <size>0x46</size>
         <input_file_ref idref="fl-cb"/>
      </object_component>
      <object_component id="oc-8f">
         <name>.debug_info</name>
         <load_address>0x79c9</load_address>
         <run_address>0x79c9</run_address>
         <size>0x2c</size>
         <input_file_ref idref="fl-cb"/>
      </object_component>
      <object_component id="oc-59">
         <name>.debug_info</name>
         <load_address>0x79f5</load_address>
         <run_address>0x79f5</run_address>
         <size>0x2c9</size>
         <input_file_ref idref="fl-cc"/>
      </object_component>
      <object_component id="oc-1f">
         <name>.debug_info</name>
         <load_address>0x7cbe</load_address>
         <run_address>0x7cbe</run_address>
         <size>0x1aa</size>
         <input_file_ref idref="fl-cc"/>
      </object_component>
      <object_component id="oc-54">
         <name>.debug_info</name>
         <load_address>0x7e68</load_address>
         <run_address>0x7e68</run_address>
         <size>0x46</size>
         <input_file_ref idref="fl-cc"/>
      </object_component>
      <object_component id="oc-288">
         <name>.debug_info</name>
         <load_address>0x7eae</load_address>
         <run_address>0x7eae</run_address>
         <size>0xee</size>
         <input_file_ref idref="fl-cd"/>
      </object_component>
      <object_component id="oc-1e3">
         <name>.debug_info</name>
         <load_address>0x7f9c</load_address>
         <run_address>0x7f9c</run_address>
         <size>0xfa</size>
         <input_file_ref idref="fl-cd"/>
      </object_component>
      <object_component id="oc-226">
         <name>.debug_info</name>
         <load_address>0x8096</load_address>
         <run_address>0x8096</run_address>
         <size>0x39b</size>
         <input_file_ref idref="fl-ce"/>
      </object_component>
      <object_component id="oc-21d">
         <name>.debug_info</name>
         <load_address>0x8431</load_address>
         <run_address>0x8431</run_address>
         <size>0x11d</size>
         <input_file_ref idref="fl-ce"/>
      </object_component>
      <object_component id="oc-19b">
         <name>.debug_info</name>
         <load_address>0x854e</load_address>
         <run_address>0x854e</run_address>
         <size>0xb75</size>
         <input_file_ref idref="fl-ce"/>
      </object_component>
      <object_component id="oc-1dc">
         <name>.debug_info</name>
         <load_address>0x90c3</load_address>
         <run_address>0x90c3</run_address>
         <size>0x39</size>
         <input_file_ref idref="fl-ce"/>
      </object_component>
      <object_component id="oc-2aa">
         <name>.debug_info</name>
         <load_address>0x90fc</load_address>
         <run_address>0x90fc</run_address>
         <size>0x2e3</size>
         <input_file_ref idref="fl-cf"/>
      </object_component>
      <object_component id="oc-219">
         <name>.debug_info</name>
         <load_address>0x93df</load_address>
         <run_address>0x93df</run_address>
         <size>0x240</size>
         <input_file_ref idref="fl-cf"/>
      </object_component>
      <object_component id="oc-1d8">
         <name>.debug_info</name>
         <load_address>0x961f</load_address>
         <run_address>0x961f</run_address>
         <size>0xf3</size>
         <input_file_ref idref="fl-d0"/>
      </object_component>
      <object_component id="oc-bd">
         <name>.debug_info</name>
         <load_address>0x9712</load_address>
         <run_address>0x9712</run_address>
         <size>0x3ce</size>
         <input_file_ref idref="fl-d1"/>
      </object_component>
      <object_component id="oc-b7">
         <name>.debug_info</name>
         <load_address>0x9ae0</load_address>
         <run_address>0x9ae0</run_address>
         <size>0x185</size>
         <input_file_ref idref="fl-d1"/>
      </object_component>
      <object_component id="oc-74">
         <name>.debug_info</name>
         <load_address>0x9c65</load_address>
         <run_address>0x9c65</run_address>
         <size>0x214</size>
         <input_file_ref idref="fl-d1"/>
      </object_component>
      <object_component id="oc-11c">
         <name>.debug_info</name>
         <load_address>0x9e79</load_address>
         <run_address>0x9e79</run_address>
         <size>0x144</size>
         <input_file_ref idref="fl-d2"/>
      </object_component>
      <object_component id="oc-190">
         <name>.debug_info</name>
         <load_address>0x9fbd</load_address>
         <run_address>0x9fbd</run_address>
         <size>0x120</size>
         <input_file_ref idref="fl-d3"/>
      </object_component>
      <object_component id="oc-132">
         <name>.debug_info</name>
         <load_address>0xa0dd</load_address>
         <run_address>0xa0dd</run_address>
         <size>0x122</size>
         <input_file_ref idref="fl-d3"/>
      </object_component>
      <object_component id="oc-118">
         <name>.debug_info</name>
         <load_address>0xa1ff</load_address>
         <run_address>0xa1ff</run_address>
         <size>0x132</size>
         <input_file_ref idref="fl-d4"/>
      </object_component>
      <object_component id="oc-126">
         <name>.debug_info</name>
         <load_address>0xa331</load_address>
         <run_address>0xa331</run_address>
         <size>0x132</size>
         <input_file_ref idref="fl-d5"/>
      </object_component>
      <object_component id="oc-122">
         <name>.debug_info</name>
         <load_address>0xa463</load_address>
         <run_address>0xa463</run_address>
         <size>0x126</size>
         <input_file_ref idref="fl-d6"/>
      </object_component>
      <object_component id="oc-197">
         <name>.debug_info</name>
         <load_address>0xa589</load_address>
         <run_address>0xa589</run_address>
         <size>0x131</size>
         <input_file_ref idref="fl-d7"/>
      </object_component>
      <object_component id="oc-112">
         <name>.debug_info</name>
         <load_address>0xa6ba</load_address>
         <run_address>0xa6ba</run_address>
         <size>0x124</size>
         <input_file_ref idref="fl-d8"/>
      </object_component>
      <object_component id="oc-45">
         <name>.debug_info</name>
         <load_address>0xa7de</load_address>
         <run_address>0xa7de</run_address>
         <size>0x111</size>
         <input_file_ref idref="fl-d9"/>
      </object_component>
      <object_component id="oc-7e">
         <name>.debug_info</name>
         <load_address>0xa8ef</load_address>
         <run_address>0xa8ef</run_address>
         <size>0x3bc</size>
         <input_file_ref idref="fl-da"/>
      </object_component>
      <object_component id="oc-2c">
         <name>.debug_info</name>
         <load_address>0xacab</load_address>
         <run_address>0xacab</run_address>
         <size>0x101</size>
         <input_file_ref idref="fl-da"/>
      </object_component>
      <object_component id="oc-2db">
         <name>.debug_info</name>
         <load_address>0xadac</load_address>
         <run_address>0xadac</run_address>
         <size>0x14c</size>
         <input_file_ref idref="fl-da"/>
      </object_component>
      <object_component id="oc-28e">
         <name>.debug_info</name>
         <load_address>0xaef8</load_address>
         <run_address>0xaef8</run_address>
         <size>0x885</size>
         <input_file_ref idref="fl-da"/>
      </object_component>
      <object_component id="oc-c3">
         <name>.debug_info</name>
         <load_address>0xb77d</load_address>
         <run_address>0xb77d</run_address>
         <size>0x2c</size>
         <input_file_ref idref="fl-da"/>
      </object_component>
      <object_component id="oc-c8">
         <name>.debug_info</name>
         <load_address>0xb7a9</load_address>
         <run_address>0xb7a9</run_address>
         <size>0x62</size>
         <input_file_ref idref="fl-da"/>
      </object_component>
      <object_component id="oc-4f">
         <name>.debug_info</name>
         <load_address>0xb80b</load_address>
         <run_address>0xb80b</run_address>
         <size>0x13f</size>
         <input_file_ref idref="fl-db"/>
      </object_component>
      <object_component id="oc-5b">
         <name>.debug_info</name>
         <load_address>0xb94a</load_address>
         <run_address>0xb94a</run_address>
         <size>0x138</size>
         <input_file_ref idref="fl-dc"/>
      </object_component>
      <object_component id="oc-61">
         <name>.debug_info</name>
         <load_address>0xba82</load_address>
         <run_address>0xba82</run_address>
         <size>0x148</size>
         <input_file_ref idref="fl-dd"/>
      </object_component>
      <object_component id="oc-2b4">
         <name>.debug_info</name>
         <load_address>0xbbca</load_address>
         <run_address>0xbbca</run_address>
         <size>0x316</size>
         <input_file_ref idref="fl-de"/>
      </object_component>
      <object_component id="oc-220">
         <name>.debug_info</name>
         <load_address>0xbee0</load_address>
         <run_address>0xbee0</run_address>
         <size>0x1d5</size>
         <input_file_ref idref="fl-de"/>
      </object_component>
      <object_component id="oc-278">
         <name>.debug_info</name>
         <load_address>0xc0b5</load_address>
         <run_address>0xc0b5</run_address>
         <size>0x2c</size>
         <input_file_ref idref="fl-de"/>
      </object_component>
      <object_component id="oc-1db">
         <name>.debug_info</name>
         <load_address>0xc0e1</load_address>
         <run_address>0xc0e1</run_address>
         <size>0x388</size>
         <input_file_ref idref="fl-df"/>
      </object_component>
      <object_component id="oc-12b">
         <name>.debug_info</name>
         <load_address>0xc469</load_address>
         <run_address>0xc469</run_address>
         <size>0x5b0</size>
         <input_file_ref idref="fl-df"/>
      </object_component>
      <object_component id="oc-1c5">
         <name>.debug_info</name>
         <load_address>0xca19</load_address>
         <run_address>0xca19</run_address>
         <size>0x355</size>
         <input_file_ref idref="fl-e0"/>
      </object_component>
      <object_component id="oc-10e">
         <name>.debug_info</name>
         <load_address>0xcd6e</load_address>
         <run_address>0xcd6e</run_address>
         <size>0x2e4</size>
         <input_file_ref idref="fl-e0"/>
      </object_component>
      <object_component id="oc-1fd">
         <name>.debug_info</name>
         <load_address>0xd052</load_address>
         <run_address>0xd052</run_address>
         <size>0x2c</size>
         <input_file_ref idref="fl-e0"/>
      </object_component>
      <object_component id="oc-79">
         <name>.debug_info</name>
         <load_address>0xd07e</load_address>
         <run_address>0xd07e</run_address>
         <size>0x109</size>
         <input_file_ref idref="fl-e1"/>
      </object_component>
      <object_component id="oc-208">
         <name>.debug_info</name>
         <load_address>0xd187</load_address>
         <run_address>0xd187</run_address>
         <size>0x27f</size>
         <input_file_ref idref="fl-e2"/>
      </object_component>
      <object_component id="oc-175">
         <name>.debug_info</name>
         <load_address>0xd406</load_address>
         <run_address>0xd406</run_address>
         <size>0x258</size>
         <input_file_ref idref="fl-e2"/>
      </object_component>
      <object_component id="oc-20a">
         <name>.debug_info</name>
         <load_address>0xd65e</load_address>
         <run_address>0xd65e</run_address>
         <size>0x28a</size>
         <input_file_ref idref="fl-e3"/>
      </object_component>
      <object_component id="oc-17d">
         <name>.debug_info</name>
         <load_address>0xd8e8</load_address>
         <run_address>0xd8e8</run_address>
         <size>0x231</size>
         <input_file_ref idref="fl-e3"/>
      </object_component>
      <object_component id="oc-2be">
         <name>.debug_info</name>
         <load_address>0xdb19</load_address>
         <run_address>0xdb19</run_address>
         <size>0x284</size>
         <input_file_ref idref="fl-e4"/>
      </object_component>
      <object_component id="oc-243">
         <name>.debug_info</name>
         <load_address>0xdd9d</load_address>
         <run_address>0xdd9d</run_address>
         <size>0x22a</size>
         <input_file_ref idref="fl-e4"/>
      </object_component>
      <object_component id="oc-18b">
         <name>.debug_info</name>
         <load_address>0xdfc7</load_address>
         <run_address>0xdfc7</run_address>
         <size>0x126</size>
         <input_file_ref idref="fl-e5"/>
      </object_component>
      <object_component id="oc-1fc">
         <name>.debug_info</name>
         <load_address>0xe0ed</load_address>
         <run_address>0xe0ed</run_address>
         <size>0x362</size>
         <input_file_ref idref="fl-e6"/>
      </object_component>
      <object_component id="oc-16f">
         <name>.debug_info</name>
         <load_address>0xe44f</load_address>
         <run_address>0xe44f</run_address>
         <size>0x35c</size>
         <input_file_ref idref="fl-e6"/>
      </object_component>
      <object_component id="oc-202">
         <name>.debug_info</name>
         <load_address>0xe7ab</load_address>
         <run_address>0xe7ab</run_address>
         <size>0x69</size>
         <input_file_ref idref="fl-e6"/>
      </object_component>
      <object_component id="oc-157">
         <name>.debug_info</name>
         <load_address>0xe814</load_address>
         <run_address>0xe814</run_address>
         <size>0x2be</size>
         <input_file_ref idref="fl-e7"/>
      </object_component>
      <object_component id="oc-ba">
         <name>.debug_info</name>
         <load_address>0xead2</load_address>
         <run_address>0xead2</run_address>
         <size>0x113</size>
         <input_file_ref idref="fl-e7"/>
      </object_component>
      <object_component id="oc-152">
         <name>.debug_info</name>
         <load_address>0xebe5</load_address>
         <run_address>0xebe5</run_address>
         <size>0x21f</size>
         <input_file_ref idref="fl-e7"/>
      </object_component>
      <object_component id="oc-25f">
         <name>.debug_info</name>
         <load_address>0xee04</load_address>
         <run_address>0xee04</run_address>
         <size>0x51f</size>
         <input_file_ref idref="fl-e8"/>
      </object_component>
      <object_component id="oc-1bf">
         <name>.debug_info</name>
         <load_address>0xf323</load_address>
         <run_address>0xf323</run_address>
         <size>0x1543</size>
         <input_file_ref idref="fl-e8"/>
      </object_component>
      <object_component id="oc-260">
         <name>.debug_info</name>
         <load_address>0x10866</load_address>
         <run_address>0x10866</run_address>
         <size>0x86</size>
         <input_file_ref idref="fl-e8"/>
      </object_component>
      <object_component id="oc-2c9">
         <name>.debug_info</name>
         <load_address>0x108ec</load_address>
         <run_address>0x108ec</run_address>
         <size>0x46</size>
         <input_file_ref idref="fl-e8"/>
      </object_component>
      <object_component id="oc-265">
         <name>.debug_info</name>
         <load_address>0x10932</load_address>
         <run_address>0x10932</run_address>
         <size>0x39</size>
         <input_file_ref idref="fl-e8"/>
      </object_component>
      <object_component id="oc-b5">
         <name>.debug_info</name>
         <load_address>0x1096b</load_address>
         <run_address>0x1096b</run_address>
         <size>0x300</size>
         <input_file_ref idref="fl-e9"/>
      </object_component>
      <object_component id="oc-6d">
         <name>.debug_info</name>
         <load_address>0x10c6b</load_address>
         <run_address>0x10c6b</run_address>
         <size>0x167</size>
         <input_file_ref idref="fl-e9"/>
      </object_component>
      <object_component id="oc-148">
         <name>.debug_info</name>
         <load_address>0x10dd2</load_address>
         <run_address>0x10dd2</run_address>
         <size>0x5e</size>
         <input_file_ref idref="fl-e9"/>
      </object_component>
      <object_component id="oc-ad">
         <name>.debug_info</name>
         <load_address>0x10e30</load_address>
         <run_address>0x10e30</run_address>
         <size>0x483</size>
         <input_file_ref idref="fl-ea"/>
      </object_component>
      <object_component id="oc-68">
         <name>.debug_info</name>
         <load_address>0x112b3</load_address>
         <run_address>0x112b3</run_address>
         <size>0x190</size>
         <input_file_ref idref="fl-ea"/>
      </object_component>
      <object_component id="oc-d4">
         <name>.debug_info</name>
         <load_address>0x11443</load_address>
         <run_address>0x11443</run_address>
         <size>0x39</size>
         <input_file_ref idref="fl-ea"/>
      </object_component>
      <object_component id="oc-162">
         <name>.debug_info</name>
         <load_address>0x1147c</load_address>
         <run_address>0x1147c</run_address>
         <size>0x39</size>
         <input_file_ref idref="fl-ea"/>
      </object_component>
      <object_component id="oc-d9">
         <name>.debug_info</name>
         <load_address>0x114b5</load_address>
         <run_address>0x114b5</run_address>
         <size>0xcd</size>
         <input_file_ref idref="fl-ea"/>
      </object_component>
      <object_component id="oc-d0">
         <name>.debug_info</name>
         <load_address>0x11582</load_address>
         <run_address>0x11582</run_address>
         <size>0x37a</size>
         <input_file_ref idref="fl-eb"/>
      </object_component>
      <object_component id="oc-a2">
         <name>.debug_info</name>
         <load_address>0x118fc</load_address>
         <run_address>0x118fc</run_address>
         <size>0x183</size>
         <input_file_ref idref="fl-eb"/>
      </object_component>
      <object_component id="oc-15d">
         <name>.debug_info</name>
         <load_address>0x11a7f</load_address>
         <run_address>0x11a7f</run_address>
         <size>0x2c</size>
         <input_file_ref idref="fl-eb"/>
      </object_component>
      <object_component id="oc-276">
         <name>.debug_info</name>
         <load_address>0x11aab</load_address>
         <run_address>0x11aab</run_address>
         <size>0x39a</size>
         <input_file_ref idref="fl-ec"/>
      </object_component>
      <object_component id="oc-273">
         <name>.debug_info</name>
         <load_address>0x11e45</load_address>
         <run_address>0x11e45</run_address>
         <size>0x12f</size>
         <input_file_ref idref="fl-ec"/>
      </object_component>
      <object_component id="oc-1cf">
         <name>.debug_info</name>
         <load_address>0x11f74</load_address>
         <run_address>0x11f74</run_address>
         <size>0x724</size>
         <input_file_ref idref="fl-ec"/>
      </object_component>
      <object_component id="oc-281">
         <name>.debug_info</name>
         <load_address>0x12698</load_address>
         <run_address>0x12698</run_address>
         <size>0x2c6</size>
         <input_file_ref idref="fl-ed"/>
      </object_component>
      <object_component id="oc-27e">
         <name>.debug_info</name>
         <load_address>0x1295e</load_address>
         <run_address>0x1295e</run_address>
         <size>0xef</size>
         <input_file_ref idref="fl-ed"/>
      </object_component>
      <object_component id="oc-1d2">
         <name>.debug_info</name>
         <load_address>0x12a4d</load_address>
         <run_address>0x12a4d</run_address>
         <size>0x5c4</size>
         <input_file_ref idref="fl-ed"/>
      </object_component>
      <object_component id="oc-2c0">
         <name>.debug_info</name>
         <load_address>0x13011</load_address>
         <run_address>0x13011</run_address>
         <size>0x2e6</size>
         <input_file_ref idref="fl-ee"/>
      </object_component>
      <object_component id="oc-247">
         <name>.debug_info</name>
         <load_address>0x132f7</load_address>
         <run_address>0x132f7</run_address>
         <size>0x1c2</size>
         <input_file_ref idref="fl-ee"/>
      </object_component>
      <object_component id="oc-2c6">
         <name>.debug_info</name>
         <load_address>0x134b9</load_address>
         <run_address>0x134b9</run_address>
         <size>0x28b</size>
         <input_file_ref idref="fl-ef"/>
      </object_component>
      <object_component id="oc-259">
         <name>.debug_info</name>
         <load_address>0x13744</load_address>
         <run_address>0x13744</run_address>
         <size>0x1ab</size>
         <input_file_ref idref="fl-ef"/>
      </object_component>
      <object_component id="oc-2b0">
         <name>.debug_info</name>
         <load_address>0x138ef</load_address>
         <run_address>0x138ef</run_address>
         <size>0x156</size>
         <input_file_ref idref="fl-f0"/>
      </object_component>
      <object_component id="oc-2cf">
         <name>.debug_info</name>
         <load_address>0x13a45</load_address>
         <run_address>0x13a45</run_address>
         <size>0x2ce</size>
         <input_file_ref idref="fl-f1"/>
      </object_component>
      <object_component id="oc-26d">
         <name>.debug_info</name>
         <load_address>0x13d13</load_address>
         <run_address>0x13d13</run_address>
         <size>0x21f</size>
         <input_file_ref idref="fl-f1"/>
      </object_component>
      <object_component id="oc-2c2">
         <name>.debug_info</name>
         <load_address>0x13f32</load_address>
         <run_address>0x13f32</run_address>
         <size>0x2d9</size>
         <input_file_ref idref="fl-f2"/>
      </object_component>
      <object_component id="oc-24d">
         <name>.debug_info</name>
         <load_address>0x1420b</load_address>
         <run_address>0x1420b</run_address>
         <size>0x18a</size>
         <input_file_ref idref="fl-f2"/>
      </object_component>
      <object_component id="oc-a7">
         <name>.debug_info</name>
         <load_address>0x14395</load_address>
         <run_address>0x14395</run_address>
         <size>0x145</size>
         <input_file_ref idref="fl-f3"/>
      </object_component>
      <object_component id="oc-2c4">
         <name>.debug_info</name>
         <load_address>0x144da</load_address>
         <run_address>0x144da</run_address>
         <size>0x28f</size>
         <input_file_ref idref="fl-f4"/>
      </object_component>
      <object_component id="oc-256">
         <name>.debug_info</name>
         <load_address>0x14769</load_address>
         <run_address>0x14769</run_address>
         <size>0x244</size>
         <input_file_ref idref="fl-f4"/>
      </object_component>
      <object_component id="oc-23c">
         <name>.debug_info</name>
         <load_address>0x149ad</load_address>
         <run_address>0x149ad</run_address>
         <size>0x17d</size>
         <input_file_ref idref="fl-f5"/>
      </object_component>
      <object_component id="oc-22c">
         <name>.debug_info</name>
         <load_address>0x14b2a</load_address>
         <run_address>0x14b2a</run_address>
         <size>0x20e</size>
         <input_file_ref idref="fl-f6"/>
      </object_component>
      <object_component id="oc-229">
         <name>.debug_info</name>
         <load_address>0x14d38</load_address>
         <run_address>0x14d38</run_address>
         <size>0x157</size>
         <input_file_ref idref="fl-f6"/>
      </object_component>
      <object_component id="oc-1a5">
         <name>.debug_info</name>
         <load_address>0x14e8f</load_address>
         <run_address>0x14e8f</run_address>
         <size>0x2c1</size>
         <input_file_ref idref="fl-f6"/>
      </object_component>
      <object_component id="oc-1aa">
         <name>.debug_info</name>
         <load_address>0x15150</load_address>
         <run_address>0x15150</run_address>
         <size>0x23e</size>
         <input_file_ref idref="fl-f6"/>
      </object_component>
      <object_component id="oc-234">
         <name>.debug_info</name>
         <load_address>0x1538e</load_address>
         <run_address>0x1538e</run_address>
         <size>0x8b</size>
         <input_file_ref idref="fl-f6"/>
      </object_component>
      <object_component id="oc-22e">
         <name>.debug_info</name>
         <load_address>0x15419</load_address>
         <run_address>0x15419</run_address>
         <size>0x212</size>
         <input_file_ref idref="fl-f7"/>
      </object_component>
      <object_component id="oc-31b">
         <name>.debug_info</name>
         <load_address>0x1562b</load_address>
         <run_address>0x1562b</run_address>
         <size>0x95</size>
      </object_component>
      <object_component id="oc-2a8">
         <name>.debug_line</name>
         <load_address>0x0</load_address>
         <run_address>0x0</run_address>
         <size>0x80</size>
         <input_file_ref idref="fl-2"/>
      </object_component>
      <object_component id="oc-40">
         <name>.debug_line</name>
         <load_address>0x80</load_address>
         <run_address>0x80</run_address>
         <size>0x20</size>
         <input_file_ref idref="fl-2"/>
      </object_component>
      <object_component id="oc-86">
         <name>.debug_line</name>
         <load_address>0xa0</load_address>
         <run_address>0xa0</run_address>
         <size>0x65</size>
         <input_file_ref idref="fl-2"/>
      </object_component>
      <object_component id="oc-9a">
         <name>.debug_line</name>
         <load_address>0x105</load_address>
         <run_address>0x105</run_address>
         <size>0x65</size>
         <input_file_ref idref="fl-2"/>
      </object_component>
      <object_component id="oc-1b6">
         <name>.debug_line</name>
         <load_address>0x16a</load_address>
         <run_address>0x16a</run_address>
         <size>0x2e</size>
         <input_file_ref idref="fl-2"/>
      </object_component>
      <object_component id="oc-188">
         <name>.debug_line</name>
         <load_address>0x198</load_address>
         <run_address>0x198</run_address>
         <size>0x65</size>
         <input_file_ref idref="fl-2"/>
      </object_component>
      <object_component id="oc-ee">
         <name>.debug_line</name>
         <load_address>0x1fd</load_address>
         <run_address>0x1fd</run_address>
         <size>0x6f</size>
         <input_file_ref idref="fl-4"/>
      </object_component>
      <object_component id="oc-20c">
         <name>.debug_line</name>
         <load_address>0x26c</load_address>
         <run_address>0x26c</run_address>
         <size>0xb7</size>
         <input_file_ref idref="fl-5"/>
      </object_component>
      <object_component id="oc-168">
         <name>.debug_line</name>
         <load_address>0x323</load_address>
         <run_address>0x323</run_address>
         <size>0x45</size>
         <input_file_ref idref="fl-5"/>
      </object_component>
      <object_component id="oc-e2">
         <name>.debug_line</name>
         <load_address>0x368</load_address>
         <run_address>0x368</run_address>
         <size>0x192</size>
         <input_file_ref idref="fl-5"/>
      </object_component>
      <object_component id="oc-210">
         <name>.debug_line</name>
         <load_address>0x4fa</load_address>
         <run_address>0x4fa</run_address>
         <size>0x64</size>
         <input_file_ref idref="fl-5"/>
      </object_component>
      <object_component id="oc-1f2">
         <name>.debug_line</name>
         <load_address>0x55e</load_address>
         <run_address>0x55e</run_address>
         <size>0x158</size>
         <input_file_ref idref="fl-6"/>
      </object_component>
      <object_component id="oc-1b9">
         <name>.debug_line</name>
         <load_address>0x6b6</load_address>
         <run_address>0x6b6</run_address>
         <size>0x2d</size>
         <input_file_ref idref="fl-6"/>
      </object_component>
      <object_component id="oc-1bb">
         <name>.debug_line</name>
         <load_address>0x6e3</load_address>
         <run_address>0x6e3</run_address>
         <size>0x2d</size>
         <input_file_ref idref="fl-6"/>
      </object_component>
      <object_component id="oc-1bd">
         <name>.debug_line</name>
         <load_address>0x710</load_address>
         <run_address>0x710</run_address>
         <size>0x2d</size>
         <input_file_ref idref="fl-6"/>
      </object_component>
      <object_component id="oc-b2">
         <name>.debug_line</name>
         <load_address>0x73d</load_address>
         <run_address>0x73d</run_address>
         <size>0x2d2</size>
         <input_file_ref idref="fl-6"/>
      </object_component>
      <object_component id="oc-1f6">
         <name>.debug_line</name>
         <load_address>0xa0f</load_address>
         <run_address>0xa0f</run_address>
         <size>0x37</size>
         <input_file_ref idref="fl-6"/>
      </object_component>
      <object_component id="oc-2a0">
         <name>.debug_line</name>
         <load_address>0xa46</load_address>
         <run_address>0xa46</run_address>
         <size>0x37</size>
         <input_file_ref idref="fl-7"/>
      </object_component>
      <object_component id="oc-13f">
         <name>.debug_line</name>
         <load_address>0xa7d</load_address>
         <run_address>0xa7d</run_address>
         <size>0xe2</size>
         <input_file_ref idref="fl-7"/>
      </object_component>
      <object_component id="oc-2e1">
         <name>.debug_line</name>
         <load_address>0xb5f</load_address>
         <run_address>0xb5f</run_address>
         <size>0xcf</size>
         <input_file_ref idref="fl-8"/>
      </object_component>
      <object_component id="oc-2df">
         <name>.debug_line</name>
         <load_address>0xc2e</load_address>
         <run_address>0xc2e</run_address>
         <size>0x37</size>
         <input_file_ref idref="fl-8"/>
      </object_component>
      <object_component id="oc-295">
         <name>.debug_line</name>
         <load_address>0xc65</load_address>
         <run_address>0xc65</run_address>
         <size>0x4f</size>
         <input_file_ref idref="fl-8"/>
      </object_component>
      <object_component id="oc-1eb">
         <name>.debug_line</name>
         <load_address>0xcb4</load_address>
         <run_address>0xcb4</run_address>
         <size>0x39c</size>
         <input_file_ref idref="fl-8"/>
      </object_component>
      <object_component id="oc-e8">
         <name>.debug_line</name>
         <load_address>0x1050</load_address>
         <run_address>0x1050</run_address>
         <size>0xca</size>
         <input_file_ref idref="fl-9"/>
      </object_component>
      <object_component id="oc-f4">
         <name>.debug_line</name>
         <load_address>0x111a</load_address>
         <run_address>0x111a</run_address>
         <size>0xc0</size>
         <input_file_ref idref="fl-a"/>
      </object_component>
      <object_component id="oc-100">
         <name>.debug_line</name>
         <load_address>0x11da</load_address>
         <run_address>0x11da</run_address>
         <size>0x110</size>
         <input_file_ref idref="fl-b"/>
      </object_component>
      <object_component id="oc-82">
         <name>.debug_line</name>
         <load_address>0x12ea</load_address>
         <run_address>0x12ea</run_address>
         <size>0x41</size>
         <input_file_ref idref="fl-c"/>
      </object_component>
      <object_component id="oc-35">
         <name>.debug_line</name>
         <load_address>0x132b</load_address>
         <run_address>0x132b</run_address>
         <size>0x41</size>
         <input_file_ref idref="fl-c"/>
      </object_component>
      <object_component id="oc-2f">
         <name>.debug_line</name>
         <load_address>0x136c</load_address>
         <run_address>0x136c</run_address>
         <size>0xa1</size>
         <input_file_ref idref="fl-c"/>
      </object_component>
      <object_component id="oc-1f0">
         <name>.debug_line</name>
         <load_address>0x140d</load_address>
         <run_address>0x140d</run_address>
         <size>0x2d</size>
         <input_file_ref idref="fl-d"/>
      </object_component>
      <object_component id="oc-23a">
         <name>.debug_line</name>
         <load_address>0x143a</load_address>
         <run_address>0x143a</run_address>
         <size>0x2d</size>
         <input_file_ref idref="fl-d"/>
      </object_component>
      <object_component id="oc-fb">
         <name>.debug_line</name>
         <load_address>0x1467</load_address>
         <run_address>0x1467</run_address>
[...]
      </symbol>
      <symbol id="sm-20e">
         <name>oi_checkFirmware</name>
         <value>0x2827</value>
         <object_component_ref idref="oc-1e7"/>
      </symbol>
      <symbol id="sm-20f">
         <name>oi_init_noupdate</name>
         <value>0x2075</value>
         <object_component_ref idref="oc-1e7"/>
      </symbol>
      <symbol id="sm-210">
         <name>oi_uartSendChar</name>
         <value>0x2793</value>
         <object_component_ref idref="oc-1e7"/>
      </symbol>
      <symbol id="sm-211">
         <name>oi_alloc</name>
         <value>0x2059</value>
         <object_component_ref idref="oc-1e7"/>
      </symbol>
      <symbol id="sm-212">
         <name>oi_loadSong</name>
         <value>0x2693</value>
         <object_component_ref idref="oc-1e7"/>
      </symbol>
      <symbol id="sm-213">
         <name>oi_play_song</name>
         <value>0x26e9</value>
         <object_component_ref idref="oc-1e7"/>
      </symbol>
      <symbol id="sm-214">
         <name>oi_parsePacket</name>
         <value>0x2113</value>
         <object_component_ref idref="oc-1e7"/>
      </symbol>
      <symbol id="sm-215">
         <name>oi_setLeds</name>
         <value>0x260d</value>
         <object_component_ref idref="oc-1e7"/>
      </symbol>
      <symbol id="sm-216">
         <name>oi_init</name>
         <value>0x2099</value>
         <object_component_ref idref="oc-1e7"/>
      </symbol>
      <symbol id="sm-217">
         <name>oi_update</name>
         <value>0x20c1</value>
         <object_component_ref idref="oc-1e7"/>
      </symbol>
      <symbol id="sm-218">
         <name>oi_uartInit</name>
         <value>0x270b</value>
         <object_component_ref idref="oc-1e7"/>
      </symbol>
      <symbol id="sm-23a">
         <name>move_servo</name>
         <value>0x4f75</value>
         <object_component_ref idref="oc-e4"/>
      </symbol>
      <symbol id="sm-23b">
         <name>servo_180D</name>
         <value>0x5055</value>
         <object_component_ref idref="oc-e4"/>
      </symbol>
      <symbol id="sm-23c">
         <name>Timer1_init</name>
         <value>0x4ee1</value>
         <object_component_ref idref="oc-e4"/>
      </symbol>
      <symbol id="sm-23d">
         <name>servo_90D</name>
         <value>0x504b</value>
         <object_component_ref idref="oc-e4"/>
      </symbol>
      <symbol id="sm-23e">
         <name>servo_0D</name>
         <value>0x5041</value>
         <object_component_ref idref="oc-e4"/>
      </symbol>
      <symbol id="sm-261">
         <name>ping_read</name>
         <value>0x5375</value>
         <object_component_ref idref="oc-f0"/>
      </symbol>
      <symbol id="sm-262">
         <name>send_pulse</name>
         <value>0x5307</value>
         <object_component_ref idref="oc-f0"/>
      </symbol>
      <symbol id="sm-263">
         <name>ClkCyclesToCM</name>
         <value>0x52db</value>
         <object_component_ref idref="oc-f0"/>
      </symbol>
      <symbol id="sm-264">
         <name>ping_init</name>
         <value>0x5265</value>
         <object_component_ref idref="oc-f0"/>
      </symbol>
      <symbol id="sm-285">
         <name>timer_startClock</name>
         <value>0x5649</value>
         <object_component_ref idref="oc-fc"/>
      </symbol>
      <symbol id="sm-286">
         <name>timer_stopClock</name>
         <value>0x569b</value>
         <object_component_ref idref="oc-fc"/>
      </symbol>
      <symbol id="sm-287">
         <name>timer_getClock</name>
         <value>0x5695</value>
         <object_component_ref idref="oc-fc"/>
      </symbol>
      <symbol id="sm-288">
         <name>timer_stopTimer</name>
         <value>0x5633</value>
         <object_component_ref idref="oc-fc"/>
      </symbol>
      <symbol id="sm-289">
         <name>timer_startTimer</name>
         <value>0x55e3</value>
         <object_component_ref idref="oc-fc"/>
      </symbol>
      <symbol id="sm-28a">
         <name>timer_waitMillis</name>
         <value>0x5585</value>
         <object_component_ref idref="oc-fc"/>
      </symbol>
      <symbol id="sm-28b">
         <name>timer_waitMicros</name>
         <value>0x55b9</value>
         <object_component_ref idref="oc-fc"/>
      </symbol>
      <symbol id="sm-2a7">
         <name>ResetISR</name>
         <value>0x6527</value>
         <object_component_ref idref="oc-2e"/>
      </symbol>
      <symbol id="sm-2a8">
         <name>g_pfnVectors</name>
         <value>0x0</value>
         <object_component_ref idref="oc-f"/>
      </symbol>
      <symbol id="sm-2e7">
         <name>isr_char_buffer</name>
         <value>0x20001ac4</value>
      </symbol>
      <symbol id="sm-2e8">
         <name>UART1_Handler</name>
         <value>0x4c29</value>
         <object_component_ref idref="oc-f6"/>
      </symbol>
      <symbol id="sm-2e9">
         <name>UART1_Clear</name>
         <value>0x4c69</value>
         <object_component_ref idref="oc-f6"/>
      </symbol>
      <symbol id="sm-2ea">
         <name>uart_flush</name>
         <value>0x4be7</value>
         <object_component_ref idref="oc-f6"/>
      </symbol>
      <symbol id="sm-2eb">
         <name>uart_sendChar</name>
         <value>0x4b5f</value>
         <object_component_ref idref="oc-f6"/>
      </symbol>
      <symbol id="sm-2ec">
         <name>uart_sendBuffer</name>
         <value>0x4b7b</value>
         <object_component_ref idref="oc-f6"/>
      </symbol>
      <symbol id="sm-2ed">
         <name>uart_init</name>
         <value>0x4aa5</value>
         <object_component_ref idref="oc-f6"/>
      </symbol>
      <symbol id="sm-2ee">
         <name>isr_counter</name>
         <value>0x20001b48</value>
         <object_component_ref idref="oc-1ae"/>
      </symbol>
      <symbol id="sm-2ef">
         <name>uart_receive</name>
         <value>0x4ba5</value>
         <object_component_ref idref="oc-f6"/>
      </symbol>
      <symbol id="sm-2f0">
         <name>uart_sendStr</name>
         <value>0x4c05</value>
         <object_component_ref idref="oc-f6"/>
      </symbol>
      <symbol id="sm-306">
         <name>atoi</name>
         <value>0x626d</value>
         <object_component_ref idref="oc-135"/>
      </symbol>
      <symbol id="sm-317">
         <name>_c_int00</name>
         <value>0x6171</value>
         <object_component_ref idref="oc-24"/>
      </symbol>
      <symbol id="sm-318">
         <name>__stack</name>
         <value>0x2000026c</value>
         <object_component_ref idref="oc-2a"/>
      </symbol>
      <symbol id="sm-336">
         <name>__TI_decompress_lzss</name>
         <value>0x6045</value>
         <object_component_ref idref="oc-12"/>
      </symbol>
      <symbol id="sm-34d">
         <name>__TI_decompress_none</name>
         <value>0x6501</value>
         <object_component_ref idref="oc-18"/>
      </symbol>
      <symbol id="sm-35f">
         <name>__TI_zero_init</name>
         <value>0x651b</value>
         <object_component_ref idref="oc-1e"/>
      </symbol>
      <symbol id="sm-36a">
         <name>_ctypes_</name>
         <value>0x6690</value>
         <object_component_ref idref="oc-1e2"/>
      </symbol>
      <symbol id="sm-3fa">
         <name>pow</name>
         <value>0x2add</value>
         <object_component_ref idref="oc-19a"/>
      </symbol>
      <symbol id="sm-3fb">
         <name>powl</name>
         <value>0x2add</value>
         <object_component_ref idref="oc-19a"/>
      </symbol>
      <symbol id="sm-41f">
         <name>sqrtl</name>
         <value>0x5415</value>
         <object_component_ref idref="oc-216"/>
      </symbol>
      <symbol id="sm-420">
         <name>sqrt</name>
         <value>0x5415</value>
         <object_component_ref idref="oc-216"/>
      </symbol>
      <symbol id="sm-428">
         <name>errno</name>
         <value>0x20001b40</value>
         <object_component_ref idref="oc-1d7"/>
      </symbol>
      <symbol id="sm-449">
         <name>C$$EXIT</name>
         <value>0x61c5</value>
         <object_component_ref idref="oc-72"/>
      </symbol>
      <symbol id="sm-44a">
         <name>abort</name>
         <value>0x61c9</value>
         <object_component_ref idref="oc-72"/>
      </symbol>
      <symbol id="sm-44b">
         <name>exit</name>
         <value>0x61d1</value>
         <object_component_ref idref="oc-72"/>
      </symbol>
      <symbol id="sm-44c">
         <name>__TI_dtors_ptr</name>
         <value>0x20001b24</value>
         <object_component_ref idref="oc-b6"/>
      </symbol>
      <symbol id="sm-44d">
         <name>__TI_cleanup_ptr</name>
         <value>0x20001b20</value>
         <object_component_ref idref="oc-b6"/>
      </symbol>
      <symbol id="sm-44e">
         <name>__TI_enable_exit_profile_output</name>
         <value>0x20001b28</value>
         <object_component_ref idref="oc-b6"/>
      </symbol>
      <symbol id="sm-465">
         <name>__aeabi_dsub</name>
         <value>0x50ad</value>
         <object_component_ref idref="oc-11b"/>
      </symbol>
      <symbol id="sm-466">
         <name>__aeabi_dadd</name>
         <value>0x50b7</value>
         <object_component_ref idref="oc-11b"/>
      </symbol>
      <symbol id="sm-488">
         <name>__aeabi_cdcmpeq</name>
         <value>0x5e4d</value>
         <object_component_ref idref="oc-18f"/>
      </symbol>
      <symbol id="sm-489">
         <name>__aeabi_cdcmple</name>
         <value>0x5e4d</value>
         <object_component_ref idref="oc-18f"/>
      </symbol>
      <symbol id="sm-48a">
         <name>__aeabi_cdrcmple</name>
         <value>0x5ed3</value>
         <object_component_ref idref="oc-130"/>
      </symbol>
      <symbol id="sm-49e">
         <name>__aeabi_ddiv</name>
         <value>0x56dd</value>
         <object_component_ref idref="oc-116"/>
      </symbol>
      <symbol id="sm-4a9">
         <name>__aeabi_dmul</name>
         <value>0x5a39</value>
         <object_component_ref idref="oc-125"/>
      </symbol>
      <symbol id="sm-4b3">
         <name>__aeabi_d2iz</name>
         <value>0x6305</value>
         <object_component_ref idref="oc-120"/>
      </symbol>
      <symbol id="sm-4bd">
         <name>__aeabi_d2uiz</name>
         <value>0x634d</value>
         <object_component_ref idref="oc-194"/>
      </symbol>
      <symbol id="sm-4c7">
         <name>__aeabi_i2d</name>
         <value>0x63c5</value>
         <object_component_ref idref="oc-111"/>
      </symbol>
      <symbol id="sm-4e2">
         <name>memcpy</name>
         <value>0x5d29</value>
         <object_component_ref idref="oc-42"/>
      </symbol>
      <symbol id="sm-4e3">
         <name>__aeabi_memcpy</name>
         <value>0x5d29</value>
         <object_component_ref idref="oc-42"/>
      </symbol>
      <symbol id="sm-4e4">
         <name>__aeabi_memcpy8</name>
         <value>0x5d29</value>
         <object_component_ref idref="oc-42"/>
      </symbol>
      <symbol id="sm-4e5">
         <name>__aeabi_memcpy4</name>
         <value>0x5d29</value>
         <object_component_ref idref="oc-42"/>
      </symbol>
      <symbol id="sm-559">
         <name>_sys_memory</name>
         <value>0x20001270</value>
         <object_component_ref idref="oc-2b"/>
      </symbol>
      <symbol id="sm-55a">
         <name>free</name>
         <value>0x41b3</value>
         <object_component_ref idref="oc-28b"/>
      </symbol>
      <symbol id="sm-55b">
         <name>realloc</name>
         <value>0x4275</value>
         <object_component_ref idref="oc-28b"/>
      </symbol>
      <symbol id="sm-55c">
         <name>memalign</name>
         <value>0x437d</value>
         <object_component_ref idref="oc-28b"/>
      </symbol>
      <symbol id="sm-55d">
         <name>calloc</name>
         <value>0x4469</value>
         <object_component_ref idref="oc-28b"/>
      </symbol>
      <symbol id="sm-55e">
         <name>malloc</name>
         <value>0x4149</value>
         <object_component_ref idref="oc-28b"/>
      </symbol>
      <symbol id="sm-55f">
         <name>minit</name>
         <value>0x40c9</value>
         <object_component_ref idref="oc-28b"/>
      </symbol>
      <symbol id="sm-56e">
         <name>__aeabi_memset</name>
         <value>0x5f5b</value>
         <object_component_ref idref="oc-4e"/>
      </symbol>
      <symbol id="sm-56f">
         <name>memset</name>
         <value>0x5f61</value>
         <object_component_ref idref="oc-4e"/>
      </symbol>
      <symbol id="sm-570">
         <name>__aeabi_memset8</name>
         <value>0x5f5b</value>
         <object_component_ref idref="oc-4e"/>
      </symbol>
      <symbol id="sm-571">
         <name>__aeabi_memset4</name>
         <value>0x5f5b</value>
         <object_component_ref idref="oc-4e"/>
      </symbol>
      <symbol id="sm-572">
         <name>__aeabi_memclr8</name>
         <value>0x5f59</value>
         <object_component_ref idref="oc-4e"/>
      </symbol>
      <symbol id="sm-573">
         <name>__aeabi_memclr4</name>
         <value>0x5f59</value>
         <object_component_ref idref="oc-4e"/>
      </symbol>
      <symbol id="sm-574">
         <name>__aeabi_memclr</name>
         <value>0x5f59</value>
         <object_component_ref idref="oc-4e"/>
      </symbol>
      <symbol id="sm-57e">
         <name>__mpu_init</name>
         <value>0x13ab</value>
         <object_component_ref idref="oc-5a"/>
      </symbol>
      <symbol id="sm-588">
         <name>_system_pre_init</name>
         <value>0x6533</value>
         <object_component_ref idref="oc-60"/>
      </symbol>
      <symbol id="sm-5aa">
         <name>scalbn</name>
         <value>0x5b35</value>
         <object_component_ref idref="oc-21f"/>
      </symbol>
      <symbol id="sm-5ab">
         <name>scalbnl</name>
         <value>0x5b35</value>
         <object_component_ref idref="oc-21f"/>
      </symbol>
      <symbol id="sm-5ac">
         <name>ldexpl</name>
         <value>0x5b35</value>
         <object_component_ref idref="oc-21f"/>
      </symbol>
      <symbol id="sm-5ad">
         <name>ldexp</name>
         <value>0x5b35</value>
         <object_component_ref idref="oc-21f"/>
      </symbol>
      <symbol id="sm-5fe">
         <name>tanl</name>
         <value>0x3bc1</value>
         <object_component_ref idref="oc-12a"/>
      </symbol>
      <symbol id="sm-5ff">
         <name>tan</name>
         <value>0x3bc1</value>
         <object_component_ref idref="oc-12a"/>
      </symbol>
      <symbol id="sm-618">
         <name>sprintf</name>
         <value>0x6111</value>
         <object_component_ref idref="oc-10b"/>
      </symbol>
      <symbol id="sm-620">
         <name>main_func_sp</name>
         <value>0x20001b44</value>
         <object_component_ref idref="oc-78"/>
      </symbol>
      <symbol id="sm-62f">
         <name>strcmp</name>
         <value>0x6461</value>
         <object_component_ref idref="oc-174"/>
      </symbol>
      <symbol id="sm-63d">
         <name>strcpy</name>
         <value>0x64b9</value>
         <object_component_ref idref="oc-17a"/>
      </symbol>
      <symbol id="sm-64b">
         <name>strlen</name>
         <value>0x64cd</value>
         <object_component_ref idref="oc-240"/>
      </symbol>
      <symbol id="sm-655">
         <name>__aeabi_ui2d</name>
         <value>0x63f3</value>
         <object_component_ref idref="oc-18a"/>
      </symbol>
      <symbol id="sm-671">
         <name>vsnprintf</name>
         <value>0x5dc5</value>
         <object_component_ref idref="oc-16e"/>
      </symbol>
      <symbol id="sm-68a">
         <name>_nop</name>
         <value>0x649f</value>
         <object_component_ref idref="oc-14f"/>
      </symbol>
      <symbol id="sm-68b">
         <name>_lock</name>
         <value>0x20001b38</value>
         <object_component_ref idref="oc-b9"/>
      </symbol>
      <symbol id="sm-68c">
         <name>_unlock</name>
         <value>0x20001b3c</value>
         <object_component_ref idref="oc-b9"/>
      </symbol>
      <symbol id="sm-68d">
         <name>_register_lock</name>
         <value>0x6497</value>
         <object_component_ref idref="oc-14f"/>
      </symbol>
      <symbol id="sm-68e">
         <name>_register_unlock</name>
         <value>0x6491</value>
         <object_component_ref idref="oc-14f"/>
      </symbol>
      <symbol id="sm-78f">
         <name>__TI_printfi</name>
         <value>0xab1</value>
         <object_component_ref idref="oc-1be"/>
      </symbol>
      <symbol id="sm-7a3">
         <name>_args_main</name>
         <value>0x6449</value>
         <object_component_ref idref="oc-6c"/>
      </symbol>
      <symbol id="sm-7cd">
         <name>__TI_auto_init</name>
         <value>0x5fd5</value>
         <object_component_ref idref="oc-66"/>
      </symbol>
      <symbol id="sm-7e7">
         <name>copy_in</name>
         <value>0x62b9</value>
         <object_component_ref idref="oc-a0"/>
      </symbol>
      <symbol id="sm-84b">
         <name>__kernel_rem_pio2</name>
         <value>0x3489</value>
         <object_component_ref idref="oc-1cb"/>
      </symbol>
      <symbol id="sm-869">
         <name>__kernel_tan</name>
         <value>0x4499</value>
         <object_component_ref idref="oc-1d1"/>
      </symbol>
      <symbol id="sm-878">
         <name>ltoa</name>
         <value>0x6219</value>
         <object_component_ref idref="oc-246"/>
      </symbol>
      <symbol id="sm-888">
         <name>memccpy</name>
         <value>0x6413</value>
         <object_component_ref idref="oc-258"/>
      </symbol>
      <symbol id="sm-892">
         <name>copysign</name>
         <value>0x64a5</value>
         <object_component_ref idref="oc-2ad"/>
      </symbol>
      <symbol id="sm-893">
         <name>copysignl</name>
         <value>0x64a5</value>
         <object_component_ref idref="oc-2ad"/>
      </symbol>
      <symbol id="sm-8b0">
         <name>floorl</name>
         <value>0x5c31</value>
         <object_component_ref idref="oc-26c"/>
      </symbol>
      <symbol id="sm-8b1">
         <name>floor</name>
         <value>0x5c31</value>
         <object_component_ref idref="oc-26c"/>
      </symbol>
      <symbol id="sm-8c7">
         <name>frexpl</name>
         <value>0x60ad</value>
         <object_component_ref idref="oc-24c"/>
      </symbol>
      <symbol id="sm-8c8">
         <name>frexp</name>
         <value>0x60ad</value>
         <object_component_ref idref="oc-24c"/>
      </symbol>
      <symbol id="sm-8d2">
         <name>_system_post_cinit</name>
         <value>0x5263</value>
         <object_component_ref idref="oc-a6"/>
      </symbol>
      <symbol id="sm-8e2">
         <name>strchr</name>
         <value>0x6479</value>
         <object_component_ref idref="oc-252"/>
      </symbol>
      <symbol id="sm-8fe">
         <name>__aeabi_uldivmod</name>
         <value>0x4ced</value>
         <object_component_ref idref="oc-23b"/>
      </symbol>
      <symbol id="sm-923">
         <name>IntRegister</name>
         <value>0x6391</value>
         <object_component_ref idref="oc-1a2"/>
      </symbol>
      <symbol id="sm-924">
         <name>g_pfnRAMVectors</name>
         <value>0x20000000</value>
         <object_component_ref idref="oc-228"/>
      </symbol>
      <symbol id="sm-925">
         <name>IntMasterEnable</name>
         <value>0x64e1</value>
         <object_component_ref idref="oc-1a8"/>
      </symbol>
      <symbol id="sm-92f">
         <name>CPUcpsie</name>
         <value>0x650f</value>
         <object_component_ref idref="oc-22d"/>
      </symbol>
      <symbol id="sm-930">
         <name>__TI_static_base__</name>
         <value>0x0</value>
      </symbol>
      <symbol id="sm-933">
         <name>SHT$$INIT_ARRAY$$Limit</name>
         <value>0x0</value>
      </symbol>
      <symbol id="sm-934">
         <name>SHT$$INIT_ARRAY$$Base</name>
         <value>0x0</value>
      </symbol>
   </symbol_table>
   <title>Link successful</title>
</link_info>
