******************************************************************************
                  TI ARM Linker PC v16.9.4                     
******************************************************************************
>> Linked Fri Apr 13 13:49:59 2018

OUTPUT FILE NAME:   <FinalProj.out>
ENTRY POINT SYMBOL: "_c_int00"  address: 0000621d


MEMORY CONFIGURATION

         name            origin    length      used     unused   attr    fill
----------------------  --------  ---------  --------  --------  ----  --------
  FLASH                 00000000   00040000  000069d5  0003962b  R  X
  SRAM                  20000000   00008000  00001b48  000064b8  RW X


SEGMENT ALLOCATION MAP

run origin  load origin   length   init length attrs members
----------  ----------- ---------- ----------- ----- -------
00000000    00000000    000069e0   000069e0    r-x
  00000000    00000000    0000026c   0000026c    r-- .intvecs
  0000026c    0000026c    00006376   00006376    r-x .text
  000065e8    000065e8    000003a3   000003a3    r-- .const
  00006990    00006990    00000050   00000050    r-- .cinit
20000000    20000000    00001b4c   00000000    rw-
  20000000    20000000    0000026c   00000000    rw- .vtable
  2000026c    2000026c    00001000   00000000    rw- .stack
  20001270    20001270    00000800   00000000    rw- .sysmem
  20001a70    20001a70    000000a0   00000000    rw- .bss
  20001b10    20001b10    0000003c   00000000    rw- .data


SECTION ALLOCATION MAP

 output                                  attributes/
section   page    origin      length       input sections
--------  ----  ----------  ----------   ----------------
.intvecs   0    00000000    0000026c     
                  00000000    0000026c     tm4c123gh6pm_startup_ccs.obj (.intvecs)

.text      0    0000026c    00006376     
                  0000026c    0000113e     rtsv7M4_T_le_v4SPD16_eabi.lib : _printfi.obj (.text)
                  000013aa    00000002                                   : mpu_init.obj (.text)
                  000013ac    00000d44     main.obj (.text)
                  000020f0    00000a84     open_interface.obj (.text)
                  00002b74    000009ac     rtsv7M4_T_le_v4SPD16_eabi.lib : e_pow.obj (.text)
                  00003520    00000738                                   : k_rem_pio2.obj (.text)
                  00003c58    00000508                                   : s_tan.obj (.text)
                  00004160    000003d0                                   : memory.obj (.text)
                  00004530    00000320                                   : k_tan.obj (.text)
                  00004850    000002ec     lcd.obj (.text)
                  00004b3c    0000024c     uart.obj (.text)
                  00004d88    000001f4     rtsv7M4_T_le_v4SPD16_eabi.lib : ull_div_t2.obj (.text)
                  00004f7c    000001cc     servo.obj (.text)
                  00005148    000001b6     rtsv7M4_T_le_v4SPD16_eabi.lib : fd_add_t2.obj (.text)
                  000052fe    00000002                                   : startup.obj (.text)
                  00005300    000001b0     sonar.obj (.text)
                  000054b0    00000170     rtsv7M4_T_le_v4SPD16_eabi.lib : e_sqrt.obj (.text)
                  00005620    00000158     timer.obj (.text)
                  00005778    00000138     movement.obj (.text)
                  000058b0    00000136     rtsv7M4_T_le_v4SPD16_eabi.lib : fd_div_t2.obj (.text)
                  000059e6    00000002     --HOLE-- [fill = 0]
                  000059e8    000000fc     ir.obj (.text)
                  00005ae4    000000fc     rtsv7M4_T_le_v4SPD16_eabi.lib : fd_mul_t2.obj (.text)
                  00005be0    000000fc                                   : s_scalbn.obj (.text)
                  00005cdc    000000f8                                   : s_floor.obj (.text)
                  00005dd4    0000009c                                   : memcpy_t2.obj (.text)
                  00005e70    00000088                                   : vsnprintf.obj (.text)
                  00005ef8    00000086                                   : fd_cmp_t2.obj (.text:__aeabi_cdcmple)
                  00005f7e    00000086                                   : fd_cmp_t2.obj (.text:__aeabi_cdrcmple)
                  00006004    0000007a                                   : memset_t2.obj (.text)
                  0000607e    00000002     --HOLE-- [fill = 0]
                  00006080    00000070                                   : autoinit.obj (.text)
                  000060f0    00000068                                   : copy_decompress_lzss.obj (.text:decompress:lzss)
                  00006158    00000064                                   : s_frexp.obj (.text)
                  000061bc    00000060                                   : sprintf.obj (.text)
                  0000621c    00000054                                   : boot.obj (.text)
                  00006270    00000054                                   : exit.obj (.text)
                  000062c4    00000054                                   : ltoa.obj (.text)
                  00006318    0000004c                                   : atoi.obj (.text)
                  00006364    0000004c                                   : cpy_tbl.obj (.text)
                  000063b0    00000048                                   : fd_toi_t2.obj (.text)
                  000063f8    00000044                                   : fd_tou_t2.obj (.text)
                  0000643c    00000034     driverlib.lib : interrupt.obj (.text:IntRegister)
                  00006470    0000002e     rtsv7M4_T_le_v4SPD16_eabi.lib : i_tofd_t2.obj (.text)
                  0000649e    00000020                                   : u_tofd_t2.obj (.text)
                  000064be    0000001c                                   : memccpy.obj (.text)
                  000064da    00000018     open_interface.obj (.text:oi_parseInt)
                  000064f2    00000002     --HOLE-- [fill = 0]
                  000064f4    00000018     rtsv7M4_T_le_v4SPD16_eabi.lib : args_main.obj (.text)
                  0000650c    00000018                                   : strcmp.obj (.text)
                  00006524    00000016                                   : strchr.obj (.text)
                  0000653a    00000002     --HOLE-- [fill = 0]
                  0000653c    00000014                                   : _lock.obj (.text)
                  00006550    00000014                                   : s_copysign.obj (.text)
                  00006564    00000014                                   : strcpy.obj (.text)
                  00006578    00000014                                   : strlen.obj (.text)
                  0000658c    00000010     driverlib.lib : interrupt.obj (.text:IntMasterEnable)
                  0000659c    00000010     lcd.obj (.text:lcd_clear)
                  000065ac    0000000e     rtsv7M4_T_le_v4SPD16_eabi.lib : copy_decompress_none.obj (.text:decompress:none)
                  000065ba    0000000c     driverlib.lib : cpu.obj (.text:CPUcpsie)
                  000065c6    0000000c     rtsv7M4_T_le_v4SPD16_eabi.lib : copy_zero_init.obj (.text:decompress:ZI)
                  000065d2    0000000c     tm4c123gh6pm_startup_ccs.obj (.text)
                  000065de    00000004     rtsv7M4_T_le_v4SPD16_eabi.lib : pre_init.obj (.text)

.const     0    000065e8    000003a3     
                  000065e8    00000158     rtsv7M4_T_le_v4SPD16_eabi.lib : k_rem_pio2.obj (.const:$O1$$)
                  00006740    00000101                                   : ctype.obj (.const:.string:_ctypes_)
                  00006841    00000004     lcd.obj (.const:.string:lineAddress$1)
                  00006845    00000003     --HOLE-- [fill = 0]
                  00006848    00000080     rtsv7M4_T_le_v4SPD16_eabi.lib : k_tan.obj (.const:xxx)
                  000068c8    00000040     main.obj (.const:$P$T2$3)
                  00006908    00000030     rtsv7M4_T_le_v4SPD16_eabi.lib : e_pow.obj (.const:$O1$$)
                  00006938    00000020     main.obj (.const:$P$T0$1)
                  00006958    00000020     main.obj (.const:$P$T1$2)
                  00006978    0000000f     open_interface.obj (.const:.string:$P$T0$3)
                  00006987    00000004     lcd.obj (.const:.string:lineAddresses$2)

.cinit     0    00006990    00000050     
                  00006990    0000001c     (.cinit..data.load) [load image, compression = lzss]
                  000069ac    0000000c     (__TI_handler_table)
                  000069b8    00000008     (.cinit..bss.load) [load image, compression = zero_init]
                  000069c0    00000008     (.cinit..vtable.load) [load image, compression = zero_init]
                  000069c8    00000018     (__TI_cinit_table)

.init_array 
*          0    00000000    00000000     UNINITIALIZED

.vtable    0    20000000    0000026c     UNINITIALIZED
                  20000000    0000026c     driverlib.lib : interrupt.obj (.vtable)

.stack     0    2000026c    00001000     UNINITIALIZED
                  2000026c    00001000     --HOLE--

.sysmem    0    20001270    00000800     UNINITIALIZED
                  20001270    00000008     rtsv7M4_T_le_v4SPD16_eabi.lib : memory.obj (.sysmem)
                  20001278    000007f8     --HOLE--

.bss       0    20001a70    000000a0     UNINITIALIZED
                  20001a70    00000054     lcd.obj (.bss:lastbuffer$3)
                  20001ac4    00000034     (.common:isr_char_buffer)
                  20001af8    00000018     open_interface.obj (.bss:firmware$2)

.data      0    20001b10    0000003c     UNINITIALIZED
                  20001b10    00000010     open_interface.obj (.data)
                  20001b20    0000000c     rtsv7M4_T_le_v4SPD16_eabi.lib : exit.obj (.data:$O1$$)
                  20001b2c    0000000c                                   : memory.obj (.data:$O1$$)
                  20001b38    00000008                                   : _lock.obj (.data:$O1$$)
                  20001b40    00000004                                   : errno.obj (.data)
                  20001b44    00000004                                   : stkdepth_vars.obj (.data)
                  20001b48    00000004     uart.obj (.data)

MODULE SUMMARY

       Module                         code    ro data   rw data
       ------                         ----    -------   -------
    .\
       main.obj                       3396    128       0      
       open_interface.obj             2716    15        40     
       lcd.obj                        764     8         84     
       uart.obj                       588     0         56     
       tm4c123gh6pm_startup_ccs.obj   12      620       0      
       servo.obj                      460     0         0      
       sonar.obj                      432     0         0      
       timer.obj                      344     0         0      
       movement.obj                   312     0         0      
       ir.obj                         252     0         0      
    +--+------------------------------+-------+---------+---------+
       Total:                         9276    771       180    
                                                               
    C:/ti/TivaWare_C_Series-2.1.2.111/driverlib/ccs/Debug/driverlib.lib
       interrupt.obj                  68      0         620    
       cpu.obj                        12      0         0      
    +--+------------------------------+-------+---------+---------+
       Total:                         80      0         620    
                                                               
    C:\ti\ccsv7\tools\compiler\ti-cgt-arm_16.9.4.LTS\lib\rtsv7M4_T_le_v4SPD16_eabi.lib
       _printfi.obj                   4414    0         0      
       e_pow.obj                      2476    48        0      
       k_rem_pio2.obj                 1848    344       0      
       s_tan.obj                      1288    0         0      
       memory.obj                     976     0         12     
       k_tan.obj                      800     128       0      
       ull_div_t2.obj                 500     0         0      
       fd_add_t2.obj                  438     0         0      
       e_sqrt.obj                     368     0         0      
       fd_div_t2.obj                  310     0         0      
       fd_cmp_t2.obj                  268     0         0      
       ctype.obj                      0       257       0      
       fd_mul_t2.obj                  252     0         0      
       s_scalbn.obj                   252     0         0      
       s_floor.obj                    248     0         0      
       memcpy_t2.obj                  156     0         0      
       vsnprintf.obj                  136     0         0      
       memset_t2.obj                  122     0         0      
       autoinit.obj                   112     0         0      
       copy_decompress_lzss.obj       104     0         0      
       s_frexp.obj                    100     0         0      
       exit.obj                       84      0         12     
       sprintf.obj                    96      0         0      
       boot.obj                       84      0         0      
       ltoa.obj                       84      0         0      
       atoi.obj                       76      0         0      
       cpy_tbl.obj                    76      0         0      
       fd_toi_t2.obj                  72      0         0      
       fd_tou_t2.obj                  68      0         0      
       i_tofd_t2.obj                  46      0         0      
       u_tofd_t2.obj                  32      0         0      
       _lock.obj                      20      0         8      
       memccpy.obj                    28      0         0      
       args_main.obj                  24      0         0      
       strcmp.obj                     24      0         0      
       strchr.obj                     22      0         0      
       s_copysign.obj                 20      0         0      
       strcpy.obj                     20      0         0      
       strlen.obj                     20      0         0      
       copy_decompress_none.obj       14      0         0      
       copy_zero_init.obj             12      0         0      
       errno.obj                      0       0         4      
       pre_init.obj                   4       0         0      
       stkdepth_vars.obj              0       0         4      
       mpu_init.obj                   2       0         0      
       startup.obj                    2       0         0      
    +--+------------------------------+-------+---------+---------+
       Total:                         16098   777       40     
                                                               
       Heap:                          0       0         2048   
       Stack:                         0       0         4096   
       Linker Generated:              0       80        0      
    +--+------------------------------+-------+---------+---------+
       Grand Total:                   25454   1628      6984   


LINKER GENERATED COPY TABLES

__TI_cinit_table @ 000069c8 records: 3, size/record: 8, table size: 24
	.data: load addr=00006990, load size=0000001c bytes, run addr=20001b10, run size=0000003c bytes, compression=lzss
	.bss: load addr=000069b8, load size=00000008 bytes, run addr=20001a70, run size=000000a0 bytes, compression=zero_init
	.vtable: load addr=000069c0, load size=00000008 bytes, run addr=20000000, run size=0000026c bytes, compression=zero_init


LINKER GENERATED HANDLER TABLE

__TI_handler_table @ 000069ac records: 3, size/record: 4, table size: 12
	index: 0, handler: __TI_zero_init
	index: 1, handler: __TI_decompress_lzss
	index: 2, handler: __TI_decompress_none


GLOBAL SYMBOLS: SORTED ALPHABETICALLY BY Name 

address   name                           
-------   ----                           
00006271  C$$EXIT                        
000065bb  CPUcpsie                       
00005377  ClkCyclesToCM                  
000029e7  GPIOF_Handler                  
00005a5b  IRVoltstoCM                    
0000658d  IntMasterEnable                
0000643d  IntRegister                    
000065d3  ResetISR                       
UNDEFED   SHT$$INIT_ARRAY$$Base          
UNDEFED   SHT$$INIT_ARRAY$$Limit         
00004f7d  Timer1_init                    
00004d01  UART1_Clear                    
00004cc1  UART1_Handler                  
2000126c  __STACK_END                    
00001000  __STACK_SIZE                   
2000046c  __STACK_TOP                    
00000800  __SYSMEM_SIZE                  
000069c8  __TI_CINIT_Base                
000069e0  __TI_CINIT_Limit               
000069ac  __TI_Handler_Table_Base        
000069b8  __TI_Handler_Table_Limit       
00006081  __TI_auto_init                 
20001b20  __TI_cleanup_ptr               
000060f1  __TI_decompress_lzss           
000065ad  __TI_decompress_none           
20001b24  __TI_dtors_ptr                 
20001b28  __TI_enable_exit_profile_output
ffffffff  __TI_pprof_out_hndl            
00000ab1  __TI_printfi                   
ffffffff  __TI_prof_data_size            
ffffffff  __TI_prof_data_start           
00000000  __TI_static_base__             
000065c7  __TI_zero_init                 
00005ef9  __aeabi_cdcmpeq                
00005ef9  __aeabi_cdcmple                
00005f7f  __aeabi_cdrcmple               
000063b1  __aeabi_d2iz                   
000063f9  __aeabi_d2uiz                  
00005153  __aeabi_dadd                   
000058b1  __aeabi_ddiv                   
00005ae5  __aeabi_dmul                   
00005149  __aeabi_dsub                   
00006471  __aeabi_i2d                    
00006005  __aeabi_memclr                 
00006005  __aeabi_memclr4                
00006005  __aeabi_memclr8                
00005dd5  __aeabi_memcpy                 
00005dd5  __aeabi_memcpy4                
00005dd5  __aeabi_memcpy8                
00006007  __aeabi_memset                 
00006007  __aeabi_memset4                
00006007  __aeabi_memset8                
0000649f  __aeabi_ui2d                   
00004d89  __aeabi_uldivmod               
ffffffff  __binit__                      
ffffffff  __c_args__                     
00003521  __kernel_rem_pio2              
00004531  __kernel_tan                   
000013ab  __mpu_init                     
2000026c  __stack                        
000064f5  _args_main                     
0000621d  _c_int00                       
00006740  _ctypes_                       
20001b38  _lock                          
0000654b  _nop                           
00006543  _register_lock                 
0000653d  _register_unlock               
20001270  _sys_memory                    
000052ff  _system_post_cinit             
000065df  _system_pre_init               
20001b3c  _unlock                        
00006275  abort                          
00005899  absVal                         
00006319  atoi                           
ffffffff  binit                          
00004501  calloc                         
00005779  cleanup                        
00006365  copy_in                        
00006551  copysign                       
00006551  copysignl                      
20001b40  errno                          
0000627d  exit                           
00005cdd  floor                          
00005cdd  floorl                         
0000424b  free                           
00006159  frexp                          
00006159  frexpl                         
20000000  g_pfnRAMVectors                
00000000  g_pfnVectors                   
00002a09  getDegrees                     
00002795  go_charge                      
000059e9  ir_init                        
20001ac4  isr_char_buffer                
20001b48  isr_counter                    
0000659d  lcd_clear                      
000049e9  lcd_gotoLine                   
00004851  lcd_init                       
00004a4f  lcd_printf                     
00004911  lcd_putc                       
00004949  lcd_puts                       
00004967  lcd_sendCommand                
000049a5  lcd_sendNibble                 
00004a11  lcd_setCursorPos               
00005be1  ldexp                          
00005be1  ldexpl                         
000062c5  ltoa                           
000013ad  main                           
20001b44  main_func_sp                   
000041e1  malloc                         
00004415  memalign                       
000064bf  memccpy                        
00005dd5  memcpy                         
0000600d  memset                         
00004161  minit                          
0000579f  move_forward                   
00005011  move_servo                     
000020f1  oi_alloc                       
000028bf  oi_checkFirmware               
00002147  oi_close                       
000020fd  oi_free                        
00002131  oi_init                        
0000210d  oi_init_noupdate               
0000272b  oi_loadSong                    
000064db  oi_parseInt                    
000021ab  oi_parsePacket                 
00002781  oi_play_song                   
000026a5  oi_setLeds                     
000026e9  oi_setWheels                   
00002975  oi_shutoff_init                
000027a3  oi_uartInit                    
00002847  oi_uartReceive                 
0000288d  oi_uartSendBuff                
0000282b  oi_uartSendChar                
0000286f  oi_uartSendStr                 
00002159  oi_update                      
00005301  ping_init                      
00005411  ping_read                      
00002b75  pow                            
00002b75  powl                           
0000430d  realloc                        
00005be1  scalbn                         
00005be1  scalbnl                        
000053a3  send_pulse                     
000050dd  servo_0D                       
000050f1  servo_180D                     
000050e7  servo_90D                      
0000578d  setup                          
000061bd  sprintf                        
000054b1  sqrt                           
000054b1  sqrtl                          
00006525  strchr                         
0000650d  strcmp                         
00006565  strcpy                         
00006579  strlen                         
00003c59  tan                            
00003c59  tanl                           
00005731  timer_getClock                 
000056e5  timer_startClock               
0000567f  timer_startTimer               
00005737  timer_stopClock                
000056cf  timer_stopTimer                
00005655  timer_waitMicros               
00005621  timer_waitMillis               
00005829  turn_clockwise                 
00004c7f  uart_flush                     
00004b3d  uart_init                      
00004c3d  uart_receive                   
00004c13  uart_sendBuffer                
00004bf7  uart_sendChar                  
00004c9d  uart_sendStr                   
00005e71  vsnprintf                      


GLOBAL SYMBOLS: SORTED BY Symbol Address 

address   name                           
-------   ----                           
00000000  __TI_static_base__             
00000000  g_pfnVectors                   
00000800  __SYSMEM_SIZE                  
00000ab1  __TI_printfi                   
00001000  __STACK_SIZE                   
000013ab  __mpu_init                     
000013ad  main                           
000020f1  oi_alloc                       
000020fd  oi_free                        
0000210d  oi_init_noupdate               
00002131  oi_init                        
00002147  oi_close                       
00002159  oi_update                      
000021ab  oi_parsePacket                 
000026a5  oi_setLeds                     
000026e9  oi_setWheels                   
0000272b  oi_loadSong                    
00002781  oi_play_song                   
00002795  go_charge                      
000027a3  oi_uartInit                    
0000282b  oi_uartSendChar                
00002847  oi_uartReceive                 
0000286f  oi_uartSendStr                 
0000288d  oi_uartSendBuff                
000028bf  oi_checkFirmware               
00002975  oi_shutoff_init                
000029e7  GPIOF_Handler                  
00002a09  getDegrees                     
00002b75  pow                            
00002b75  powl                           
00003521  __kernel_rem_pio2              
00003c59  tan                            
00003c59  tanl                           
00004161  minit                          
000041e1  malloc                         
0000424b  free                           
0000430d  realloc                        
00004415  memalign                       
00004501  calloc                         
00004531  __kernel_tan                   
00004851  lcd_init                       
00004911  lcd_putc                       
00004949  lcd_puts                       
00004967  lcd_sendCommand                
000049a5  lcd_sendNibble                 
000049e9  lcd_gotoLine                   
00004a11  lcd_setCursorPos               
00004a4f  lcd_printf                     
00004b3d  uart_init                      
00004bf7  uart_sendChar                  
00004c13  uart_sendBuffer                
00004c3d  uart_receive                   
00004c7f  uart_flush                     
00004c9d  uart_sendStr                   
00004cc1  UART1_Handler                  
00004d01  UART1_Clear                    
00004d89  __aeabi_uldivmod               
00004f7d  Timer1_init                    
00005011  move_servo                     
000050dd  servo_0D                       
000050e7  servo_90D                      
000050f1  servo_180D                     
00005149  __aeabi_dsub                   
00005153  __aeabi_dadd                   
000052ff  _system_post_cinit             
00005301  ping_init                      
00005377  ClkCyclesToCM                  
000053a3  send_pulse                     
00005411  ping_read                      
000054b1  sqrt                           
000054b1  sqrtl                          
00005621  timer_waitMillis               
00005655  timer_waitMicros               
0000567f  timer_startTimer               
000056cf  timer_stopTimer                
000056e5  timer_startClock               
00005731  timer_getClock                 
00005737  timer_stopClock                
00005779  cleanup                        
0000578d  setup                          
0000579f  move_forward                   
00005829  turn_clockwise                 
00005899  absVal                         
000058b1  __aeabi_ddiv                   
000059e9  ir_init                        
00005a5b  IRVoltstoCM                    
00005ae5  __aeabi_dmul                   
00005be1  ldexp                          
00005be1  ldexpl                         
00005be1  scalbn                         
00005be1  scalbnl                        
00005cdd  floor                          
00005cdd  floorl                         
00005dd5  __aeabi_memcpy                 
00005dd5  __aeabi_memcpy4                
00005dd5  __aeabi_memcpy8                
00005dd5  memcpy                         
00005e71  vsnprintf                      
00005ef9  __aeabi_cdcmpeq                
00005ef9  __aeabi_cdcmple                
00005f7f  __aeabi_cdrcmple               
00006005  __aeabi_memclr                 
00006005  __aeabi_memclr4                
00006005  __aeabi_memclr8                
00006007  __aeabi_memset                 
00006007  __aeabi_memset4                
00006007  __aeabi_memset8                
0000600d  memset                         
00006081  __TI_auto_init                 
000060f1  __TI_decompress_lzss           
00006159  frexp                          
00006159  frexpl                         
000061bd  sprintf                        
0000621d  _c_int00                       
00006271  C$$EXIT                        
00006275  abort                          
0000627d  exit                           
000062c5  ltoa                           
00006319  atoi                           
00006365  copy_in                        
000063b1  __aeabi_d2iz                   
000063f9  __aeabi_d2uiz                  
0000643d  IntRegister                    
00006471  __aeabi_i2d                    
0000649f  __aeabi_ui2d                   
000064bf  memccpy                        
000064db  oi_parseInt                    
000064f5  _args_main                     
0000650d  strcmp                         
00006525  strchr                         
0000653d  _register_unlock               
00006543  _register_lock                 
0000654b  _nop                           
00006551  copysign                       
00006551  copysignl                      
00006565  strcpy                         
00006579  strlen                         
0000658d  IntMasterEnable                
0000659d  lcd_clear                      
000065ad  __TI_decompress_none           
000065bb  CPUcpsie                       
000065c7  __TI_zero_init                 
000065d3  ResetISR                       
000065df  _system_pre_init               
00006740  _ctypes_                       
000069ac  __TI_Handler_Table_Base        
000069b8  __TI_Handler_Table_Limit       
000069c8  __TI_CINIT_Base                
000069e0  __TI_CINIT_Limit               
20000000  g_pfnRAMVectors                
2000026c  __stack                        
2000046c  __STACK_TOP                    
2000126c  __STACK_END                    
20001270  _sys_memory                    
20001ac4  isr_char_buffer                
20001b20  __TI_cleanup_ptr               
20001b24  __TI_dtors_ptr                 
20001b28  __TI_enable_exit_profile_output
20001b38  _lock                          
20001b3c  _unlock                        
20001b40  errno                          
20001b44  main_func_sp                   
20001b48  isr_counter                    
ffffffff  __TI_pprof_out_hndl            
ffffffff  __TI_prof_data_size            
ffffffff  __TI_prof_data_start           
ffffffff  __binit__                      
ffffffff  __c_args__                     
ffffffff  binit                          
UNDEFED   SHT$$INIT_ARRAY$$Base          
UNDEFED   SHT$$INIT_ARRAY$$Limit         

[171 symbols]
