******************************************************************************
                  TI ARM Linker PC v15.12.1                    
******************************************************************************
>> Linked Thu Sep 15 12:05:44 2016

OUTPUT FILE NAME:   <lab2.out>
ENTRY POINT SYMBOL: "_c_int00"  address: 00001809


MEMORY CONFIGURATION

         name            origin    length      used     unused   attr    fill
----------------------  --------  ---------  --------  --------  ----  --------
  FLASH                 00000000   00040000  00001ab7  0003e549  R  X
  SRAM                  20000000   00008000  00000eac  00007154  RW X


SEGMENT ALLOCATION MAP

run origin  load origin   length   init length attrs members
----------  ----------- ---------- ----------- ----- -------
00000000    00000000    00001abc   00001abc    r-x
  00000000    00000000    0000026c   0000026c    r-- .intvecs
  0000026c    0000026c    000017d8   000017d8    r-x .text
  00001a44    00001a44    0000000f   0000000f    r-- .const
  00001a58    00001a58    00000064   00000064    r-- .cinit
20000000    20000000    00000eb0   00000000    rw-
  20000000    20000000    0000026c   00000000    rw- .vtable
  2000026c    2000026c    00000800   00000000    rw- .stack
  20000a70    20000a70    00000400   00000000    rw- .sysmem
  20000e70    20000e70    00000028   00000000    rw- .data
  20000e98    20000e98    00000018   00000000    rw- .bss


SECTION ALLOCATION MAP

 output                                  attributes/
section   page    origin      length       input sections
--------  ----  ----------  ----------   ----------------
.intvecs   0    00000000    0000026c     
                  00000000    0000026c     tm4c123gh6pm_startup_ccs.obj (.intvecs)

.text      0    0000026c    000017d8     
                  0000026c    00000980     open_interface.obj (.text)
                  00000bec    000003dc     rtsv7M4_T_le_v4SPD16_eabi.lib : memory.obj (.text)
                  00000fc8    000001b6                                   : fd_add_t2.obj (.text)
                  0000117e    00000002                                   : mpu_init.obj (.text)
                  00001180    00000158     timer.obj (.text)
                  000012d8    00000136     rtsv7M4_T_le_v4SPD16_eabi.lib : fd_div_t2.obj (.text)
                  0000140e    00000002                                   : startup.obj (.text)
                  00001410    0000012c     movement.obj (.text)
                  0000153c    000000d8     main.obj (.text)
                  00001614    0000009c     rtsv7M4_T_le_v4SPD16_eabi.lib : memcpy_t2.obj (.text)
                  000016b0    0000007a                                   : memset_t2.obj (.text)
                  0000172a    00000002     --HOLE-- [fill = 0]
                  0000172c    00000070                                   : autoinit.obj (.text)
                  0000179c    0000006a                                   : copy_decompress_rle.obj (.text)
                  00001806    00000002     --HOLE-- [fill = 0]
                  00001808    00000054                                   : boot.obj (.text)
                  0000185c    00000054                                   : exit.obj (.text)
                  000018b0    0000004c                                   : cpy_tbl.obj (.text)
                  000018fc    00000048                                   : fd_toi_t2.obj (.text)
                  00001944    00000034     driverlib.lib : interrupt.obj (.text:IntRegister)
                  00001978    0000002e     rtsv7M4_T_le_v4SPD16_eabi.lib : i_tofd_t2.obj (.text)
                  000019a6    00000018     open_interface.obj (.text:oi_parseInt)
                  000019be    00000002     --HOLE-- [fill = 0]
                  000019c0    00000018     rtsv7M4_T_le_v4SPD16_eabi.lib : args_main.obj (.text)
                  000019d8    00000018                                   : strcmp.obj (.text)
                  000019f0    00000014                                   : _lock.obj (.text)
                  00001a04    00000010     driverlib.lib : interrupt.obj (.text:IntMasterEnable)
                  00001a14    0000000e     rtsv7M4_T_le_v4SPD16_eabi.lib : copy_decompress_none.obj (.text:decompress:none)
                  00001a22    0000000c     driverlib.lib : cpu.obj (.text:CPUcpsie)
                  00001a2e    0000000c     tm4c123gh6pm_startup_ccs.obj (.text)
                  00001a3a    00000006     rtsv7M4_T_le_v4SPD16_eabi.lib : copy_decompress_rle.obj (.text:decompress:rle24)
                  00001a40    00000004                                   : pre_init.obj (.text)

.const     0    00001a44    0000000f     
                  00001a44    0000000f     open_interface.obj (.const:.string:$P$T0$3)

.cinit     0    00001a58    00000064     
                  00001a58    00000021     (.cinit..data.load) [load image, compression = rle]
                  00001a79    00000007     --HOLE-- [fill = 0]
                  00001a80    0000000b     (.cinit..vtable.load) [load image, compression = rle]
                  00001a8b    00000005     --HOLE-- [fill = 0]
                  00001a90    00000009     (.cinit..bss.load) [load image, compression = rle]
                  00001a99    00000003     --HOLE-- [fill = 0]
                  00001a9c    00000008     (__TI_handler_table)
                  00001aa4    00000018     (__TI_cinit_table)

.init_array 
*          0    00000000    00000000     UNINITIALIZED

.vtable    0    20000000    0000026c     UNINITIALIZED
                  20000000    0000026c     driverlib.lib : interrupt.obj (.vtable)

.stack     0    2000026c    00000800     UNINITIALIZED
                  2000026c    00000800     --HOLE--

.sysmem    0    20000a70    00000400     UNINITIALIZED
                  20000a70    00000008     rtsv7M4_T_le_v4SPD16_eabi.lib : memory.obj (.sysmem)
                  20000a78    000003f8     --HOLE--

.data      0    20000e70    00000028     UNINITIALIZED
                  20000e70    0000000c     rtsv7M4_T_le_v4SPD16_eabi.lib : exit.obj (.data:$O1$$)
                  20000e7c    0000000c                                   : memory.obj (.data:$O1$$)
                  20000e88    00000008                                   : _lock.obj (.data:$O1$$)
                  20000e90    00000004     open_interface.obj (.data)
                  20000e94    00000004     rtsv7M4_T_le_v4SPD16_eabi.lib : stkdepth_vars.obj (.data)

.bss       0    20000e98    00000018     UNINITIALIZED
                  20000e98    00000018     open_interface.obj (.bss:firmware$2)

MODULE SUMMARY

       Module                         code   ro data   rw data
       ------                         ----   -------   -------
    .\
       open_interface.obj             2456   15        28     
       tm4c123gh6pm_startup_ccs.obj   12     620       0      
       timer.obj                      344    0         0      
       movement.obj                   300    0         0      
       main.obj                       216    0         0      
    +--+------------------------------+------+---------+---------+
       Total:                         3328   635       28     
                                                              
    C:/ti/TivaWare_C_Series-2.1.2.111/driverlib/ccs/Debug/driverlib.lib
       interrupt.obj                  68     0         620    
       cpu.obj                        12     0         0      
    +--+------------------------------+------+---------+---------+
       Total:                         80     0         620    
                                                              
    C:\ti\ccsv6\tools\compiler\ti-cgt-arm_15.12.1.LTS\lib\rtsv7M4_T_le_v4SPD16_eabi.lib
       memory.obj                     988    0         12     
       fd_add_t2.obj                  438    0         0      
       fd_div_t2.obj                  310    0         0      
       memcpy_t2.obj                  156    0         0      
       memset_t2.obj                  122    0         0      
       autoinit.obj                   112    0         0      
       copy_decompress_rle.obj        112    0         0      
       exit.obj                       84     0         12     
       boot.obj                       84     0         0      
       cpy_tbl.obj                    76     0         0      
       fd_toi_t2.obj                  72     0         0      
       i_tofd_t2.obj                  46     0         0      
       _lock.obj                      20     0         8      
       args_main.obj                  24     0         0      
       strcmp.obj                     24     0         0      
       copy_decompress_none.obj       14     0         0      
       pre_init.obj                   4      0         0      
       stkdepth_vars.obj              0      0         4      
       mpu_init.obj                   2      0         0      
       startup.obj                    2      0         0      
    +--+------------------------------+------+---------+---------+
       Total:                         2690   0         36     
                                                              
       Heap:                          0      0         1024   
       Stack:                         0      0         2048   
       Linker Generated:              0      85        0      
    +--+------------------------------+------+---------+---------+
       Grand Total:                   6098   720       3756   


LINKER GENERATED COPY TABLES

__TI_cinit_table @ 00001aa4 records: 3, size/record: 8, table size: 24
	.data: load addr=00001a58, load size=00000021 bytes, run addr=20000e70, run size=00000028 bytes, compression=rle
	.vtable: load addr=00001a80, load size=0000000b bytes, run addr=20000000, run size=0000026c bytes, compression=rle
	.bss: load addr=00001a90, load size=00000009 bytes, run addr=20000e98, run size=00000018 bytes, compression=rle


LINKER GENERATED HANDLER TABLE

__TI_handler_table @ 00001a9c records: 2, size/record: 4, table size: 8
	index: 0, handler: __TI_decompress_rle24
	index: 1, handler: __TI_decompress_none


GLOBAL SYMBOLS: SORTED ALPHABETICALLY BY Name 

address   name                           
-------   ----                           
0000185d  C$$EXIT                        
00001a23  CPUcpsie                       
00000b61  GPIOF_Handler                  
00001a05  IntMasterEnable                
00001945  IntRegister                    
00001a2f  ResetISR                       
UNDEFED   SHT$$INIT_ARRAY$$Base          
UNDEFED   SHT$$INIT_ARRAY$$Limit         
20000a6c  __STACK_END                    
00000800  __STACK_SIZE                   
2000046c  __STACK_TOP                    
00000400  __SYSMEM_SIZE                  
00001aa4  __TI_CINIT_Base                
00001abc  __TI_CINIT_Limit               
00001a9c  __TI_Handler_Table_Base        
00001aa4  __TI_Handler_Table_Limit       
0000172d  __TI_auto_init                 
20000e70  __TI_cleanup_ptr               
00001a15  __TI_decompress_none           
00001a3b  __TI_decompress_rle24          
20000e74  __TI_dtors_ptr                 
20000e78  __TI_enable_exit_profile_output
ffffffff  __TI_pprof_out_hndl            
ffffffff  __TI_prof_data_size            
ffffffff  __TI_prof_data_start           
00000000  __TI_static_base__             
000018fd  __aeabi_d2iz                   
00000fd3  __aeabi_dadd                   
000012d9  __aeabi_ddiv                   
00000fc9  __aeabi_dsub                   
00001979  __aeabi_i2d                    
000016b1  __aeabi_memclr                 
000016b1  __aeabi_memclr4                
000016b1  __aeabi_memclr8                
00001615  __aeabi_memcpy                 
00001615  __aeabi_memcpy4                
00001615  __aeabi_memcpy8                
000016b3  __aeabi_memset                 
000016b3  __aeabi_memset4                
000016b3  __aeabi_memset8                
ffffffff  __binit__                      
ffffffff  __c_args__                     
0000117f  __mpu_init                     
2000026c  __stack                        
000019c1  _args_main                     
00001809  _c_int00                       
20000e88  _lock                          
000019ff  _nop                           
000019f7  _register_lock                 
000019f1  _register_unlock               
20000a70  _sys_memory                    
0000140f  _system_post_cinit             
00001a41  _system_pre_init               
20000e8c  _unlock                        
00001861  abort                          
ffffffff  binit                          
00000f95  calloc                         
000018b1  copy_in                        
00001869  exit                           
00000ce3  free                           
20000000  g_pfnRAMVectors                
00000000  g_pfnVectors                   
00000913  go_charge                      
0000153d  main                           
20000e94  main_func_sp                   
00000c7b  malloc                         
00000eb1  memalign                       
00001615  memcpy                         
000016b9  memset                         
00000bed  minit                          
00001475  move_backward                  
00001411  move_forward                   
0000026d  oi_alloc                       
00000a3d  oi_checkFirmware               
000002c3  oi_close                       
00000279  oi_free                        
000002ad  oi_init                        
00000289  oi_init_noupdate               
000008a9  oi_loadSong                    
000019a7  oi_parseInt                    
00000327  oi_parsePacket                 
000008ff  oi_play_song                   
00000823  oi_setLeds                     
00000867  oi_setWheels                   
00000aef  oi_shutoff_init                
00000921  oi_uartInit                    
000009c5  oi_uartReceive                 
00000a0b  oi_uartSendBuff                
000009a9  oi_uartSendChar                
000009ed  oi_uartSendStr                 
000002d5  oi_update                      
00000da5  realloc                        
000019d9  strcmp                         
00001291  timer_getClock                 
00001245  timer_startClock               
000011df  timer_startTimer               
00001297  timer_stopClock                
0000122f  timer_stopTimer                
000011b5  timer_waitMicros               
00001181  timer_waitMillis               
000014b9  turn_clockwise                 
000014f9  turn_coutnerclockwise          


GLOBAL SYMBOLS: SORTED BY Symbol Address 

address   name                           
-------   ----                           
00000000  __TI_static_base__             
00000000  g_pfnVectors                   
0000026d  oi_alloc                       
00000279  oi_free                        
00000289  oi_init_noupdate               
000002ad  oi_init                        
000002c3  oi_close                       
000002d5  oi_update                      
00000327  oi_parsePacket                 
00000400  __SYSMEM_SIZE                  
00000800  __STACK_SIZE                   
00000823  oi_setLeds                     
00000867  oi_setWheels                   
000008a9  oi_loadSong                    
000008ff  oi_play_song                   
00000913  go_charge                      
00000921  oi_uartInit                    
000009a9  oi_uartSendChar                
000009c5  oi_uartReceive                 
000009ed  oi_uartSendStr                 
00000a0b  oi_uartSendBuff                
00000a3d  oi_checkFirmware               
00000aef  oi_shutoff_init                
00000b61  GPIOF_Handler                  
00000bed  minit                          
00000c7b  malloc                         
00000ce3  free                           
00000da5  realloc                        
00000eb1  memalign                       
00000f95  calloc                         
00000fc9  __aeabi_dsub                   
00000fd3  __aeabi_dadd                   
0000117f  __mpu_init                     
00001181  timer_waitMillis               
000011b5  timer_waitMicros               
000011df  timer_startTimer               
0000122f  timer_stopTimer                
00001245  timer_startClock               
00001291  timer_getClock                 
00001297  timer_stopClock                
000012d9  __aeabi_ddiv                   
0000140f  _system_post_cinit             
00001411  move_forward                   
00001475  move_backward                  
000014b9  turn_clockwise                 
000014f9  turn_coutnerclockwise          
0000153d  main                           
00001615  __aeabi_memcpy                 
00001615  __aeabi_memcpy4                
00001615  __aeabi_memcpy8                
00001615  memcpy                         
000016b1  __aeabi_memclr                 
000016b1  __aeabi_memclr4                
000016b1  __aeabi_memclr8                
000016b3  __aeabi_memset                 
000016b3  __aeabi_memset4                
000016b3  __aeabi_memset8                
000016b9  memset                         
0000172d  __TI_auto_init                 
00001809  _c_int00                       
0000185d  C$$EXIT                        
00001861  abort                          
00001869  exit                           
000018b1  copy_in                        
000018fd  __aeabi_d2iz                   
00001945  IntRegister                    
00001979  __aeabi_i2d                    
000019a7  oi_parseInt                    
000019c1  _args_main                     
000019d9  strcmp                         
000019f1  _register_unlock               
000019f7  _register_lock                 
000019ff  _nop                           
00001a05  IntMasterEnable                
00001a15  __TI_decompress_none           
00001a23  CPUcpsie                       
00001a2f  ResetISR                       
00001a3b  __TI_decompress_rle24          
00001a41  _system_pre_init               
00001a9c  __TI_Handler_Table_Base        
00001aa4  __TI_CINIT_Base                
00001aa4  __TI_Handler_Table_Limit       
00001abc  __TI_CINIT_Limit               
20000000  g_pfnRAMVectors                
2000026c  __stack                        
2000046c  __STACK_TOP                    
20000a6c  __STACK_END                    
20000a70  _sys_memory                    
20000e70  __TI_cleanup_ptr               
20000e74  __TI_dtors_ptr                 
20000e78  __TI_enable_exit_profile_output
20000e88  _lock                          
20000e8c  _unlock                        
20000e94  main_func_sp                   
ffffffff  __TI_pprof_out_hndl            
ffffffff  __TI_prof_data_size            
ffffffff  __TI_prof_data_start           
ffffffff  __binit__                      
ffffffff  __c_args__                     
ffffffff  binit                          
UNDEFED   SHT$$INIT_ARRAY$$Base          
UNDEFED   SHT$$INIT_ARRAY$$Limit         

[102 symbols]
