******************************************************************************
                  TI ARM Linker PC v15.12.1                    
******************************************************************************
>> Linked Thu Sep 15 12:46:21 2016

OUTPUT FILE NAME:   <lab3.out>
ENTRY POINT SYMBOL: "_c_int00"  address: 000023d1


MEMORY CONFIGURATION

         name            origin    length      used     unused   attr    fill
----------------------  --------  ---------  --------  --------  ----  --------
  FLASH                 00000000   00040000  000027e1  0003d81f  R  X
  SRAM                  20000000   00008000  00000872  0000778e  RW X


SEGMENT ALLOCATION MAP

run origin  load origin   length   init length attrs members
----------  ----------- ---------- ----------- ----- -------
00000000    00000000    000027e4   000027e4    r-x
  00000000    00000000    0000026c   0000026c    r-- .intvecs
  0000026c    0000026c    00002430   00002430    r-x .text
  0000269c    0000269c    00000109   00000109    r-- .const
  000027a8    000027a8    0000003c   0000003c    r-- .cinit
20000000    20000000    00000875   00000000    rw-
  20000000    20000000    00000800   00000000    rw- .stack
  20000800    20000800    00000055   00000000    rw- .bss
  20000858    20000858    0000001d   00000000    rw- .data


SECTION ALLOCATION MAP

 output                                  attributes/
section   page    origin      length       input sections
--------  ----  ----------  ----------   ----------------
.intvecs   0    00000000    0000026c     
                  00000000    0000026c     tm4c123gh6pm_startup_ccs.obj (.intvecs)

.text      0    0000026c    00002430     
                  0000026c    00001110     rtsv7M4_T_le_v4SPD16_eabi.lib : _printfi.obj (.text)
                  0000137c    000002ec     lcd.obj (.text)
                  00001668    000001f4     rtsv7M4_T_le_v4SPD16_eabi.lib : ull_div_t2.obj (.text)
                  0000185c    000001b6                                   : fd_add_t2.obj (.text)
                  00001a12    00000002                                   : mpu_init.obj (.text)
                  00001a14    00000158     timer.obj (.text)
                  00001b6c    00000136     rtsv7M4_T_le_v4SPD16_eabi.lib : fd_div_t2.obj (.text)
                  00001ca2    000000fc                                   : fd_mul_t2.obj (.text)
                  00001d9e    00000002                                   : startup.obj (.text)
                  00001da0    000000fc                                   : s_scalbn.obj (.text)
                  00001e9c    000000f0     button.obj (.text)
                  00001f8c    0000009c     rtsv7M4_T_le_v4SPD16_eabi.lib : memcpy_t2.obj (.text)
                  00002028    00000088                                   : vsnprintf.obj (.text)
                  000020b0    00000086                                   : fd_cmp_t2.obj (.text:__aeabi_cdcmple)
                  00002136    00000086                                   : fd_cmp_t2.obj (.text:__aeabi_cdrcmple)
                  000021bc    0000007a                                   : memset_t2.obj (.text)
                  00002236    00000002     --HOLE-- [fill = 0]
                  00002238    00000070                                   : autoinit.obj (.text)
                  000022a8    0000006a                                   : copy_decompress_rle.obj (.text)
                  00002312    00000002     --HOLE-- [fill = 0]
                  00002314    00000064                                   : s_frexp.obj (.text)
                  00002378    00000056                                   : ltoa.obj (.text)
                  000023ce    00000002     --HOLE-- [fill = 0]
                  000023d0    00000054                                   : boot.obj (.text)
                  00002424    00000054                                   : exit.obj (.text)
                  00002478    0000004c                                   : atoi.obj (.text)
                  000024c4    0000004c                                   : cpy_tbl.obj (.text)
                  00002510    00000048                                   : fd_toi_t2.obj (.text)
                  00002558    0000002e                                   : i_tofd_t2.obj (.text)
                  00002586    00000002     --HOLE-- [fill = 0]
                  00002588    0000002c     lab3_template.obj (.text)
                  000025b4    0000001c     rtsv7M4_T_le_v4SPD16_eabi.lib : memccpy.obj (.text)
                  000025d0    00000018                                   : args_main.obj (.text)
                  000025e8    00000018                                   : strcmp.obj (.text)
                  00002600    00000016                                   : strchr.obj (.text)
                  00002616    00000002     --HOLE-- [fill = 0]
                  00002618    00000014                                   : _lock.obj (.text)
                  0000262c    00000014                                   : s_copysign.obj (.text)
                  00002640    00000014                                   : strcpy.obj (.text)
                  00002654    00000014                                   : strlen.obj (.text)
                  00002668    00000010     lcd.obj (.text:lcd_clear)
                  00002678    0000000e     rtsv7M4_T_le_v4SPD16_eabi.lib : copy_decompress_none.obj (.text:decompress:none)
                  00002686    0000000c     tm4c123gh6pm_startup_ccs.obj (.text)
                  00002692    00000006     rtsv7M4_T_le_v4SPD16_eabi.lib : copy_decompress_rle.obj (.text:decompress:rle24)
                  00002698    00000004                                   : pre_init.obj (.text)

.const     0    0000269c    00000109     
                  0000269c    00000101     rtsv7M4_T_le_v4SPD16_eabi.lib : ctype.obj (.const:.string:_ctypes_)
                  0000279d    00000004     lcd.obj (.const:.string:lineAddress$1)
                  000027a1    00000004     lcd.obj (.const:.string:lineAddresses$2)

.cinit     0    000027a8    0000003c     
                  000027a8    00000016     (.cinit..data.load) [load image, compression = rle]
                  000027be    00000002     --HOLE-- [fill = 0]
                  000027c0    00000009     (.cinit..bss.load) [load image, compression = rle]
                  000027c9    00000003     --HOLE-- [fill = 0]
                  000027cc    00000008     (__TI_handler_table)
                  000027d4    00000010     (__TI_cinit_table)

.init_array 
*          0    00000000    00000000     UNINITIALIZED

.stack     0    20000000    00000800     UNINITIALIZED
                  20000000    00000800     --HOLE--

.bss       0    20000800    00000055     UNINITIALIZED
                  20000800    00000054     lcd.obj (.bss:lastbuffer$3)
                  20000854    00000001     (.common:_prevButton)

.data      0    20000858    0000001d     UNINITIALIZED
                  20000858    0000000c     rtsv7M4_T_le_v4SPD16_eabi.lib : exit.obj (.data:$O1$$)
                  20000864    00000008                                   : _lock.obj (.data:$O1$$)
                  2000086c    00000004                                   : errno.obj (.data)
                  20000870    00000004                                   : stkdepth_vars.obj (.data)
                  20000874    00000001     button.obj (.data)

MODULE SUMMARY

       Module                         code   ro data   rw data
       ------                         ----   -------   -------
    .\
       lcd.obj                        764    8         84     
       tm4c123gh6pm_startup_ccs.obj   12     620       0      
       timer.obj                      344    0         0      
       button.obj                     240    0         2      
       lab3_template.obj              44     0         0      
    +--+------------------------------+------+---------+---------+
       Total:                         1404   628       86     
                                                              
    C:\ti\ccsv6\tools\compiler\ti-cgt-arm_15.12.1.LTS\lib\rtsv7M4_T_le_v4SPD16_eabi.lib
       _printfi.obj                   4368   0         0      
       ull_div_t2.obj                 500    0         0      
       fd_add_t2.obj                  438    0         0      
       fd_div_t2.obj                  310    0         0      
       fd_cmp_t2.obj                  268    0         0      
       ctype.obj                      0      257       0      
       fd_mul_t2.obj                  252    0         0      
       s_scalbn.obj                   252    0         0      
       memcpy_t2.obj                  156    0         0      
       vsnprintf.obj                  136    0         0      
       memset_t2.obj                  122    0         0      
       autoinit.obj                   112    0         0      
       copy_decompress_rle.obj        112    0         0      
       s_frexp.obj                    100    0         0      
       exit.obj                       84     0         12     
       ltoa.obj                       86     0         0      
       boot.obj                       84     0         0      
       atoi.obj                       76     0         0      
       cpy_tbl.obj                    76     0         0      
       fd_toi_t2.obj                  72     0         0      
       i_tofd_t2.obj                  46     0         0      
       _lock.obj                      20     0         8      
       memccpy.obj                    28     0         0      
       args_main.obj                  24     0         0      
       strcmp.obj                     24     0         0      
       strchr.obj                     22     0         0      
       s_copysign.obj                 20     0         0      
       strcpy.obj                     20     0         0      
       strlen.obj                     20     0         0      
       copy_decompress_none.obj       14     0         0      
       errno.obj                      0      0         4      
       pre_init.obj                   4      0         0      
       stkdepth_vars.obj              0      0         4      
       mpu_init.obj                   2      0         0      
       startup.obj                    2      0         0      
    +--+------------------------------+------+---------+---------+
       Total:                         7850   257       28     
                                                              
       Stack:                         0      0         2048   
       Linker Generated:              0      55        0      
    +--+------------------------------+------+---------+---------+
       Grand Total:                   9254   940       2162   


LINKER GENERATED COPY TABLES

__TI_cinit_table @ 000027d4 records: 2, size/record: 8, table size: 16
	.data: load addr=000027a8, load size=00000016 bytes, run addr=20000858, run size=0000001d bytes, compression=rle
	.bss: load addr=000027c0, load size=00000009 bytes, run addr=20000800, run size=00000055 bytes, compression=rle


LINKER GENERATED HANDLER TABLE

__TI_handler_table @ 000027cc records: 2, size/record: 4, table size: 8
	index: 0, handler: __TI_decompress_rle24
	index: 1, handler: __TI_decompress_none


GLOBAL SYMBOLS: SORTED ALPHABETICALLY BY Name 

address   name                           
-------   ----                           
00002425  C$$EXIT                        
00002687  ResetISR                       
UNDEFED   SHT$$INIT_ARRAY$$Base          
UNDEFED   SHT$$INIT_ARRAY$$Limit         
20000800  __STACK_END                    
00000800  __STACK_SIZE                   
20000200  __STACK_TOP                    
000027d4  __TI_CINIT_Base                
000027e4  __TI_CINIT_Limit               
000027cc  __TI_Handler_Table_Base        
000027d4  __TI_Handler_Table_Limit       
00002239  __TI_auto_init                 
20000858  __TI_cleanup_ptr               
00002679  __TI_decompress_none           
00002693  __TI_decompress_rle24          
2000085c  __TI_dtors_ptr                 
20000860  __TI_enable_exit_profile_output
ffffffff  __TI_pprof_out_hndl            
00001077  __TI_printfi                   
ffffffff  __TI_prof_data_size            
ffffffff  __TI_prof_data_start           
00000000  __TI_static_base__             
000020b1  __aeabi_cdcmpeq                
000020b1  __aeabi_cdcmple                
00002137  __aeabi_cdrcmple               
00002511  __aeabi_d2iz                   
00001867  __aeabi_dadd                   
00001b6d  __aeabi_ddiv                   
00001ca3  __aeabi_dmul                   
0000185d  __aeabi_dsub                   
00002559  __aeabi_i2d                    
000021bd  __aeabi_memclr                 
000021bd  __aeabi_memclr4                
000021bd  __aeabi_memclr8                
00001f8d  __aeabi_memcpy                 
00001f8d  __aeabi_memcpy4                
00001f8d  __aeabi_memcpy8                
000021bf  __aeabi_memset                 
000021bf  __aeabi_memset4                
000021bf  __aeabi_memset8                
00001669  __aeabi_uldivmod               
ffffffff  __binit__                      
ffffffff  __c_args__                     
00001a13  __mpu_init                     
20000000  __stack                        
000025d1  _args_main                     
000023d1  _c_int00                       
0000269c  _ctypes_                       
20000864  _lock                          
00002627  _nop                           
20000854  _prevButton                    
0000261f  _register_lock                 
00002619  _register_unlock               
00001d9f  _system_post_cinit             
00002699  _system_pre_init               
20000868  _unlock                        
00002429  abort                          
00002479  atoi                           
ffffffff  binit                          
00001ec9  button_checkButtons            
00001ed3  button_getButton               
00001f1f  button_getButtonBlocking       
00001f33  button_getButtonChange         
00001f5d  button_getButtonChangeBlocking 
00001e9d  button_init                    
000024c5  copy_in                        
0000262d  copysign                       
0000262d  copysignl                      
2000086c  errno                          
00002431  exit                           
00002315  frexp                          
00002315  frexpl                         
00000000  g_pfnVectors                   
00002669  lcd_clear                      
00001515  lcd_gotoLine                   
0000137d  lcd_init                       
0000157b  lcd_printf                     
0000143d  lcd_putc                       
00001475  lcd_puts                       
00001493  lcd_sendCommand                
000014d1  lcd_sendNibble                 
0000153d  lcd_setCursorPos               
00001da1  ldexp                          
00001da1  ldexpl                         
00002379  ltoa                           
00002589  main                           
20000870  main_func_sp                   
000025b5  memccpy                        
00001f8d  memcpy                         
000021c5  memset                         
00001da1  scalbn                         
00001da1  scalbnl                        
00002601  strchr                         
000025e9  strcmp                         
00002641  strcpy                         
00002655  strlen                         
00001b25  timer_getClock                 
00001ad9  timer_startClock               
00001a73  timer_startTimer               
00001b2b  timer_stopClock                
00001ac3  timer_stopTimer                
00001a49  timer_waitMicros               
00001a15  timer_waitMillis               
00002029  vsnprintf                      


GLOBAL SYMBOLS: SORTED BY Symbol Address 

address   name                           
-------   ----                           
00000000  __TI_static_base__             
00000000  g_pfnVectors                   
00000800  __STACK_SIZE                   
00001077  __TI_printfi                   
0000137d  lcd_init                       
0000143d  lcd_putc                       
00001475  lcd_puts                       
00001493  lcd_sendCommand                
000014d1  lcd_sendNibble                 
00001515  lcd_gotoLine                   
0000153d  lcd_setCursorPos               
0000157b  lcd_printf                     
00001669  __aeabi_uldivmod               
0000185d  __aeabi_dsub                   
00001867  __aeabi_dadd                   
00001a13  __mpu_init                     
00001a15  timer_waitMillis               
00001a49  timer_waitMicros               
00001a73  timer_startTimer               
00001ac3  timer_stopTimer                
00001ad9  timer_startClock               
00001b25  timer_getClock                 
00001b2b  timer_stopClock                
00001b6d  __aeabi_ddiv                   
00001ca3  __aeabi_dmul                   
00001d9f  _system_post_cinit             
00001da1  ldexp                          
00001da1  ldexpl                         
00001da1  scalbn                         
00001da1  scalbnl                        
00001e9d  button_init                    
00001ec9  button_checkButtons            
00001ed3  button_getButton               
00001f1f  button_getButtonBlocking       
00001f33  button_getButtonChange         
00001f5d  button_getButtonChangeBlocking 
00001f8d  __aeabi_memcpy                 
00001f8d  __aeabi_memcpy4                
00001f8d  __aeabi_memcpy8                
00001f8d  memcpy                         
00002029  vsnprintf                      
000020b1  __aeabi_cdcmpeq                
000020b1  __aeabi_cdcmple                
00002137  __aeabi_cdrcmple               
000021bd  __aeabi_memclr                 
000021bd  __aeabi_memclr4                
000021bd  __aeabi_memclr8                
000021bf  __aeabi_memset                 
000021bf  __aeabi_memset4                
000021bf  __aeabi_memset8                
000021c5  memset                         
00002239  __TI_auto_init                 
00002315  frexp                          
00002315  frexpl                         
00002379  ltoa                           
000023d1  _c_int00                       
00002425  C$$EXIT                        
00002429  abort                          
00002431  exit                           
00002479  atoi                           
000024c5  copy_in                        
00002511  __aeabi_d2iz                   
00002559  __aeabi_i2d                    
00002589  main                           
000025b5  memccpy                        
000025d1  _args_main                     
000025e9  strcmp                         
00002601  strchr                         
00002619  _register_unlock               
0000261f  _register_lock                 
00002627  _nop                           
0000262d  copysign                       
0000262d  copysignl                      
00002641  strcpy                         
00002655  strlen                         
00002669  lcd_clear                      
00002679  __TI_decompress_none           
00002687  ResetISR                       
00002693  __TI_decompress_rle24          
00002699  _system_pre_init               
0000269c  _ctypes_                       
000027cc  __TI_Handler_Table_Base        
000027d4  __TI_CINIT_Base                
000027d4  __TI_Handler_Table_Limit       
000027e4  __TI_CINIT_Limit               
20000000  __stack                        
20000200  __STACK_TOP                    
20000800  __STACK_END                    
20000854  _prevButton                    
20000858  __TI_cleanup_ptr               
2000085c  __TI_dtors_ptr                 
20000860  __TI_enable_exit_profile_output
20000864  _lock                          
20000868  _unlock                        
2000086c  errno                          
20000870  main_func_sp                   
ffffffff  __TI_pprof_out_hndl            
ffffffff  __TI_prof_data_size            
ffffffff  __TI_prof_data_start           
ffffffff  __binit__                      
ffffffff  __c_args__                     
ffffffff  binit                          
UNDEFED   SHT$$INIT_ARRAY$$Base          
UNDEFED   SHT$$INIT_ARRAY$$Limit         

[104 symbols]
