******************************************************************************
                  TI ARM Linker PC v15.12.1                    
******************************************************************************
>> Linked Thu Oct 13 12:25:56 2016

OUTPUT FILE NAME:   <lab6.out>
ENTRY POINT SYMBOL: "_c_int00"  address: 00002f8d


MEMORY CONFIGURATION

         name            origin    length      used     unused   attr    fill
----------------------  --------  ---------  --------  --------  ----  --------
  FLASH                 00000000   00040000  000033a4  0003cc5c  R  X
  SRAM                  20000000   00008000  00000870  00007790  RW X


SEGMENT ALLOCATION MAP

run origin  load origin   length   init length attrs members
----------  ----------- ---------- ----------- ----- -------
00000000    00000000    000033ac   000033ac    r-x
  00000000    00000000    0000026c   0000026c    r-- .intvecs
  0000026c    0000026c    00002fc0   00002fc0    r-x .text
  00003230    00003230    0000013c   0000013c    r-- .const
  00003370    00003370    0000003c   0000003c    r-- .cinit
20000000    20000000    00000870   00000000    rw-
  20000000    20000000    00000800   00000000    rw- .stack
  20000800    20000800    00000054   00000000    rw- .bss
  20000854    20000854    0000001c   00000000    rw- .data


SECTION ALLOCATION MAP

 output                                  attributes/
section   page    origin      length       input sections
--------  ----  ----------  ----------   ----------------
.intvecs   0    00000000    0000026c     
                  00000000    0000026c     tm4c123gh6pm_startup_ccs.obj (.intvecs)

.text      0    0000026c    00002fc0     
                  0000026c    00001110     rtsv7M4_T_le_v4SPD16_eabi.lib : _printfi.obj (.text)
                  0000137c    000009ac                                   : e_pow.obj (.text)
                  00001d28    000002ec     lcd.obj (.text)
                  00002014    000001f4     rtsv7M4_T_le_v4SPD16_eabi.lib : ull_div_t2.obj (.text)
                  00002208    000001b6                                   : fd_add_t2.obj (.text)
                  000023be    00000002                                   : mpu_init.obj (.text)
                  000023c0    00000190     main.obj (.text)
                  00002550    00000170     rtsv7M4_T_le_v4SPD16_eabi.lib : e_sqrt.obj (.text)
                  000026c0    00000158     timer.obj (.text)
                  00002818    00000136     rtsv7M4_T_le_v4SPD16_eabi.lib : fd_div_t2.obj (.text)
                  0000294e    000000fc                                   : fd_mul_t2.obj (.text)
                  00002a4a    00000002                                   : startup.obj (.text)
                  00002a4c    000000fc                                   : s_scalbn.obj (.text)
                  00002b48    0000009c                                   : memcpy_t2.obj (.text)
                  00002be4    00000088                                   : vsnprintf.obj (.text)
                  00002c6c    00000086                                   : fd_cmp_t2.obj (.text:__aeabi_cdcmple)
                  00002cf2    00000086                                   : fd_cmp_t2.obj (.text:__aeabi_cdrcmple)
                  00002d78    0000007a                                   : memset_t2.obj (.text)
                  00002df2    00000002     --HOLE-- [fill = 0]
                  00002df4    00000070                                   : autoinit.obj (.text)
                  00002e64    0000006a                                   : copy_decompress_rle.obj (.text)
                  00002ece    00000002     --HOLE-- [fill = 0]
                  00002ed0    00000064                                   : s_frexp.obj (.text)
                  00002f34    00000056                                   : ltoa.obj (.text)
                  00002f8a    00000002     --HOLE-- [fill = 0]
                  00002f8c    00000054                                   : boot.obj (.text)
                  00002fe0    00000054                                   : exit.obj (.text)
                  00003034    0000004c                                   : atoi.obj (.text)
                  00003080    0000004c                                   : cpy_tbl.obj (.text)
                  000030cc    00000048                                   : fd_toi_t2.obj (.text)
                  00003114    0000002e                                   : i_tofd_t2.obj (.text)
                  00003142    0000001c                                   : memccpy.obj (.text)
                  0000315e    00000002     --HOLE-- [fill = 0]
                  00003160    00000018                                   : args_main.obj (.text)
                  00003178    00000018                                   : strcmp.obj (.text)
                  00003190    00000016                                   : strchr.obj (.text)
                  000031a6    00000002     --HOLE-- [fill = 0]
                  000031a8    00000014                                   : _lock.obj (.text)
                  000031bc    00000014                                   : s_copysign.obj (.text)
                  000031d0    00000014                                   : strcpy.obj (.text)
                  000031e4    00000014                                   : strlen.obj (.text)
                  000031f8    00000010     lcd.obj (.text:lcd_clear)
                  00003208    0000000e     rtsv7M4_T_le_v4SPD16_eabi.lib : copy_decompress_none.obj (.text:decompress:none)
                  00003216    0000000c     tm4c123gh6pm_startup_ccs.obj (.text)
                  00003222    00000006     rtsv7M4_T_le_v4SPD16_eabi.lib : copy_decompress_rle.obj (.text:decompress:rle24)
                  00003228    00000004                                   : pre_init.obj (.text)

.const     0    00003230    0000013c     
                  00003230    00000101     rtsv7M4_T_le_v4SPD16_eabi.lib : ctype.obj (.const:.string:_ctypes_)
                  00003331    00000004     lcd.obj (.const:.string:lineAddress$1)
                  00003335    00000003     --HOLE-- [fill = 0]
                  00003338    00000030     rtsv7M4_T_le_v4SPD16_eabi.lib : e_pow.obj (.const:$O1$$)
                  00003368    00000004     lcd.obj (.const:.string:lineAddresses$2)

.cinit     0    00003370    0000003c     
                  00003370    00000016     (.cinit..data.load) [load image, compression = rle]
                  00003386    00000002     --HOLE-- [fill = 0]
                  00003388    00000009     (.cinit..bss.load) [load image, compression = rle]
                  00003391    00000003     --HOLE-- [fill = 0]
                  00003394    00000008     (__TI_handler_table)
                  0000339c    00000010     (__TI_cinit_table)

.init_array 
*          0    00000000    00000000     UNINITIALIZED

.stack     0    20000000    00000800     UNINITIALIZED
                  20000000    00000800     --HOLE--

.bss       0    20000800    00000054     UNINITIALIZED
                  20000800    00000054     lcd.obj (.bss:lastbuffer$3)

.data      0    20000854    0000001c     UNINITIALIZED
                  20000854    0000000c     rtsv7M4_T_le_v4SPD16_eabi.lib : exit.obj (.data:$O1$$)
                  20000860    00000008                                   : _lock.obj (.data:$O1$$)
                  20000868    00000004                                   : errno.obj (.data)
                  2000086c    00000004                                   : stkdepth_vars.obj (.data)

MODULE SUMMARY

       Module                         code    ro data   rw data
       ------                         ----    -------   -------
    .\
       lcd.obj                        764     8         84     
       tm4c123gh6pm_startup_ccs.obj   12      620       0      
       main.obj                       400     0         0      
       timer.obj                      344     0         0      
    +--+------------------------------+-------+---------+---------+
       Total:                         1520    628       84     
                                                               
    C:\ti\ccsv6\tools\compiler\ti-cgt-arm_15.12.1.LTS\lib\rtsv7M4_T_le_v4SPD16_eabi.lib
       _printfi.obj                   4368    0         0      
       e_pow.obj                      2476    48        0      
       ull_div_t2.obj                 500     0         0      
       fd_add_t2.obj                  438     0         0      
       e_sqrt.obj                     368     0         0      
       fd_div_t2.obj                  310     0         0      
       fd_cmp_t2.obj                  268     0         0      
       ctype.obj                      0       257       0      
       fd_mul_t2.obj                  252     0         0      
       s_scalbn.obj                   252     0         0      
       memcpy_t2.obj                  156     0         0      
       vsnprintf.obj                  136     0         0      
       memset_t2.obj                  122     0         0      
       autoinit.obj                   112     0         0      
       copy_decompress_rle.obj        112     0         0      
       s_frexp.obj                    100     0         0      
       exit.obj                       84      0         12     
       ltoa.obj                       86      0         0      
       boot.obj                       84      0         0      
       atoi.obj                       76      0         0      
       cpy_tbl.obj                    76      0         0      
       fd_toi_t2.obj                  72      0         0      
       i_tofd_t2.obj                  46      0         0      
       _lock.obj                      20      0         8      
       memccpy.obj                    28      0         0      
       args_main.obj                  24      0         0      
       strcmp.obj                     24      0         0      
       strchr.obj                     22      0         0      
       s_copysign.obj                 20      0         0      
       strcpy.obj                     20      0         0      
       strlen.obj                     20      0         0      
       copy_decompress_none.obj       14      0         0      
       errno.obj                      0       0         4      
       pre_init.obj                   4       0         0      
       stkdepth_vars.obj              0       0         4      
       mpu_init.obj                   2       0         0      
       startup.obj                    2       0         0      
    +--+------------------------------+-------+---------+---------+
       Total:                         10694   305       28     
                                                               
       Stack:                         0       0         2048   
       Linker Generated:              0       55        0      
    +--+------------------------------+-------+---------+---------+
       Grand Total:                   12214   988       2160   


LINKER GENERATED COPY TABLES

__TI_cinit_table @ 0000339c records: 2, size/record: 8, table size: 16
	.data: load addr=00003370, load size=00000016 bytes, run addr=20000854, run size=0000001c bytes, compression=rle
	.bss: load addr=00003388, load size=00000009 bytes, run addr=20000800, run size=00000054 bytes, compression=rle


LINKER GENERATED HANDLER TABLE

__TI_handler_table @ 00003394 records: 2, size/record: 4, table size: 8
	index: 0, handler: __TI_decompress_rle24
	index: 1, handler: __TI_decompress_none


GLOBAL SYMBOLS: SORTED ALPHABETICALLY BY Name 

address   name                           
-------   ----                           
00002fe1  C$$EXIT                        
00002433  IRVoltstoCM                    
00003217  ResetISR                       
UNDEFED   SHT$$INIT_ARRAY$$Base          
UNDEFED   SHT$$INIT_ARRAY$$Limit         
20000800  __STACK_END                    
00000800  __STACK_SIZE                   
20000200  __STACK_TOP                    
0000339c  __TI_CINIT_Base                
000033ac  __TI_CINIT_Limit               
00003394  __TI_Handler_Table_Base        
0000339c  __TI_Handler_Table_Limit       
00002df5  __TI_auto_init                 
20000854  __TI_cleanup_ptr               
00003209  __TI_decompress_none           
00003223  __TI_decompress_rle24          
20000858  __TI_dtors_ptr                 
2000085c  __TI_enable_exit_profile_output
ffffffff  __TI_pprof_out_hndl            
00001077  __TI_printfi                   
ffffffff  __TI_prof_data_size            
ffffffff  __TI_prof_data_start           
00000000  __TI_static_base__             
00002c6d  __aeabi_cdcmpeq                
00002c6d  __aeabi_cdcmple                
00002cf3  __aeabi_cdrcmple               
000030cd  __aeabi_d2iz                   
00002213  __aeabi_dadd                   
00002819  __aeabi_ddiv                   
0000294f  __aeabi_dmul                   
00002209  __aeabi_dsub                   
00003115  __aeabi_i2d                    
00002d79  __aeabi_memclr                 
00002d79  __aeabi_memclr4                
00002d79  __aeabi_memclr8                
00002b49  __aeabi_memcpy                 
00002b49  __aeabi_memcpy4                
00002b49  __aeabi_memcpy8                
00002d7b  __aeabi_memset                 
00002d7b  __aeabi_memset4                
00002d7b  __aeabi_memset8                
00002015  __aeabi_uldivmod               
ffffffff  __binit__                      
ffffffff  __c_args__                     
000023bf  __mpu_init                     
20000000  __stack                        
00003161  _args_main                     
00002f8d  _c_int00                       
00003230  _ctypes_                       
20000860  _lock                          
000031b7  _nop                           
000031af  _register_lock                 
000031a9  _register_unlock               
00002a4b  _system_post_cinit             
00003229  _system_pre_init               
20000864  _unlock                        
00002fe5  abort                          
00003035  atoi                           
ffffffff  binit                          
00003081  copy_in                        
000031bd  copysign                       
000031bd  copysignl                      
20000868  errno                          
00002fed  exit                           
00002ed1  frexp                          
00002ed1  frexpl                         
00000000  g_pfnVectors                   
000023c1  ir_init                        
000031f9  lcd_clear                      
00001ec1  lcd_gotoLine                   
00001d29  lcd_init                       
00001f27  lcd_printf                     
00001de9  lcd_putc                       
00001e21  lcd_puts                       
00001e3f  lcd_sendCommand                
00001e7d  lcd_sendNibble                 
00001ee9  lcd_setCursorPos               
00002a4d  ldexp                          
00002a4d  ldexpl                         
00002f35  ltoa                           
00002483  main                           
2000086c  main_func_sp                   
00003143  memccpy                        
00002b49  memcpy                         
00002d81  memset                         
0000137d  pow                            
0000137d  powl                           
00002a4d  scalbn                         
00002a4d  scalbnl                        
00002551  sqrt                           
00002551  sqrtl                          
00003191  strchr                         
00003179  strcmp                         
000031d1  strcpy                         
000031e5  strlen                         
000027d1  timer_getClock                 
00002785  timer_startClock               
0000271f  timer_startTimer               
000027d7  timer_stopClock                
0000276f  timer_stopTimer                
000026f5  timer_waitMicros               
000026c1  timer_waitMillis               
00002be5  vsnprintf                      


GLOBAL SYMBOLS: SORTED BY Symbol Address 

address   name                           
-------   ----                           
00000000  __TI_static_base__             
00000000  g_pfnVectors                   
00000800  __STACK_SIZE                   
00001077  __TI_printfi                   
0000137d  pow                            
0000137d  powl                           
00001d29  lcd_init                       
00001de9  lcd_putc                       
00001e21  lcd_puts                       
00001e3f  lcd_sendCommand                
00001e7d  lcd_sendNibble                 
00001ec1  lcd_gotoLine                   
00001ee9  lcd_setCursorPos               
00001f27  lcd_printf                     
00002015  __aeabi_uldivmod               
00002209  __aeabi_dsub                   
00002213  __aeabi_dadd                   
000023bf  __mpu_init                     
000023c1  ir_init                        
00002433  IRVoltstoCM                    
00002483  main                           
00002551  sqrt                           
00002551  sqrtl                          
000026c1  timer_waitMillis               
000026f5  timer_waitMicros               
0000271f  timer_startTimer               
0000276f  timer_stopTimer                
00002785  timer_startClock               
000027d1  timer_getClock                 
000027d7  timer_stopClock                
00002819  __aeabi_ddiv                   
0000294f  __aeabi_dmul                   
00002a4b  _system_post_cinit             
00002a4d  ldexp                          
00002a4d  ldexpl                         
00002a4d  scalbn                         
00002a4d  scalbnl                        
00002b49  __aeabi_memcpy                 
00002b49  __aeabi_memcpy4                
00002b49  __aeabi_memcpy8                
00002b49  memcpy                         
00002be5  vsnprintf                      
00002c6d  __aeabi_cdcmpeq                
00002c6d  __aeabi_cdcmple                
00002cf3  __aeabi_cdrcmple               
00002d79  __aeabi_memclr                 
00002d79  __aeabi_memclr4                
00002d79  __aeabi_memclr8                
00002d7b  __aeabi_memset                 
00002d7b  __aeabi_memset4                
00002d7b  __aeabi_memset8                
00002d81  memset                         
00002df5  __TI_auto_init                 
00002ed1  frexp                          
00002ed1  frexpl                         
00002f35  ltoa                           
00002f8d  _c_int00                       
00002fe1  C$$EXIT                        
00002fe5  abort                          
00002fed  exit                           
00003035  atoi                           
00003081  copy_in                        
000030cd  __aeabi_d2iz                   
00003115  __aeabi_i2d                    
00003143  memccpy                        
00003161  _args_main                     
00003179  strcmp                         
00003191  strchr                         
000031a9  _register_unlock               
000031af  _register_lock                 
000031b7  _nop                           
000031bd  copysign                       
000031bd  copysignl                      
000031d1  strcpy                         
000031e5  strlen                         
000031f9  lcd_clear                      
00003209  __TI_decompress_none           
00003217  ResetISR                       
00003223  __TI_decompress_rle24          
00003229  _system_pre_init               
00003230  _ctypes_                       
00003394  __TI_Handler_Table_Base        
0000339c  __TI_CINIT_Base                
0000339c  __TI_Handler_Table_Limit       
000033ac  __TI_CINIT_Limit               
20000000  __stack                        
20000200  __STACK_TOP                    
20000800  __STACK_END                    
20000854  __TI_cleanup_ptr               
20000858  __TI_dtors_ptr                 
2000085c  __TI_enable_exit_profile_output
20000860  _lock                          
20000864  _unlock                        
20000868  errno                          
2000086c  main_func_sp                   
ffffffff  __TI_pprof_out_hndl            
ffffffff  __TI_prof_data_size            
ffffffff  __TI_prof_data_start           
ffffffff  __binit__                      
ffffffff  __c_args__                     
ffffffff  binit                          
UNDEFED   SHT$$INIT_ARRAY$$Base          
UNDEFED   SHT$$INIT_ARRAY$$Limit         

[103 symbols]
