******************************************************************************
                  TI ARM Linker PC v15.12.1                    
******************************************************************************
>> Linked Thu Oct 20 11:16:51 2016

OUTPUT FILE NAME:   <lab7.out>
ENTRY POINT SYMBOL: "_c_int00"  address: 000024a9


MEMORY CONFIGURATION

         name            origin    length      used     unused   attr    fill
----------------------  --------  ---------  --------  --------  ----  --------
  FLASH                 00000000   00040000  0000288d  0003d773  R  X
  SRAM                  20000000   00008000  00000870  00007790  RW X


SEGMENT ALLOCATION MAP

run origin  load origin   length   init length attrs members
----------  ----------- ---------- ----------- ----- -------
00000000    00000000    00002894   00002894    r-x
  00000000    00000000    0000026c   0000026c    r-- .intvecs
  0000026c    0000026c    000024dc   000024dc    r-x .text
  00002748    00002748    00000109   00000109    r-- .const
  00002858    00002858    0000003c   0000003c    r-- .cinit
20000000    20000000    00000870   00000000    rw-
  20000000    20000000    00000800   00000000    rw- .stack
  20000800    20000800    00000054   00000000    rw- .bss
  20000854    20000854    0000001c   00000000    rw- .data


SECTION ALLOCATION MAP

 output                                  attributes/
section   page    origin      length       input sections
--------  ----  ----------  ----------   ----------------
.intvecs   0    00000000    0000026c     
                  00000000    0000026c     tm4c123gh6pm_startup_ccs.obj (.intvecs)

.text      0    0000026c    000024dc     
                  0000026c    00001110     rtsv7M4_T_le_v4SPD16_eabi.lib : _printfi.obj (.text)
                  0000137c    000002ec     lcd.obj (.text)
                  00001668    000001f4     rtsv7M4_T_le_v4SPD16_eabi.lib : ull_div_t2.obj (.text)
                  0000185c    000001c8     main.obj (.text)
                  00001a24    000001b6     rtsv7M4_T_le_v4SPD16_eabi.lib : fd_add_t2.obj (.text)
                  00001bda    00000002                                   : mpu_init.obj (.text)
                  00001bdc    00000158     timer.obj (.text)
                  00001d34    00000136     rtsv7M4_T_le_v4SPD16_eabi.lib : fd_div_t2.obj (.text)
                  00001e6a    000000fc                                   : fd_mul_t2.obj (.text)
                  00001f66    00000002                                   : startup.obj (.text)
                  00001f68    000000fc                                   : s_scalbn.obj (.text)
                  00002064    0000009c                                   : memcpy_t2.obj (.text)
                  00002100    00000088                                   : vsnprintf.obj (.text)
                  00002188    00000086                                   : fd_cmp_t2.obj (.text:__aeabi_cdcmple)
                  0000220e    00000086                                   : fd_cmp_t2.obj (.text:__aeabi_cdrcmple)
                  00002294    0000007a                                   : memset_t2.obj (.text)
                  0000230e    00000002     --HOLE-- [fill = 0]
                  00002310    00000070                                   : autoinit.obj (.text)
                  00002380    0000006a                                   : copy_decompress_rle.obj (.text)
                  000023ea    00000002     --HOLE-- [fill = 0]
                  000023ec    00000064                                   : s_frexp.obj (.text)
                  00002450    00000056                                   : ltoa.obj (.text)
                  000024a6    00000002     --HOLE-- [fill = 0]
                  000024a8    00000054                                   : boot.obj (.text)
                  000024fc    00000054                                   : exit.obj (.text)
                  00002550    0000004c                                   : atoi.obj (.text)
                  0000259c    0000004c                                   : cpy_tbl.obj (.text)
                  000025e8    00000048                                   : fd_toi_t2.obj (.text)
                  00002630    0000002e                                   : i_tofd_t2.obj (.text)
                  0000265e    0000001c                                   : memccpy.obj (.text)
                  0000267a    00000002     --HOLE-- [fill = 0]
                  0000267c    00000018                                   : args_main.obj (.text)
                  00002694    00000018                                   : strcmp.obj (.text)
                  000026ac    00000016                                   : strchr.obj (.text)
                  000026c2    00000002     --HOLE-- [fill = 0]
                  000026c4    00000014                                   : _lock.obj (.text)
                  000026d8    00000014                                   : s_copysign.obj (.text)
                  000026ec    00000014                                   : strcpy.obj (.text)
                  00002700    00000014                                   : strlen.obj (.text)
                  00002714    00000010     lcd.obj (.text:lcd_clear)
                  00002724    0000000e     rtsv7M4_T_le_v4SPD16_eabi.lib : copy_decompress_none.obj (.text:decompress:none)
                  00002732    0000000c     tm4c123gh6pm_startup_ccs.obj (.text)
                  0000273e    00000006     rtsv7M4_T_le_v4SPD16_eabi.lib : copy_decompress_rle.obj (.text:decompress:rle24)
                  00002744    00000004                                   : pre_init.obj (.text)

.const     0    00002748    00000109     
                  00002748    00000101     rtsv7M4_T_le_v4SPD16_eabi.lib : ctype.obj (.const:.string:_ctypes_)
                  00002849    00000004     lcd.obj (.const:.string:lineAddress$1)
                  0000284d    00000004     lcd.obj (.const:.string:lineAddresses$2)

.cinit     0    00002858    0000003c     
                  00002858    00000016     (.cinit..data.load) [load image, compression = rle]
                  0000286e    00000002     --HOLE-- [fill = 0]
                  00002870    00000009     (.cinit..bss.load) [load image, compression = rle]
                  00002879    00000003     --HOLE-- [fill = 0]
                  0000287c    00000008     (__TI_handler_table)
                  00002884    00000010     (__TI_cinit_table)

.init_array 
*          0    00000000    00000000     UNINITIALIZED

.stack     0    20000000    00000800     UNINITIALIZED
                  20000000    00000800     --HOLE--

.bss       0    20000800    00000054     UNINITIALIZED
                  20000800    00000054     lcd.obj (.bss:lastbuffer$3)

.data      0    20000854    0000001c     UNINITIALIZED
                  20000854    0000000c     rtsv7M4_T_le_v4SPD16_eabi.lib : exit.obj (.data:$O1$$)
                  20000860    00000008                                   : _lock.obj (.data:$O1$$)
                  20000868    00000004                                   : errno.obj (.data)
                  2000086c    00000004                                   : stkdepth_vars.obj (.data)

MODULE SUMMARY

       Module                         code   ro data   rw data
       ------                         ----   -------   -------
    .\
       lcd.obj                        764    8         84     
       tm4c123gh6pm_startup_ccs.obj   12     620       0      
       main.obj                       456    0         0      
       timer.obj                      344    0         0      
    +--+------------------------------+------+---------+---------+
       Total:                         1576   628       84     
                                                              
    C:\ti\ccsv6\tools\compiler\ti-cgt-arm_15.12.1.LTS\lib\rtsv7M4_T_le_v4SPD16_eabi.lib
       _printfi.obj                   4368   0         0      
       ull_div_t2.obj                 500    0         0      
       fd_add_t2.obj                  438    0         0      
       fd_div_t2.obj                  310    0         0      
       fd_cmp_t2.obj                  268    0         0      
       ctype.obj                      0      257       0      
       fd_mul_t2.obj                  252    0         0      
       s_scalbn.obj                   252    0         0      
       memcpy_t2.obj                  156    0         0      
       vsnprintf.obj                  136    0         0      
       memset_t2.obj                  122    0         0      
       autoinit.obj                   112    0         0      
       copy_decompress_rle.obj        112    0         0      
       s_frexp.obj                    100    0         0      
       exit.obj                       84     0         12     
       ltoa.obj                       86     0         0      
       boot.obj                       84     0         0      
       atoi.obj                       76     0         0      
       cpy_tbl.obj                    76     0         0      
       fd_toi_t2.obj                  72     0         0      
       i_tofd_t2.obj                  46     0         0      
       _lock.obj                      20     0         8      
       memccpy.obj                    28     0         0      
       args_main.obj                  24     0         0      
       strcmp.obj                     24     0         0      
       strchr.obj                     22     0         0      
       s_copysign.obj                 20     0         0      
       strcpy.obj                     20     0         0      
       strlen.obj                     20     0         0      
       copy_decompress_none.obj       14     0         0      
       errno.obj                      0      0         4      
       pre_init.obj                   4      0         0      
       stkdepth_vars.obj              0      0         4      
       mpu_init.obj                   2      0         0      
       startup.obj                    2      0         0      
    +--+------------------------------+------+---------+---------+
       Total:                         7850   257       28     
                                                              
       Stack:                         0      0         2048   
       Linker Generated:              0      55        0      
    +--+------------------------------+------+---------+---------+
       Grand Total:                   9426   940       2160   


LINKER GENERATED COPY TABLES

__TI_cinit_table @ 00002884 records: 2, size/record: 8, table size: 16
	.data: load addr=00002858, load size=00000016 bytes, run addr=20000854, run size=0000001c bytes, compression=rle
	.bss: load addr=00002870, load size=00000009 bytes, run addr=20000800, run size=00000054 bytes, compression=rle


LINKER GENERATED HANDLER TABLE

__TI_handler_table @ 0000287c records: 2, size/record: 4, table size: 8
	index: 0, handler: __TI_decompress_rle24
	index: 1, handler: __TI_decompress_none


GLOBAL SYMBOLS: SORTED ALPHABETICALLY BY Name 

address   name                           
-------   ----                           
000024fd  C$$EXIT                        
000018d3  ClkCyclesToCM                  
00002733  ResetISR                       
UNDEFED   SHT$$INIT_ARRAY$$Base          
UNDEFED   SHT$$INIT_ARRAY$$Limit         
20000800  __STACK_END                    
00000800  __STACK_SIZE                   
20000200  __STACK_TOP                    
00002884  __TI_CINIT_Base                
00002894  __TI_CINIT_Limit               
0000287c  __TI_Handler_Table_Base        
00002884  __TI_Handler_Table_Limit       
00002311  __TI_auto_init                 
20000854  __TI_cleanup_ptr               
00002725  __TI_decompress_none           
0000273f  __TI_decompress_rle24          
20000858  __TI_dtors_ptr                 
2000085c  __TI_enable_exit_profile_output
ffffffff  __TI_pprof_out_hndl            
00001077  __TI_printfi                   
ffffffff  __TI_prof_data_size            
ffffffff  __TI_prof_data_start           
00000000  __TI_static_base__             
00002189  __aeabi_cdcmpeq                
00002189  __aeabi_cdcmple                
0000220f  __aeabi_cdrcmple               
000025e9  __aeabi_d2iz                   
00001a2f  __aeabi_dadd                   
00001d35  __aeabi_ddiv                   
00001e6b  __aeabi_dmul                   
00001a25  __aeabi_dsub                   
00002631  __aeabi_i2d                    
00002295  __aeabi_memclr                 
00002295  __aeabi_memclr4                
00002295  __aeabi_memclr8                
00002065  __aeabi_memcpy                 
00002065  __aeabi_memcpy4                
00002065  __aeabi_memcpy8                
00002297  __aeabi_memset                 
00002297  __aeabi_memset4                
00002297  __aeabi_memset8                
00001669  __aeabi_uldivmod               
ffffffff  __binit__                      
ffffffff  __c_args__                     
00001bdb  __mpu_init                     
20000000  __stack                        
0000267d  _args_main                     
000024a9  _c_int00                       
00002748  _ctypes_                       
20000860  _lock                          
000026d3  _nop                           
000026cb  _register_lock                 
000026c5  _register_unlock               
00001f67  _system_post_cinit             
00002745  _system_pre_init               
20000864  _unlock                        
00002501  abort                          
00002551  atoi                           
ffffffff  binit                          
0000259d  copy_in                        
000026d9  copysign                       
000026d9  copysignl                      
20000868  errno                          
00002509  exit                           
000023ed  frexp                          
000023ed  frexpl                         
00000000  g_pfnVectors                   
00002715  lcd_clear                      
00001515  lcd_gotoLine                   
0000137d  lcd_init                       
0000157b  lcd_printf                     
0000143d  lcd_putc                       
00001475  lcd_puts                       
00001493  lcd_sendCommand                
000014d1  lcd_sendNibble                 
0000153d  lcd_setCursorPos               
00001f69  ldexp                          
00001f69  ldexpl                         
00002451  ltoa                           
000019a9  main                           
2000086c  main_func_sp                   
0000265f  memccpy                        
00002065  memcpy                         
0000229d  memset                         
0000185d  ping_init                      
00001963  ping_read                      
00001f69  scalbn                         
00001f69  scalbnl                        
000018ff  send_pulse                     
000026ad  strchr                         
00002695  strcmp                         
000026ed  strcpy                         
00002701  strlen                         
00001ced  timer_getClock                 
00001ca1  timer_startClock               
00001c3b  timer_startTimer               
00001cf3  timer_stopClock                
00001c8b  timer_stopTimer                
00001c11  timer_waitMicros               
00001bdd  timer_waitMillis               
00002101  vsnprintf                      


GLOBAL SYMBOLS: SORTED BY Symbol Address 

address   name                           
-------   ----                           
00000000  __TI_static_base__             
00000000  g_pfnVectors                   
00000800  __STACK_SIZE                   
00001077  __TI_printfi                   
0000137d  lcd_init                       
0000143d  lcd_putc                       
00001475  lcd_puts                       
00001493  lcd_sendCommand                
000014d1  lcd_sendNibble                 
00001515  lcd_gotoLine                   
0000153d  lcd_setCursorPos               
0000157b  lcd_printf                     
00001669  __aeabi_uldivmod               
0000185d  ping_init                      
000018d3  ClkCyclesToCM                  
000018ff  send_pulse                     
00001963  ping_read                      
000019a9  main                           
00001a25  __aeabi_dsub                   
00001a2f  __aeabi_dadd                   
00001bdb  __mpu_init                     
00001bdd  timer_waitMillis               
00001c11  timer_waitMicros               
00001c3b  timer_startTimer               
00001c8b  timer_stopTimer                
00001ca1  timer_startClock               
00001ced  timer_getClock                 
00001cf3  timer_stopClock                
00001d35  __aeabi_ddiv                   
00001e6b  __aeabi_dmul                   
00001f67  _system_post_cinit             
00001f69  ldexp                          
00001f69  ldexpl                         
00001f69  scalbn                         
00001f69  scalbnl                        
00002065  __aeabi_memcpy                 
00002065  __aeabi_memcpy4                
00002065  __aeabi_memcpy8                
00002065  memcpy                         
00002101  vsnprintf                      
00002189  __aeabi_cdcmpeq                
00002189  __aeabi_cdcmple                
0000220f  __aeabi_cdrcmple               
00002295  __aeabi_memclr                 
00002295  __aeabi_memclr4                
00002295  __aeabi_memclr8                
00002297  __aeabi_memset                 
00002297  __aeabi_memset4                
00002297  __aeabi_memset8                
0000229d  memset                         
00002311  __TI_auto_init                 
000023ed  frexp                          
000023ed  frexpl                         
00002451  ltoa                           
000024a9  _c_int00                       
000024fd  C$$EXIT                        
00002501  abort                          
00002509  exit                           
00002551  atoi                           
0000259d  copy_in                        
000025e9  __aeabi_d2iz                   
00002631  __aeabi_i2d                    
0000265f  memccpy                        
0000267d  _args_main                     
00002695  strcmp                         
000026ad  strchr                         
000026c5  _register_unlock               
000026cb  _register_lock                 
000026d3  _nop                           
000026d9  copysign                       
000026d9  copysignl                      
000026ed  strcpy                         
00002701  strlen                         
00002715  lcd_clear                      
00002725  __TI_decompress_none           
00002733  ResetISR                       
0000273f  __TI_decompress_rle24          
00002745  _system_pre_init               
00002748  _ctypes_                       
0000287c  __TI_Handler_Table_Base        
00002884  __TI_CINIT_Base                
00002884  __TI_Handler_Table_Limit       
00002894  __TI_CINIT_Limit               
20000000  __stack                        
20000200  __STACK_TOP                    
20000800  __STACK_END                    
20000854  __TI_cleanup_ptr               
20000858  __TI_dtors_ptr                 
2000085c  __TI_enable_exit_profile_output
20000860  _lock                          
20000864  _unlock                        
20000868  errno                          
2000086c  main_func_sp                   
ffffffff  __TI_pprof_out_hndl            
ffffffff  __TI_prof_data_size            
ffffffff  __TI_prof_data_start           
ffffffff  __binit__                      
ffffffff  __c_args__                     
ffffffff  binit                          
UNDEFED   SHT$$INIT_ARRAY$$Base          
UNDEFED   SHT$$INIT_ARRAY$$Limit         

[101 symbols]
