******************************************************************************
                  TI ARM Linker PC v15.12.1                    
******************************************************************************
>> Linked Wed Oct 26 16:20:06 2016

OUTPUT FILE NAME:   <lab8.out>
ENTRY POINT SYMBOL: "_c_int00"  address: 00002649


MEMORY CONFIGURATION

         name            origin    length      used     unused   attr    fill
----------------------  --------  ---------  --------  --------  ----  --------
  FLASH                 00000000   00040000  00002a2d  0003d5d3  R  X
  SRAM                  20000000   00008000  00000872  0000778e  RW X


SEGMENT ALLOCATION MAP

run origin  load origin   length   init length attrs members
----------  ----------- ---------- ----------- ----- -------
00000000    00000000    00002a34   00002a34    r-x
  00000000    00000000    0000026c   0000026c    r-- .intvecs
  0000026c    0000026c    0000267c   0000267c    r-x .text
  000028e8    000028e8    00000109   00000109    r-- .const
  000029f8    000029f8    0000003c   0000003c    r-- .cinit
20000000    20000000    00000875   00000000    rw-
  20000000    20000000    00000800   00000000    rw- .stack
  20000800    20000800    00000055   00000000    rw- .bss
  20000858    20000858    0000001d   00000000    rw- .data


SECTION ALLOCATION MAP

 output                                  attributes/
section   page    origin      length       input sections
--------  ----  ----------  ----------   ----------------
.intvecs   0    00000000    0000026c     
                  00000000    0000026c     tm4c123gh6pm_startup_ccs.obj (.intvecs)

.text      0    0000026c    0000267c     
                  0000026c    00001110     rtsv7M4_T_le_v4SPD16_eabi.lib : _printfi.obj (.text)
                  0000137c    000002ec     lcd.obj (.text)
                  00001668    00000278     main.obj (.text)
                  000018e0    000001f4     rtsv7M4_T_le_v4SPD16_eabi.lib : ull_div_t2.obj (.text)
                  00001ad4    000001b6                                   : fd_add_t2.obj (.text)
                  00001c8a    00000002                                   : mpu_init.obj (.text)
                  00001c8c    00000158     timer.obj (.text)
                  00001de4    00000136     rtsv7M4_T_le_v4SPD16_eabi.lib : fd_div_t2.obj (.text)
                  00001f1a    000000fc                                   : fd_mul_t2.obj (.text)
                  00002016    00000002                                   : startup.obj (.text)
                  00002018    000000fc                                   : s_scalbn.obj (.text)
                  00002114    000000f0     button.obj (.text)
                  00002204    0000009c     rtsv7M4_T_le_v4SPD16_eabi.lib : memcpy_t2.obj (.text)
                  000022a0    00000088                                   : vsnprintf.obj (.text)
                  00002328    00000086                                   : fd_cmp_t2.obj (.text:__aeabi_cdcmple)
                  000023ae    00000086                                   : fd_cmp_t2.obj (.text:__aeabi_cdrcmple)
                  00002434    0000007a                                   : memset_t2.obj (.text)
                  000024ae    00000002     --HOLE-- [fill = 0]
                  000024b0    00000070                                   : autoinit.obj (.text)
                  00002520    0000006a                                   : copy_decompress_rle.obj (.text)
                  0000258a    00000002     --HOLE-- [fill = 0]
                  0000258c    00000064                                   : s_frexp.obj (.text)
                  000025f0    00000056                                   : ltoa.obj (.text)
                  00002646    00000002     --HOLE-- [fill = 0]
                  00002648    00000054                                   : boot.obj (.text)
                  0000269c    00000054                                   : exit.obj (.text)
                  000026f0    0000004c                                   : atoi.obj (.text)
                  0000273c    0000004c                                   : cpy_tbl.obj (.text)
                  00002788    00000048                                   : fd_toi_t2.obj (.text)
                  000027d0    0000002e                                   : i_tofd_t2.obj (.text)
                  000027fe    0000001c                                   : memccpy.obj (.text)
                  0000281a    00000002     --HOLE-- [fill = 0]
                  0000281c    00000018                                   : args_main.obj (.text)
                  00002834    00000018                                   : strcmp.obj (.text)
                  0000284c    00000016                                   : strchr.obj (.text)
                  00002862    00000002     --HOLE-- [fill = 0]
                  00002864    00000014                                   : _lock.obj (.text)
                  00002878    00000014                                   : s_copysign.obj (.text)
                  0000288c    00000014                                   : strcpy.obj (.text)
                  000028a0    00000014                                   : strlen.obj (.text)
                  000028b4    00000010     lcd.obj (.text:lcd_clear)
                  000028c4    0000000e     rtsv7M4_T_le_v4SPD16_eabi.lib : copy_decompress_none.obj (.text:decompress:none)
                  000028d2    0000000c     tm4c123gh6pm_startup_ccs.obj (.text)
                  000028de    00000006     rtsv7M4_T_le_v4SPD16_eabi.lib : copy_decompress_rle.obj (.text:decompress:rle24)
                  000028e4    00000004                                   : pre_init.obj (.text)

.const     0    000028e8    00000109     
                  000028e8    00000101     rtsv7M4_T_le_v4SPD16_eabi.lib : ctype.obj (.const:.string:_ctypes_)
                  000029e9    00000004     lcd.obj (.const:.string:lineAddress$1)
                  000029ed    00000004     lcd.obj (.const:.string:lineAddresses$2)

.cinit     0    000029f8    0000003c     
                  000029f8    00000016     (.cinit..data.load) [load image, compression = rle]
                  00002a0e    00000002     --HOLE-- [fill = 0]
                  00002a10    00000009     (.cinit..bss.load) [load image, compression = rle]
                  00002a19    00000003     --HOLE-- [fill = 0]
                  00002a1c    00000008     (__TI_handler_table)
                  00002a24    00000010     (__TI_cinit_table)

.init_array 
*          0    00000000    00000000     UNINITIALIZED

.stack     0    20000000    00000800     UNINITIALIZED
                  20000000    00000800     --HOLE--

.bss       0    20000800    00000055     UNINITIALIZED
                  20000800    00000054     lcd.obj (.bss:lastbuffer$3)
                  20000854    00000001     (.common:_prevButton)

.data      0    20000858    0000001d     UNINITIALIZED
                  20000858    0000000c     rtsv7M4_T_le_v4SPD16_eabi.lib : exit.obj (.data:$O1$$)
                  20000864    00000008                                   : _lock.obj (.data:$O1$$)
                  2000086c    00000004                                   : errno.obj (.data)
                  20000870    00000004                                   : stkdepth_vars.obj (.data)
                  20000874    00000001     button.obj (.data)

MODULE SUMMARY

       Module                         code   ro data   rw data
       ------                         ----   -------   -------
    .\
       lcd.obj                        764    8         84     
       main.obj                       632    0         0      
       tm4c123gh6pm_startup_ccs.obj   12     620       0      
       timer.obj                      344    0         0      
       button.obj                     240    0         2      
    +--+------------------------------+------+---------+---------+
       Total:                         1992   628       86     
                                                              
    C:\ti\ccsv6\tools\compiler\ti-cgt-arm_15.12.1.LTS\lib\rtsv7M4_T_le_v4SPD16_eabi.lib
       _printfi.obj                   4368   0         0      
       ull_div_t2.obj                 500    0         0      
       fd_add_t2.obj                  438    0         0      
       fd_div_t2.obj                  310    0         0      
       fd_cmp_t2.obj                  268    0         0      
       ctype.obj                      0      257       0      
       fd_mul_t2.obj                  252    0         0      
       s_scalbn.obj                   252    0         0      
       memcpy_t2.obj                  156    0         0      
       vsnprintf.obj                  136    0         0      
       memset_t2.obj                  122    0         0      
       autoinit.obj                   112    0         0      
       copy_decompress_rle.obj        112    0         0      
       s_frexp.obj                    100    0         0      
       exit.obj                       84     0         12     
       ltoa.obj                       86     0         0      
       boot.obj                       84     0         0      
       atoi.obj                       76     0         0      
       cpy_tbl.obj                    76     0         0      
       fd_toi_t2.obj                  72     0         0      
       i_tofd_t2.obj                  46     0         0      
       _lock.obj                      20     0         8      
       memccpy.obj                    28     0         0      
       args_main.obj                  24     0         0      
       strcmp.obj                     24     0         0      
       strchr.obj                     22     0         0      
       s_copysign.obj                 20     0         0      
       strcpy.obj                     20     0         0      
       strlen.obj                     20     0         0      
       copy_decompress_none.obj       14     0         0      
       errno.obj                      0      0         4      
       pre_init.obj                   4      0         0      
       stkdepth_vars.obj              0      0         4      
       mpu_init.obj                   2      0         0      
       startup.obj                    2      0         0      
    +--+------------------------------+------+---------+---------+
       Total:                         7850   257       28     
                                                              
       Stack:                         0      0         2048   
       Linker Generated:              0      55        0      
    +--+------------------------------+------+---------+---------+
       Grand Total:                   9842   940       2162   


LINKER GENERATED COPY TABLES

__TI_cinit_table @ 00002a24 records: 2, size/record: 8, table size: 16
	.data: load addr=000029f8, load size=00000016 bytes, run addr=20000858, run size=0000001d bytes, compression=rle
	.bss: load addr=00002a10, load size=00000009 bytes, run addr=20000800, run size=00000055 bytes, compression=rle


LINKER GENERATED HANDLER TABLE

__TI_handler_table @ 00002a1c records: 2, size/record: 4, table size: 8
	index: 0, handler: __TI_decompress_rle24
	index: 1, handler: __TI_decompress_none


GLOBAL SYMBOLS: SORTED ALPHABETICALLY BY Name 

address   name                           
-------   ----                           
0000269d  C$$EXIT                        
000028d3  ResetISR                       
UNDEFED   SHT$$INIT_ARRAY$$Base          
UNDEFED   SHT$$INIT_ARRAY$$Limit         
00001669  Timer1_init                    
20000800  __STACK_END                    
00000800  __STACK_SIZE                   
20000200  __STACK_TOP                    
00002a24  __TI_CINIT_Base                
00002a34  __TI_CINIT_Limit               
00002a1c  __TI_Handler_Table_Base        
00002a24  __TI_Handler_Table_Limit       
000024b1  __TI_auto_init                 
20000858  __TI_cleanup_ptr               
000028c5  __TI_decompress_none           
000028df  __TI_decompress_rle24          
2000085c  __TI_dtors_ptr                 
20000860  __TI_enable_exit_profile_output
ffffffff  __TI_pprof_out_hndl            
00001077  __TI_printfi                   
ffffffff  __TI_prof_data_size            
ffffffff  __TI_prof_data_start           
00000000  __TI_static_base__             
00002329  __aeabi_cdcmpeq                
00002329  __aeabi_cdcmple                
000023af  __aeabi_cdrcmple               
00002789  __aeabi_d2iz                   
00001adf  __aeabi_dadd                   
00001de5  __aeabi_ddiv                   
00001f1b  __aeabi_dmul                   
00001ad5  __aeabi_dsub                   
000027d1  __aeabi_i2d                    
00002435  __aeabi_memclr                 
00002435  __aeabi_memclr4                
00002435  __aeabi_memclr8                
00002205  __aeabi_memcpy                 
00002205  __aeabi_memcpy4                
00002205  __aeabi_memcpy8                
00002437  __aeabi_memset                 
00002437  __aeabi_memset4                
00002437  __aeabi_memset8                
000018e1  __aeabi_uldivmod               
ffffffff  __binit__                      
ffffffff  __c_args__                     
00001c8b  __mpu_init                     
20000000  __stack                        
0000281d  _args_main                     
00002649  _c_int00                       
000028e8  _ctypes_                       
20000864  _lock                          
00002873  _nop                           
20000854  _prevButton                    
0000286b  _register_lock                 
00002865  _register_unlock               
00002017  _system_post_cinit             
000028e5  _system_pre_init               
20000868  _unlock                        
000026a1  abort                          
000026f1  atoi                           
ffffffff  binit                          
00002141  button_checkButtons            
0000214b  button_getButton               
00002197  button_getButtonBlocking       
000021ab  button_getButtonChange         
000021d5  button_getButtonChangeBlocking 
00002115  button_init                    
0000273d  copy_in                        
00002879  copysign                       
00002879  copysignl                      
2000086c  errno                          
000026a9  exit                           
0000258d  frexp                          
0000258d  frexpl                         
00000000  g_pfnVectors                   
000028b5  lcd_clear                      
00001515  lcd_gotoLine                   
0000137d  lcd_init                       
0000157b  lcd_printf                     
0000143d  lcd_putc                       
00001475  lcd_puts                       
00001493  lcd_sendCommand                
000014d1  lcd_sendNibble                 
0000153d  lcd_setCursorPos               
00002019  ldexp                          
00002019  ldexpl                         
000025f1  ltoa                           
000016fd  main                           
20000870  main_func_sp                   
000027ff  memccpy                        
00002205  memcpy                         
0000243d  memset                         
00002019  scalbn                         
00002019  scalbnl                        
0000284d  strchr                         
00002835  strcmp                         
0000288d  strcpy                         
000028a1  strlen                         
00001d9d  timer_getClock                 
00001d51  timer_startClock               
00001ceb  timer_startTimer               
00001da3  timer_stopClock                
00001d3b  timer_stopTimer                
00001cc1  timer_waitMicros               
00001c8d  timer_waitMillis               
000022a1  vsnprintf                      


GLOBAL SYMBOLS: SORTED BY Symbol Address 

address   name                           
-------   ----                           
00000000  __TI_static_base__             
00000000  g_pfnVectors                   
00000800  __STACK_SIZE                   
00001077  __TI_printfi                   
0000137d  lcd_init                       
0000143d  lcd_putc                       
00001475  lcd_puts                       
00001493  lcd_sendCommand                
000014d1  lcd_sendNibble                 
00001515  lcd_gotoLine                   
0000153d  lcd_setCursorPos               
0000157b  lcd_printf                     
00001669  Timer1_init                    
000016fd  main                           
000018e1  __aeabi_uldivmod               
00001ad5  __aeabi_dsub                   
00001adf  __aeabi_dadd                   
00001c8b  __mpu_init                     
00001c8d  timer_waitMillis               
00001cc1  timer_waitMicros               
00001ceb  timer_startTimer               
00001d3b  timer_stopTimer                
00001d51  timer_startClock               
00001d9d  timer_getClock                 
00001da3  timer_stopClock                
00001de5  __aeabi_ddiv                   
00001f1b  __aeabi_dmul                   
00002017  _system_post_cinit             
00002019  ldexp                          
00002019  ldexpl                         
00002019  scalbn                         
00002019  scalbnl                        
00002115  button_init                    
00002141  button_checkButtons            
0000214b  button_getButton               
00002197  button_getButtonBlocking       
000021ab  button_getButtonChange         
000021d5  button_getButtonChangeBlocking 
00002205  __aeabi_memcpy                 
00002205  __aeabi_memcpy4                
00002205  __aeabi_memcpy8                
00002205  memcpy                         
000022a1  vsnprintf                      
00002329  __aeabi_cdcmpeq                
00002329  __aeabi_cdcmple                
000023af  __aeabi_cdrcmple               
00002435  __aeabi_memclr                 
00002435  __aeabi_memclr4                
00002435  __aeabi_memclr8                
00002437  __aeabi_memset                 
00002437  __aeabi_memset4                
00002437  __aeabi_memset8                
0000243d  memset                         
000024b1  __TI_auto_init                 
0000258d  frexp                          
0000258d  frexpl                         
000025f1  ltoa                           
00002649  _c_int00                       
0000269d  C$$EXIT                        
000026a1  abort                          
000026a9  exit                           
000026f1  atoi                           
0000273d  copy_in                        
00002789  __aeabi_d2iz                   
000027d1  __aeabi_i2d                    
000027ff  memccpy                        
0000281d  _args_main                     
00002835  strcmp                         
0000284d  strchr                         
00002865  _register_unlock               
0000286b  _register_lock                 
00002873  _nop                           
00002879  copysign                       
00002879  copysignl                      
0000288d  strcpy                         
000028a1  strlen                         
000028b5  lcd_clear                      
000028c5  __TI_decompress_none           
000028d3  ResetISR                       
000028df  __TI_decompress_rle24          
000028e5  _system_pre_init               
000028e8  _ctypes_                       
00002a1c  __TI_Handler_Table_Base        
00002a24  __TI_CINIT_Base                
00002a24  __TI_Handler_Table_Limit       
00002a34  __TI_CINIT_Limit               
20000000  __stack                        
20000200  __STACK_TOP                    
20000800  __STACK_END                    
20000854  _prevButton                    
20000858  __TI_cleanup_ptr               
2000085c  __TI_dtors_ptr                 
20000860  __TI_enable_exit_profile_output
20000864  _lock                          
20000868  _unlock                        
2000086c  errno                          
20000870  main_func_sp                   
ffffffff  __TI_pprof_out_hndl            
ffffffff  __TI_prof_data_size            
ffffffff  __TI_prof_data_start           
ffffffff  __binit__                      
ffffffff  __c_args__                     
ffffffff  binit                          
UNDEFED   SHT$$INIT_ARRAY$$Base          
UNDEFED   SHT$$INIT_ARRAY$$Limit         

[105 symbols]
