******************************************************************************
                  TI ARM Linker PC v16.9.4                     
******************************************************************************
>> Linked Tue Apr 10 17:40:50 2018

OUTPUT FILE NAME:   <lab9.out>
ENTRY POINT SYMBOL: "_c_int00"  address: 00005115


MEMORY CONFIGURATION

         name            origin    length      used     unused   attr    fill
----------------------  --------  ---------  --------  --------  ----  --------
  FLASH                 00000000   00040000  0000589e  0003a762  R  X
  SRAM                  20000000   00008000  00000b14  000074ec  RW X


SEGMENT ALLOCATION MAP

run origin  load origin   length   init length attrs members
----------  ----------- ---------- ----------- ----- -------
00000000    00000000    000058a8   000058a8    r-x
  00000000    00000000    0000026c   0000026c    r-- .intvecs
  0000026c    0000026c    00005256   00005256    r-x .text
  000054c8    000054c8    00000394   00000394    r-- .const
  00005860    00005860    00000048   00000048    r-- .cinit
20000000    20000000    00000b14   00000000    rw-
  20000000    20000000    0000026c   00000000    rw- .vtable
  2000026c    2000026c    00000800   00000000    rw- .stack
  20000a6c    20000a6c    00000088   00000000    rw- .bss
  20000af4    20000af4    00000020   00000000    rw- .data


SECTION ALLOCATION MAP

 output                                  attributes/
section   page    origin      length       input sections
--------  ----  ----------  ----------   ----------------
.intvecs   0    00000000    0000026c     
                  00000000    0000026c     tm4c123gh6pm_startup_ccs.obj (.intvecs)

.text      0    0000026c    00005256     
                  0000026c    0000113e     rtsv7M4_T_le_v4SPD16_eabi.lib : _printfi.obj (.text)
                  000013aa    00000002                                   : mpu_init.obj (.text)
                  000013ac    00000c18     main.obj (.text)
                  00001fc4    000009ac     rtsv7M4_T_le_v4SPD16_eabi.lib : e_pow.obj (.text)
                  00002970    00000738                                   : k_rem_pio2.obj (.text)
                  000030a8    00000508                                   : s_tan.obj (.text)
                  000035b0    00000320                                   : k_tan.obj (.text)
                  000038d0    000002ec     lcd.obj (.text)
                  00003bbc    000001fc     uart.obj (.text)
                  00003db8    000001f4     rtsv7M4_T_le_v4SPD16_eabi.lib : ull_div_t2.obj (.text)
                  00003fac    000001cc     servo.obj (.text)
                  00004178    000001b6     rtsv7M4_T_le_v4SPD16_eabi.lib : fd_add_t2.obj (.text)
                  0000432e    00000002                                   : startup.obj (.text)
                  00004330    000001b0     sonar.obj (.text)
                  000044e0    00000170     rtsv7M4_T_le_v4SPD16_eabi.lib : e_sqrt.obj (.text)
                  00004650    00000158     timer.obj (.text)
                  000047a8    00000136     rtsv7M4_T_le_v4SPD16_eabi.lib : fd_div_t2.obj (.text)
                  000048de    00000002     --HOLE-- [fill = 0]
                  000048e0    000000fc     ir.obj (.text)
                  000049dc    000000fc     rtsv7M4_T_le_v4SPD16_eabi.lib : fd_mul_t2.obj (.text)
                  00004ad8    000000fc                                   : s_scalbn.obj (.text)
                  00004bd4    000000f8                                   : s_floor.obj (.text)
                  00004ccc    0000009c                                   : memcpy_t2.obj (.text)
                  00004d68    00000088                                   : vsnprintf.obj (.text)
                  00004df0    00000086                                   : fd_cmp_t2.obj (.text:__aeabi_cdcmple)
                  00004e76    00000086                                   : fd_cmp_t2.obj (.text:__aeabi_cdrcmple)
                  00004efc    0000007a                                   : memset_t2.obj (.text)
                  00004f76    00000002     --HOLE-- [fill = 0]
                  00004f78    00000070                                   : autoinit.obj (.text)
                  00004fe8    00000068                                   : copy_decompress_lzss.obj (.text:decompress:lzss)
                  00005050    00000064                                   : s_frexp.obj (.text)
                  000050b4    00000060                                   : sprintf.obj (.text)
                  00005114    00000054                                   : boot.obj (.text)
                  00005168    00000054                                   : exit.obj (.text)
                  000051bc    00000054                                   : ltoa.obj (.text)
                  00005210    0000004c                                   : atoi.obj (.text)
                  0000525c    0000004c                                   : cpy_tbl.obj (.text)
                  000052a8    00000048                                   : fd_toi_t2.obj (.text)
                  000052f0    00000044                                   : fd_tou_t2.obj (.text)
                  00005334    00000034     driverlib.lib : interrupt.obj (.text:IntRegister)
                  00005368    0000002e     rtsv7M4_T_le_v4SPD16_eabi.lib : i_tofd_t2.obj (.text)
                  00005396    00000020                                   : u_tofd_t2.obj (.text)
                  000053b6    0000001c                                   : memccpy.obj (.text)
                  000053d2    00000002     --HOLE-- [fill = 0]
                  000053d4    00000018                                   : args_main.obj (.text)
                  000053ec    00000018                                   : strcmp.obj (.text)
                  00005404    00000016                                   : strchr.obj (.text)
                  0000541a    00000002     --HOLE-- [fill = 0]
                  0000541c    00000014                                   : _lock.obj (.text)
                  00005430    00000014                                   : s_copysign.obj (.text)
                  00005444    00000014                                   : strcpy.obj (.text)
                  00005458    00000014                                   : strlen.obj (.text)
                  0000546c    00000010     driverlib.lib : interrupt.obj (.text:IntMasterEnable)
                  0000547c    00000010     lcd.obj (.text:lcd_clear)
                  0000548c    0000000e     rtsv7M4_T_le_v4SPD16_eabi.lib : copy_decompress_none.obj (.text:decompress:none)
                  0000549a    0000000c     driverlib.lib : cpu.obj (.text:CPUcpsie)
                  000054a6    0000000c     rtsv7M4_T_le_v4SPD16_eabi.lib : copy_zero_init.obj (.text:decompress:ZI)
                  000054b2    0000000c     tm4c123gh6pm_startup_ccs.obj (.text)
                  000054be    00000004     rtsv7M4_T_le_v4SPD16_eabi.lib : pre_init.obj (.text)

.const     0    000054c8    00000394     
                  000054c8    00000158     rtsv7M4_T_le_v4SPD16_eabi.lib : k_rem_pio2.obj (.const:$O1$$)
                  00005620    00000101                                   : ctype.obj (.const:.string:_ctypes_)
                  00005721    00000004     lcd.obj (.const:.string:lineAddress$1)
                  00005725    00000003     --HOLE-- [fill = 0]
                  00005728    00000080     rtsv7M4_T_le_v4SPD16_eabi.lib : k_tan.obj (.const:xxx)
                  000057a8    00000040     main.obj (.const:$P$T2$3)
                  000057e8    00000030     rtsv7M4_T_le_v4SPD16_eabi.lib : e_pow.obj (.const:$O1$$)
                  00005818    00000020     main.obj (.const:$P$T0$1)
                  00005838    00000020     main.obj (.const:$P$T1$2)
                  00005858    00000004     lcd.obj (.const:.string:lineAddresses$2)

.cinit     0    00005860    00000048     
                  00005860    00000011     (.cinit..data.load) [load image, compression = lzss]
                  00005871    00000003     --HOLE-- [fill = 0]
                  00005874    0000000c     (__TI_handler_table)
                  00005880    00000008     (.cinit..bss.load) [load image, compression = zero_init]
                  00005888    00000008     (.cinit..vtable.load) [load image, compression = zero_init]
                  00005890    00000018     (__TI_cinit_table)

.init_array 
*          0    00000000    00000000     UNINITIALIZED

.vtable    0    20000000    0000026c     UNINITIALIZED
                  20000000    0000026c     driverlib.lib : interrupt.obj (.vtable)

.stack     0    2000026c    00000800     UNINITIALIZED
                  2000026c    00000800     --HOLE--

.bss       0    20000a6c    00000088     UNINITIALIZED
                  20000a6c    00000054     lcd.obj (.bss:lastbuffer$3)
                  20000ac0    00000034     (.common:isr_char_buffer)

.data      0    20000af4    00000020     UNINITIALIZED
                  20000af4    0000000c     rtsv7M4_T_le_v4SPD16_eabi.lib : exit.obj (.data:$O1$$)
                  20000b00    00000008                                   : _lock.obj (.data:$O1$$)
                  20000b08    00000004                                   : errno.obj (.data)
                  20000b0c    00000004                                   : stkdepth_vars.obj (.data)
                  20000b10    00000004     uart.obj (.data)

MODULE SUMMARY

       Module                         code    ro data   rw data
       ------                         ----    -------   -------
    .\
       main.obj                       3096    128       0      
       lcd.obj                        764     8         84     
       tm4c123gh6pm_startup_ccs.obj   12      620       0      
       uart.obj                       508     0         56     
       servo.obj                      460     0         0      
       sonar.obj                      432     0         0      
       timer.obj                      344     0         0      
       ir.obj                         252     0         0      
    +--+------------------------------+-------+---------+---------+
       Total:                         5868    756       140    
                                                               
    C:/ti/TivaWare_C_Series-2.1.2.111/driverlib/ccs/Debug/driverlib.lib
       interrupt.obj                  68      0         620    
       cpu.obj                        12      0         0      
    +--+------------------------------+-------+---------+---------+
       Total:                         80      0         620    
                                                               
    C:\ti\ccsv7\tools\compiler\ti-cgt-arm_16.9.4.LTS\lib\rtsv7M4_T_le_v4SPD16_eabi.lib
       _printfi.obj                   4414    0         0      
       e_pow.obj                      2476    48        0      
       k_rem_pio2.obj                 1848    344       0      
       s_tan.obj                      1288    0         0      
       k_tan.obj                      800     128       0      
       ull_div_t2.obj                 500     0         0      
       fd_add_t2.obj                  438     0         0      
       e_sqrt.obj                     368     0         0      
       fd_div_t2.obj                  310     0         0      
       fd_cmp_t2.obj                  268     0         0      
       ctype.obj                      0       257       0      
       fd_mul_t2.obj                  252     0         0      
       s_scalbn.obj                   252     0         0      
       s_floor.obj                    248     0         0      
       memcpy_t2.obj                  156     0         0      
       vsnprintf.obj                  136     0         0      
       memset_t2.obj                  122     0         0      
       autoinit.obj                   112     0         0      
       copy_decompress_lzss.obj       104     0         0      
       s_frexp.obj                    100     0         0      
       exit.obj                       84      0         12     
       sprintf.obj                    96      0         0      
       boot.obj                       84      0         0      
       ltoa.obj                       84      0         0      
       atoi.obj                       76      0         0      
       cpy_tbl.obj                    76      0         0      
       fd_toi_t2.obj                  72      0         0      
       fd_tou_t2.obj                  68      0         0      
       i_tofd_t2.obj                  46      0         0      
       u_tofd_t2.obj                  32      0         0      
       _lock.obj                      20      0         8      
       memccpy.obj                    28      0         0      
       args_main.obj                  24      0         0      
       strcmp.obj                     24      0         0      
       strchr.obj                     22      0         0      
       s_copysign.obj                 20      0         0      
       strcpy.obj                     20      0         0      
       strlen.obj                     20      0         0      
       copy_decompress_none.obj       14      0         0      
       copy_zero_init.obj             12      0         0      
       errno.obj                      0       0         4      
       pre_init.obj                   4       0         0      
       stkdepth_vars.obj              0       0         4      
       mpu_init.obj                   2       0         0      
       startup.obj                    2       0         0      
    +--+------------------------------+-------+---------+---------+
       Total:                         15122   777       28     
                                                               
       Stack:                         0       0         2048   
       Linker Generated:              0       69        0      
    +--+------------------------------+-------+---------+---------+
       Grand Total:                   21070   1602      2836   


LINKER GENERATED COPY TABLES

__TI_cinit_table @ 00005890 records: 3, size/record: 8, table size: 24
	.data: load addr=00005860, load size=00000011 bytes, run addr=20000af4, run size=00000020 bytes, compression=lzss
	.bss: load addr=00005880, load size=00000008 bytes, run addr=20000a6c, run size=00000088 bytes, compression=zero_init
	.vtable: load addr=00005888, load size=00000008 bytes, run addr=20000000, run size=0000026c bytes, compression=zero_init


LINKER GENERATED HANDLER TABLE

__TI_handler_table @ 00005874 records: 3, size/record: 4, table size: 12
	index: 0, handler: __TI_zero_init
	index: 1, handler: __TI_decompress_lzss
	index: 2, handler: __TI_decompress_none


GLOBAL SYMBOLS: SORTED ALPHABETICALLY BY Name 

address   name                           
-------   ----                           
00005169  C$$EXIT                        
0000549b  CPUcpsie                       
000043a7  ClkCyclesToCM                  
00004953  IRVoltstoCM                    
0000546d  IntMasterEnable                
00005335  IntRegister                    
000054b3  ResetISR                       
UNDEFED   SHT$$INIT_ARRAY$$Base          
UNDEFED   SHT$$INIT_ARRAY$$Limit         
00003fad  Timer1_init                    
00003d2d  UART1_Handler                  
20000a6c  __STACK_END                    
00000800  __STACK_SIZE                   
2000046c  __STACK_TOP                    
00005890  __TI_CINIT_Base                
000058a8  __TI_CINIT_Limit               
00005874  __TI_Handler_Table_Base        
00005880  __TI_Handler_Table_Limit       
00004f79  __TI_auto_init                 
20000af4  __TI_cleanup_ptr               
00004fe9  __TI_decompress_lzss           
0000548d  __TI_decompress_none           
20000af8  __TI_dtors_ptr                 
20000afc  __TI_enable_exit_profile_output
ffffffff  __TI_pprof_out_hndl            
00000ab1  __TI_printfi                   
ffffffff  __TI_prof_data_size            
ffffffff  __TI_prof_data_start           
00000000  __TI_static_base__             
000054a7  __TI_zero_init                 
00004df1  __aeabi_cdcmpeq                
00004df1  __aeabi_cdcmple                
00004e77  __aeabi_cdrcmple               
000052a9  __aeabi_d2iz                   
000052f1  __aeabi_d2uiz                  
00004183  __aeabi_dadd                   
000047a9  __aeabi_ddiv                   
000049dd  __aeabi_dmul                   
00004179  __aeabi_dsub                   
00005369  __aeabi_i2d                    
00004efd  __aeabi_memclr                 
00004efd  __aeabi_memclr4                
00004efd  __aeabi_memclr8                
00004ccd  __aeabi_memcpy                 
00004ccd  __aeabi_memcpy4                
00004ccd  __aeabi_memcpy8                
00004eff  __aeabi_memset                 
00004eff  __aeabi_memset4                
00004eff  __aeabi_memset8                
00005397  __aeabi_ui2d                   
00003db9  __aeabi_uldivmod               
ffffffff  __binit__                      
ffffffff  __c_args__                     
00002971  __kernel_rem_pio2              
000035b1  __kernel_tan                   
000013ab  __mpu_init                     
2000026c  __stack                        
000053d5  _args_main                     
00005115  _c_int00                       
00005620  _ctypes_                       
20000b00  _lock                          
0000542b  _nop                           
00005423  _register_lock                 
0000541d  _register_unlock               
0000432f  _system_post_cinit             
000054bf  _system_pre_init               
20000b04  _unlock                        
0000516d  abort                          
00005211  atoi                           
ffffffff  binit                          
0000525d  copy_in                        
00005431  copysign                       
00005431  copysignl                      
20000b08  errno                          
00005175  exit                           
00004bd5  floor                          
00004bd5  floorl                         
00005051  frexp                          
00005051  frexpl                         
20000000  g_pfnRAMVectors                
00000000  g_pfnVectors                   
000048e1  ir_init                        
20000ac0  isr_char_buffer                
20000b10  isr_counter                    
0000547d  lcd_clear                      
00003a69  lcd_gotoLine                   
000038d1  lcd_init                       
00003acf  lcd_printf                     
00003991  lcd_putc                       
000039c9  lcd_puts                       
000039e7  lcd_sendCommand                
00003a25  lcd_sendNibble                 
00003a91  lcd_setCursorPos               
00004ad9  ldexp                          
00004ad9  ldexpl                         
000051bd  ltoa                           
000013ad  main                           
20000b0c  main_func_sp                   
000053b7  memccpy                        
00004ccd  memcpy                         
00004f05  memset                         
00004041  move_servo                     
00004331  ping_init                      
00004441  ping_read                      
00001fc5  pow                            
00001fc5  powl                           
00004ad9  scalbn                         
00004ad9  scalbnl                        
000043d3  send_pulse                     
0000410d  servo_0D                       
00004121  servo_180D                     
00004117  servo_90D                      
000050b5  sprintf                        
000044e1  sqrt                           
000044e1  sqrtl                          
00005405  strchr                         
000053ed  strcmp                         
00005445  strcpy                         
00005459  strlen                         
000030a9  tan                            
000030a9  tanl                           
00004761  timer_getClock                 
00004715  timer_startClock               
000046af  timer_startTimer               
00004767  timer_stopClock                
000046ff  timer_stopTimer                
00004685  timer_waitMicros               
00004651  timer_waitMillis               
00003ceb  uart_flush                     
00003bbd  uart_init                      
00003ca9  uart_receive                   
00003c7f  uart_sendBuffer                
00003c63  uart_sendChar                  
00003d09  uart_sendStr                   
00004d69  vsnprintf                      


GLOBAL SYMBOLS: SORTED BY Symbol Address 

address   name                           
-------   ----                           
00000000  __TI_static_base__             
00000000  g_pfnVectors                   
00000800  __STACK_SIZE                   
00000ab1  __TI_printfi                   
000013ab  __mpu_init                     
000013ad  main                           
00001fc5  pow                            
00001fc5  powl                           
00002971  __kernel_rem_pio2              
000030a9  tan                            
000030a9  tanl                           
000035b1  __kernel_tan                   
000038d1  lcd_init                       
00003991  lcd_putc                       
000039c9  lcd_puts                       
000039e7  lcd_sendCommand                
00003a25  lcd_sendNibble                 
00003a69  lcd_gotoLine                   
00003a91  lcd_setCursorPos               
00003acf  lcd_printf                     
00003bbd  uart_init                      
00003c63  uart_sendChar                  
00003c7f  uart_sendBuffer                
00003ca9  uart_receive                   
00003ceb  uart_flush                     
00003d09  uart_sendStr                   
00003d2d  UART1_Handler                  
00003db9  __aeabi_uldivmod               
00003fad  Timer1_init                    
00004041  move_servo                     
0000410d  servo_0D                       
00004117  servo_90D                      
00004121  servo_180D                     
00004179  __aeabi_dsub                   
00004183  __aeabi_dadd                   
0000432f  _system_post_cinit             
00004331  ping_init                      
000043a7  ClkCyclesToCM                  
000043d3  send_pulse                     
00004441  ping_read                      
000044e1  sqrt                           
000044e1  sqrtl                          
00004651  timer_waitMillis               
00004685  timer_waitMicros               
000046af  timer_startTimer               
000046ff  timer_stopTimer                
00004715  timer_startClock               
00004761  timer_getClock                 
00004767  timer_stopClock                
000047a9  __aeabi_ddiv                   
000048e1  ir_init                        
00004953  IRVoltstoCM                    
000049dd  __aeabi_dmul                   
00004ad9  ldexp                          
00004ad9  ldexpl                         
00004ad9  scalbn                         
00004ad9  scalbnl                        
00004bd5  floor                          
00004bd5  floorl                         
00004ccd  __aeabi_memcpy                 
00004ccd  __aeabi_memcpy4                
00004ccd  __aeabi_memcpy8                
00004ccd  memcpy                         
00004d69  vsnprintf                      
00004df1  __aeabi_cdcmpeq                
00004df1  __aeabi_cdcmple                
00004e77  __aeabi_cdrcmple               
00004efd  __aeabi_memclr                 
00004efd  __aeabi_memclr4                
00004efd  __aeabi_memclr8                
00004eff  __aeabi_memset                 
00004eff  __aeabi_memset4                
00004eff  __aeabi_memset8                
00004f05  memset                         
00004f79  __TI_auto_init                 
00004fe9  __TI_decompress_lzss           
00005051  frexp                          
00005051  frexpl                         
000050b5  sprintf                        
00005115  _c_int00                       
00005169  C$$EXIT                        
0000516d  abort                          
00005175  exit                           
000051bd  ltoa                           
00005211  atoi                           
0000525d  copy_in                        
000052a9  __aeabi_d2iz                   
000052f1  __aeabi_d2uiz                  
00005335  IntRegister                    
00005369  __aeabi_i2d                    
00005397  __aeabi_ui2d                   
000053b7  memccpy                        
000053d5  _args_main                     
000053ed  strcmp                         
00005405  strchr                         
0000541d  _register_unlock               
00005423  _register_lock                 
0000542b  _nop                           
00005431  copysign                       
00005431  copysignl                      
00005445  strcpy                         
00005459  strlen                         
0000546d  IntMasterEnable                
0000547d  lcd_clear                      
0000548d  __TI_decompress_none           
0000549b  CPUcpsie                       
000054a7  __TI_zero_init                 
000054b3  ResetISR                       
000054bf  _system_pre_init               
00005620  _ctypes_                       
00005874  __TI_Handler_Table_Base        
00005880  __TI_Handler_Table_Limit       
00005890  __TI_CINIT_Base                
000058a8  __TI_CINIT_Limit               
20000000  g_pfnRAMVectors                
2000026c  __stack                        
2000046c  __STACK_TOP                    
20000a6c  __STACK_END                    
20000ac0  isr_char_buffer                
20000af4  __TI_cleanup_ptr               
20000af8  __TI_dtors_ptr                 
20000afc  __TI_enable_exit_profile_output
20000b00  _lock                          
20000b04  _unlock                        
20000b08  errno                          
20000b0c  main_func_sp                   
20000b10  isr_counter                    
ffffffff  __TI_pprof_out_hndl            
ffffffff  __TI_prof_data_size            
ffffffff  __TI_prof_data_start           
ffffffff  __binit__                      
ffffffff  __c_args__                     
ffffffff  binit                          
UNDEFED   SHT$$INIT_ARRAY$$Base          
UNDEFED   SHT$$INIT_ARRAY$$Limit         

[135 symbols]
